Component: ARM Compiler 5.06 update 6 (build 750) Tool: armlink [4d35ed]

==============================================================================

Section Cross References

    startup_stm32f103xb.o(RESET) refers to startup_stm32f103xb.o(STACK) for __initial_sp
    startup_stm32f103xb.o(RESET) refers to startup_stm32f103xb.o(.text) for Reset_Handler
    startup_stm32f103xb.o(RESET) refers to stm32f1xx_it.o(i.NMI_Handler) for NMI_Handler
    startup_stm32f103xb.o(RESET) refers to stm32f1xx_it.o(i.HardFault_Handler) for HardFault_Handler
    startup_stm32f103xb.o(RESET) refers to stm32f1xx_it.o(i.MemManage_Handler) for MemManage_Handler
    startup_stm32f103xb.o(RESET) refers to stm32f1xx_it.o(i.BusFault_Handler) for BusFault_Handler
    startup_stm32f103xb.o(RESET) refers to stm32f1xx_it.o(i.UsageFault_Handler) for UsageFault_Handler
    startup_stm32f103xb.o(RESET) refers to stm32f1xx_it.o(i.SVC_Handler) for SVC_Handler
    startup_stm32f103xb.o(RESET) refers to stm32f1xx_it.o(i.DebugMon_Handler) for DebugMon_Handler
    startup_stm32f103xb.o(RESET) refers to stm32f1xx_it.o(i.PendSV_Handler) for PendSV_Handler
    startup_stm32f103xb.o(RESET) refers to stm32f1xx_it.o(i.SysTick_Handler) for SysTick_Handler
    startup_stm32f103xb.o(RESET) refers to stm32f1xx_it.o(i.TIM2_IRQHandler) for TIM2_IRQHandler
    startup_stm32f103xb.o(RESET) refers to stm32f1xx_it.o(i.SPI1_IRQHandler) for SPI1_IRQHandler
    startup_stm32f103xb.o(RESET) refers to stm32f1xx_it.o(i.USART1_IRQHandler) for USART1_IRQHandler
    startup_stm32f103xb.o(.text) refers to system_stm32f1xx.o(i.SystemInit) for SystemInit
    startup_stm32f103xb.o(.text) refers to entry.o(.ARM.Collect$$$$00000000) for __main
    ili9341_stm32_driver.o(i.ILI9341_Draw_Colour) refers to stm32f1xx_hal_gpio.o(i.HAL_GPIO_WritePin) for HAL_GPIO_WritePin
    ili9341_stm32_driver.o(i.ILI9341_Draw_Colour) refers to stm32f1xx_hal_spi.o(i.HAL_SPI_Transmit) for HAL_SPI_Transmit
    ili9341_stm32_driver.o(i.ILI9341_Draw_Colour) refers to main.o(.bss) for hspi1
    ili9341_stm32_driver.o(i.ILI9341_Draw_Colour_Burst) refers to stm32f1xx_hal_gpio.o(i.HAL_GPIO_WritePin) for HAL_GPIO_WritePin
    ili9341_stm32_driver.o(i.ILI9341_Draw_Colour_Burst) refers to malloc.o(i.malloc) for malloc
    ili9341_stm32_driver.o(i.ILI9341_Draw_Colour_Burst) refers to stm32f1xx_hal_spi.o(i.HAL_SPI_Transmit) for HAL_SPI_Transmit
    ili9341_stm32_driver.o(i.ILI9341_Draw_Colour_Burst) refers to malloc.o(i.free) for free
    ili9341_stm32_driver.o(i.ILI9341_Draw_Colour_Burst) refers to main.o(.bss) for hspi1
    ili9341_stm32_driver.o(i.ILI9341_Draw_Horizontal_Line) refers to ili9341_stm32_driver.o(i.ILI9341_Set_Address) for ILI9341_Set_Address
    ili9341_stm32_driver.o(i.ILI9341_Draw_Horizontal_Line) refers to ili9341_stm32_driver.o(i.ILI9341_Draw_Colour_Burst) for ILI9341_Draw_Colour_Burst
    ili9341_stm32_driver.o(i.ILI9341_Draw_Horizontal_Line) refers to ili9341_stm32_driver.o(.data) for .data
    ili9341_stm32_driver.o(i.ILI9341_Draw_Pixel) refers to stm32f1xx_hal_gpio.o(i.HAL_GPIO_WritePin) for HAL_GPIO_WritePin
    ili9341_stm32_driver.o(i.ILI9341_Draw_Pixel) refers to ili9341_stm32_driver.o(i.ILI9341_SPI_Send) for ILI9341_SPI_Send
    ili9341_stm32_driver.o(i.ILI9341_Draw_Pixel) refers to stm32f1xx_hal_spi.o(i.HAL_SPI_Transmit) for HAL_SPI_Transmit
    ili9341_stm32_driver.o(i.ILI9341_Draw_Pixel) refers to ili9341_stm32_driver.o(.data) for .data
    ili9341_stm32_driver.o(i.ILI9341_Draw_Pixel) refers to main.o(.bss) for hspi1
    ili9341_stm32_driver.o(i.ILI9341_Draw_Rectangle) refers to ili9341_stm32_driver.o(i.ILI9341_Set_Address) for ILI9341_Set_Address
    ili9341_stm32_driver.o(i.ILI9341_Draw_Rectangle) refers to ili9341_stm32_driver.o(i.ILI9341_Draw_Colour_Burst) for ILI9341_Draw_Colour_Burst
    ili9341_stm32_driver.o(i.ILI9341_Draw_Rectangle) refers to ili9341_stm32_driver.o(.data) for .data
    ili9341_stm32_driver.o(i.ILI9341_Draw_Vertical_Line) refers to ili9341_stm32_driver.o(i.ILI9341_Set_Address) for ILI9341_Set_Address
    ili9341_stm32_driver.o(i.ILI9341_Draw_Vertical_Line) refers to ili9341_stm32_driver.o(i.ILI9341_Draw_Colour_Burst) for ILI9341_Draw_Colour_Burst
    ili9341_stm32_driver.o(i.ILI9341_Draw_Vertical_Line) refers to ili9341_stm32_driver.o(.data) for .data
    ili9341_stm32_driver.o(i.ILI9341_Enable) refers to stm32f1xx_hal_gpio.o(i.HAL_GPIO_WritePin) for HAL_GPIO_WritePin
    ili9341_stm32_driver.o(i.ILI9341_Fill_Screen) refers to ili9341_stm32_driver.o(i.ILI9341_Set_Address) for ILI9341_Set_Address
    ili9341_stm32_driver.o(i.ILI9341_Fill_Screen) refers to ili9341_stm32_driver.o(i.ILI9341_Draw_Colour_Burst) for ILI9341_Draw_Colour_Burst
    ili9341_stm32_driver.o(i.ILI9341_Fill_Screen) refers to ili9341_stm32_driver.o(.data) for .data
    ili9341_stm32_driver.o(i.ILI9341_Init) refers to ili9341_stm32_driver.o(i.ILI9341_Enable) for ILI9341_Enable
[...]
    i.HAL_RCC_GetPCLK1Freq                   0x08001424   Section        0  stm32f1xx_hal_rcc.o(i.HAL_RCC_GetPCLK1Freq)
    i.HAL_RCC_GetPCLK2Freq                   0x08001444   Section        0  stm32f1xx_hal_rcc.o(i.HAL_RCC_GetPCLK2Freq)
    i.HAL_RCC_GetSysClockFreq                0x08001464   Section        0  stm32f1xx_hal_rcc.o(i.HAL_RCC_GetSysClockFreq)
    i.HAL_RCC_OscConfig                      0x080014d8   Section        0  stm32f1xx_hal_rcc.o(i.HAL_RCC_OscConfig)
    i.HAL_SPI_ErrorCallback                  0x08001830   Section        0  stm32f1xx_hal_spi.o(i.HAL_SPI_ErrorCallback)
    i.HAL_SPI_IRQHandler                     0x08001834   Section        0  stm32f1xx_hal_spi.o(i.HAL_SPI_IRQHandler)
    i.HAL_SPI_Init                           0x08001908   Section        0  stm32f1xx_hal_spi_ex.o(i.HAL_SPI_Init)
    i.HAL_SPI_MspInit                        0x0800198c   Section        0  stm32f1xx_hal_msp.o(i.HAL_SPI_MspInit)
    i.HAL_SPI_Transmit                       0x08001a38   Section        0  stm32f1xx_hal_spi.o(i.HAL_SPI_Transmit)
    i.HAL_SYSTICK_CLKSourceConfig            0x08001bb4   Section        0  stm32f1xx_hal_cortex.o(i.HAL_SYSTICK_CLKSourceConfig)
    i.HAL_SYSTICK_Callback                   0x08001bd0   Section        0  stm32f1xx_hal_cortex.o(i.HAL_SYSTICK_Callback)
    i.HAL_SYSTICK_Config                     0x08001bd2   Section        0  stm32f1xx_hal_cortex.o(i.HAL_SYSTICK_Config)
    i.HAL_SYSTICK_IRQHandler                 0x08001bfa   Section        0  stm32f1xx_hal_cortex.o(i.HAL_SYSTICK_IRQHandler)
    i.HAL_TIMEx_BreakCallback                0x08001c02   Section        0  stm32f1xx_hal_tim_ex.o(i.HAL_TIMEx_BreakCallback)
    i.HAL_TIMEx_CommutationCallback          0x08001c04   Section        0  stm32f1xx_hal_tim_ex.o(i.HAL_TIMEx_CommutationCallback)
    i.HAL_TIMEx_MasterConfigSynchronization  0x08001c06   Section        0  stm32f1xx_hal_tim_ex.o(i.HAL_TIMEx_MasterConfigSynchronization)
    i.HAL_TIM_Base_Init                      0x08001c56   Section        0  stm32f1xx_hal_tim.o(i.HAL_TIM_Base_Init)
    i.HAL_TIM_Base_MspInit                   0x08001c90   Section        0  stm32f1xx_hal_msp.o(i.HAL_TIM_Base_MspInit)
    i.HAL_TIM_Base_Start_IT                  0x08001cc8   Section        0  stm32f1xx_hal_tim.o(i.HAL_TIM_Base_Start_IT)
    i.HAL_TIM_ConfigClockSource              0x08001ce0   Section        0  stm32f1xx_hal_tim.o(i.HAL_TIM_ConfigClockSource)
    i.HAL_TIM_IC_CaptureCallback             0x08001dee   Section        0  stm32f1xx_hal_tim.o(i.HAL_TIM_IC_CaptureCallback)
    i.HAL_TIM_IRQHandler                     0x08001df0   Section        0  stm32f1xx_hal_tim.o(i.HAL_TIM_IRQHandler)
    i.HAL_TIM_OC_DelayElapsedCallback        0x08001f5e   Section        0  stm32f1xx_hal_tim.o(i.HAL_TIM_OC_DelayElapsedCallback)
    i.HAL_TIM_PWM_PulseFinishedCallback      0x08001f60   Section        0  stm32f1xx_hal_tim.o(i.HAL_TIM_PWM_PulseFinishedCallback)
    i.HAL_TIM_PeriodElapsedCallback          0x08001f62   Section        0  stm32f1xx_hal_tim.o(i.HAL_TIM_PeriodElapsedCallback)
    i.HAL_TIM_TriggerCallback                0x08001f64   Section        0  stm32f1xx_hal_tim.o(i.HAL_TIM_TriggerCallback)
    i.HAL_UART_ErrorCallback                 0x08001f66   Section        0  stm32f1xx_hal_uart.o(i.HAL_UART_ErrorCallback)
    i.HAL_UART_IRQHandler                    0x08001f68   Section        0  stm32f1xx_hal_uart.o(i.HAL_UART_IRQHandler)
    i.HAL_UART_Init                          0x08002078   Section        0  stm32f1xx_hal_uart.o(i.HAL_UART_Init)
    i.HAL_UART_MspInit                       0x080020dc   Section        0  stm32f1xx_hal_msp.o(i.HAL_UART_MspInit)
    i.HAL_UART_RxCpltCallback                0x08002144   Section        0  stm32f1xx_hal_uart.o(i.HAL_UART_RxCpltCallback)
    i.HAL_UART_Transmit                      0x08002146   Section        0  stm32f1xx_hal_uart.o(i.HAL_UART_Transmit)
    i.HAL_UART_TxCpltCallback                0x08002212   Section        0  stm32f1xx_hal_uart.o(i.HAL_UART_TxCpltCallback)
    i.HardFault_Handler                      0x08002214   Section        0  stm32f1xx_it.o(i.HardFault_Handler)
    i.I2C_IsAcknowledgeFailed                0x08002216   Section        0  stm32f1xx_hal_i2c.o(i.I2C_IsAcknowledgeFailed)
    I2C_IsAcknowledgeFailed                  0x08002217   Thumb Code    40  stm32f1xx_hal_i2c.o(i.I2C_IsAcknowledgeFailed)
    i.I2C_RequestMemoryRead                  0x08002240   Section        0  stm32f1xx_hal_i2c.o(i.I2C_RequestMemoryRead)
    I2C_RequestMemoryRead                    0x08002241   Thumb Code   318  stm32f1xx_hal_i2c.o(i.I2C_RequestMemoryRead)
    i.I2C_RequestMemoryWrite                 0x08002384   Section        0  stm32f1xx_hal_i2c.o(i.I2C_RequestMemoryWrite)
    I2C_RequestMemoryWrite                   0x08002385   Thumb Code   194  stm32f1xx_hal_i2c.o(i.I2C_RequestMemoryWrite)
    i.I2C_WaitOnBTFFlagUntilTimeout          0x0800244c   Section        0  stm32f1xx_hal_i2c.o(i.I2C_WaitOnBTFFlagUntilTimeout)
    I2C_WaitOnBTFFlagUntilTimeout            0x0800244d   Thumb Code    76  stm32f1xx_hal_i2c.o(i.I2C_WaitOnBTFFlagUntilTimeout)
    i.I2C_WaitOnFlagUntilTimeout             0x08002498   Section        0  stm32f1xx_hal_i2c.o(i.I2C_WaitOnFlagUntilTimeout)
    I2C_WaitOnFlagUntilTimeout               0x08002499   Thumb Code   116  stm32f1xx_hal_i2c.o(i.I2C_WaitOnFlagUntilTimeout)
    i.I2C_WaitOnMasterAddressFlagUntilTimeout 0x0800250c   Section        0  stm32f1xx_hal_i2c.o(i.I2C_WaitOnMasterAddressFlagUntilTimeout)
    I2C_WaitOnMasterAddressFlagUntilTimeout  0x0800250d   Thumb Code   148  stm32f1xx_hal_i2c.o(i.I2C_WaitOnMasterAddressFlagUntilTimeout)
    i.I2C_WaitOnRXNEFlagUntilTimeout         0x080025a0   Section        0  stm32f1xx_hal_i2c.o(i.I2C_WaitOnRXNEFlagUntilTimeout)
    I2C_WaitOnRXNEFlagUntilTimeout           0x080025a1   Thumb Code    98  stm32f1xx_hal_i2c.o(i.I2C_WaitOnRXNEFlagUntilTimeout)
    i.I2C_WaitOnTXEFlagUntilTimeout          0x08002602   Section        0  stm32f1xx_hal_i2c.o(i.I2C_WaitOnTXEFlagUntilTimeout)
    I2C_WaitOnTXEFlagUntilTimeout            0x08002603   Thumb Code    76  stm32f1xx_hal_i2c.o(i.I2C_WaitOnTXEFlagUntilTimeout)
    i.ILI9341_Draw_Char                      0x08002650   Section        0  ili9341_gfx.o(i.ILI9341_Draw_Char)
    i.ILI9341_Draw_Colour_Burst              0x080026f8   Section        0  ili9341_stm32_driver.o(i.ILI9341_Draw_Colour_Burst)
    i.ILI9341_Draw_Filled_Rectangle_Coord    0x0800279c   Section        0  ili9341_gfx.o(i.ILI9341_Draw_Filled_Rectangle_Coord)
    i.ILI9341_Draw_Pixel                     0x080027dc   Section        0  ili9341_stm32_driver.o(i.ILI9341_Draw_Pixel)
    i.ILI9341_Draw_Rectangle                 0x0800293c   Section        0  ili9341_stm32_driver.o(i.ILI9341_Draw_Rectangle)
    i.ILI9341_Draw_Text                      0x0800299c   Section        0  ili9341_gfx.o(i.ILI9341_Draw_Text)
    i.ILI9341_Enable                         0x080029d4   Section        0  ili9341_stm32_driver.o(i.ILI9341_Enable)
    i.ILI9341_Fill_Screen                    0x080029e4   Section        0  ili9341_stm32_driver.o(i.ILI9341_Fill_Screen)
    i.ILI9341_Init                           0x08002a0c   Section        0  ili9341_stm32_driver.o(i.ILI9341_Init)
    i.ILI9341_Reset                          0x08002c24   Section        0  ili9341_stm32_driver.o(i.ILI9341_Reset)
    i.ILI9341_SPI_Init                       0x08002c64   Section        0  ili9341_stm32_driver.o(i.ILI9341_SPI_Init)
    i.ILI9341_SPI_Send                       0x08002c74   Section        0  ili9341_stm32_driver.o(i.ILI9341_SPI_Send)
    i.ILI9341_Set_Address                    0x08002c88   Section        0  ili9341_stm32_driver.o(i.ILI9341_Set_Address)
    i.ILI9341_Set_Rotation                   0x08002cdc   Section        0  ili9341_stm32_driver.o(i.ILI9341_Set_Rotation)
    i.ILI9341_Write_Command                  0x08002d3c   Section        0  ili9341_stm32_driver.o(i.ILI9341_Write_Command)
    i.ILI9341_Write_Data                     0x08002d78   Section        0  ili9341_stm32_driver.o(i.ILI9341_Write_Data)
    i.MX_GPIO_Init                           0x08002db4   Section        0  main.o(i.MX_GPIO_Init)
    MX_GPIO_Init                             0x08002db5   Thumb Code   252  main.o(i.MX_GPIO_Init)
    i.MX_I2C1_Init                           0x08002ec0   Section        0  main.o(i.MX_I2C1_Init)
    MX_I2C1_Init                             0x08002ec1   Thumb Code    52  main.o(i.MX_I2C1_Init)
    i.MX_SPI1_Init                           0x08002f10   Section        0  main.o(i.MX_SPI1_Init)
    MX_SPI1_Init                             0x08002f11   Thumb Code    64  main.o(i.MX_SPI1_Init)
    i.MX_SPI2_Init                           0x08002f68   Section        0  main.o(i.MX_SPI2_Init)
    MX_SPI2_Init                             0x08002f69   Thumb Code    64  main.o(i.MX_SPI2_Init)
    i.MX_TIM2_Init                           0x08002fc0   Section        0  main.o(i.MX_TIM2_Init)
    MX_TIM2_Init                             0x08002fc1   Thumb Code   102  main.o(i.MX_TIM2_Init)
    i.MX_USART1_UART_Init                    0x0800303c   Section        0  main.o(i.MX_USART1_UART_Init)
    MX_USART1_UART_Init                      0x0800303d   Thumb Code    50  main.o(i.MX_USART1_UART_Init)
    i.MemManage_Handler                      0x08003088   Section        0  stm32f1xx_it.o(i.MemManage_Handler)
    i.NMI_Handler                            0x0800308a   Section        0  stm32f1xx_it.o(i.NMI_Handler)
    i.NVIC_SetPriority                       0x0800308c   Section        0  stm32f1xx_hal_cortex.o(i.NVIC_SetPriority)
    NVIC_SetPriority                         0x0800308d   Thumb Code    32  stm32f1xx_hal_cortex.o(i.NVIC_SetPriority)
    i.PendSV_Handler                         0x080030ac   Section        0  stm32f1xx_it.o(i.PendSV_Handler)
    i.RCC_Delay                              0x080030b0   Section        0  stm32f1xx_hal_rcc.o(i.RCC_Delay)
    RCC_Delay                                0x080030b1   Thumb Code    30  stm32f1xx_hal_rcc.o(i.RCC_Delay)
    i.RTC_ConvertFromBinDec                  0x080030d4   Section        0  clock_ds3231.o(i.RTC_ConvertFromBinDec)
    i.RTC_ConvertFromDec                     0x080030ea   Section        0  clock_ds3231.o(i.RTC_ConvertFromDec)
    i.SPI1_IRQHandler                        0x080030fc   Section        0  stm32f1xx_it.o(i.SPI1_IRQHandler)
    i.SPI_CheckFlag_BSY                      0x08003108   Section        0  stm32f1xx_hal_spi.o(i.SPI_CheckFlag_BSY)
    SPI_CheckFlag_BSY                        0x08003109   Thumb Code    36  stm32f1xx_hal_spi.o(i.SPI_CheckFlag_BSY)
    i.SPI_DMAAbortOnError                    0x0800312c   Section        0  stm32f1xx_hal_spi.o(i.SPI_DMAAbortOnError)
    SPI_DMAAbortOnError                      0x0800312d   Thumb Code    16  stm32f1xx_hal_spi.o(i.SPI_DMAAbortOnError)
    i.SPI_WaitFlagStateUntilTimeout          0x0800313c   Section        0  stm32f1xx_hal_spi.o(i.SPI_WaitFlagStateUntilTimeout)
    SPI_WaitFlagStateUntilTimeout            0x0800313d   Thumb Code   148  stm32f1xx_hal_spi.o(i.SPI_WaitFlagStateUntilTimeout)
    i.SVC_Handler                            0x080031d0   Section        0  stm32f1xx_it.o(i.SVC_Handler)
    i.SysTick_Handler                        0x080031d2   Section        0  stm32f1xx_it.o(i.SysTick_Handler)
    i.SystemClock_Config                     0x080031e0   Section        0  main.o(i.SystemClock_Config)
    i.SystemInit                             0x08003268   Section        0  system_stm32f1xx.o(i.SystemInit)
    i.TIM2_IRQHandler                        0x080032b0   Section        0  stm32f1xx_it.o(i.TIM2_IRQHandler)
    i.TIM_Base_SetConfig                     0x08003310   Section        0  stm32f1xx_hal_tim.o(i.TIM_Base_SetConfig)
    i.TIM_ETR_SetConfig                      0x0800337c   Section        0  stm32f1xx_hal_tim.o(i.TIM_ETR_SetConfig)
    TIM_ETR_SetConfig                        0x0800337d   Thumb Code    20  stm32f1xx_hal_tim.o(i.TIM_ETR_SetConfig)
    i.TIM_ITRx_SetConfig                     0x08003390   Section        0  stm32f1xx_hal_tim.o(i.TIM_ITRx_SetConfig)
    TIM_ITRx_SetConfig                       0x08003391   Thumb Code    16  stm32f1xx_hal_tim.o(i.TIM_ITRx_SetConfig)
    i.TIM_TI1_ConfigInputStage               0x080033a0   Section        0  stm32f1xx_hal_tim.o(i.TIM_TI1_ConfigInputStage)
    TIM_TI1_ConfigInputStage                 0x080033a1   Thumb Code    34  stm32f1xx_hal_tim.o(i.TIM_TI1_ConfigInputStage)
    i.TIM_TI2_ConfigInputStage               0x080033c2   Section        0  stm32f1xx_hal_tim.o(i.TIM_TI2_ConfigInputStage)
    TIM_TI2_ConfigInputStage                 0x080033c3   Thumb Code    36  stm32f1xx_hal_tim.o(i.TIM_TI2_ConfigInputStage)
    i.UART_DMAAbortOnError                   0x080033e6   Section        0  stm32f1xx_hal_uart.o(i.UART_DMAAbortOnError)
    UART_DMAAbortOnError                     0x080033e7   Thumb Code    16  stm32f1xx_hal_uart.o(i.UART_DMAAbortOnError)
    i.UART_EndRxTransfer                     0x080033f6   Section        0  stm32f1xx_hal_uart.o(i.UART_EndRxTransfer)
    UART_EndRxTransfer                       0x080033f7   Thumb Code    28  stm32f1xx_hal_uart.o(i.UART_EndRxTransfer)
    i.UART_EndTransmit_IT                    0x08003412   Section        0  stm32f1xx_hal_uart.o(i.UART_EndTransmit_IT)
    UART_EndTransmit_IT                      0x08003413   Thumb Code    26  stm32f1xx_hal_uart.o(i.UART_EndTransmit_IT)
    i.UART_Receive_IT                        0x0800342c   Section        0  stm32f1xx_hal_uart.o(i.UART_Receive_IT)
    UART_Receive_IT                          0x0800342d   Thumb Code   156  stm32f1xx_hal_uart.o(i.UART_Receive_IT)
    i.UART_SetConfig                         0x080034c8   Section        0  stm32f1xx_hal_uart.o(i.UART_SetConfig)
    UART_SetConfig                           0x080034c9   Thumb Code   408  stm32f1xx_hal_uart.o(i.UART_SetConfig)
    i.UART_Transmit_IT                       0x08003664   Section        0  stm32f1xx_hal_uart.o(i.UART_Transmit_IT)
    UART_Transmit_IT                         0x08003665   Thumb Code   102  stm32f1xx_hal_uart.o(i.UART_Transmit_IT)
    i.UART_WaitOnFlagUntilTimeout            0x080036ca   Section        0  stm32f1xx_hal_uart.o(i.UART_WaitOnFlagUntilTimeout)
    UART_WaitOnFlagUntilTimeout              0x080036cb   Thumb Code   100  stm32f1xx_hal_uart.o(i.UART_WaitOnFlagUntilTimeout)
    i.USART1_IRQHandler                      0x08003730   Section        0  stm32f1xx_it.o(i.USART1_IRQHandler)
    i.UsageFault_Handler                     0x0800373c   Section        0  stm32f1xx_it.o(i.UsageFault_Handler)
    i.WRITE_DATA                             0x08003740   Section        0  clock_ds3231.o(i.WRITE_DATA)
    i._Error_Handler                         0x080037e0   Section        0  main.o(i._Error_Handler)
    i.__0sprintf                             0x080037e4   Section        0  printfa.o(i.__0sprintf)
    i.__scatterload_copy                     0x0800380c   Section       14  handlers.o(i.__scatterload_copy)
    i.__scatterload_null                     0x0800381a   Section        2  handlers.o(i.__scatterload_null)
    i.__scatterload_zeroinit                 0x0800381c   Section       14  handlers.o(i.__scatterload_zeroinit)
    i._fp_digits                             0x0800382c   Section        0  printfa.o(i._fp_digits)
    _fp_digits                               0x0800382d   Thumb Code   366  printfa.o(i._fp_digits)
    i._printf_core                           0x080039b0   Section        0  printfa.o(i._printf_core)
    _printf_core                             0x080039b1   Thumb Code  1744  printfa.o(i._printf_core)
    i._printf_post_padding                   0x0800408c   Section        0  printfa.o(i._printf_post_padding)
    _printf_post_padding                     0x0800408d   Thumb Code    36  printfa.o(i._printf_post_padding)
    i._printf_pre_padding                    0x080040b0   Section        0  printfa.o(i._printf_pre_padding)
    _printf_pre_padding                      0x080040b1   Thumb Code    46  printfa.o(i._printf_pre_padding)
    i._sputc                                 0x080040de   Section        0  printfa.o(i._sputc)
    _sputc                                   0x080040df   Thumb Code    10  printfa.o(i._sputc)
    i.calulete_humidity                      0x080040e8   Section        0  bme280.o(i.calulete_humidity)
    i.calulete_preasure                      0x0800420c   Section        0  bme280.o(i.calulete_preasure)
    i.calulete_temperature                   0x08004478   Section        0  bme280.o(i.calulete_temperature)
    i.free                                   0x08004594   Section        0  malloc.o(i.free)
    i.init_BME280                            0x080045e4   Section        0  bme280.o(i.init_BME280)
    i.init_LCD_ILI9341                       0x08004eec   Section        0  clock_ds3231.o(i.init_LCD_ILI9341)
    i.main                                   0x08004fc0   Section        0  main.o(i.main)
    i.malloc                                 0x080050b0   Section        0  malloc.o(i.malloc)
    i.print_MEMS_in_LCD                      0x0800511c   Section        0  clock_ds3231.o(i.print_MEMS_in_LCD)
    i.print_colon_in_LCD                     0x08005244   Section        0  clock_ds3231.o(i.print_colon_in_LCD)
    i.print_data_on_LCD                      0x0800526c   Section        0  clock_ds3231.o(i.print_data_on_LCD)
    i.print_dates_in_LCD                     0x080052e0   Section        0  clock_ds3231.o(i.print_dates_in_LCD)
    i.print_days_in_LCD                      0x080053a0   Section        0  clock_ds3231.o(i.print_days_in_LCD)
    i.print_hours_in_LCD                     0x08005460   Section        0  clock_ds3231.o(i.print_hours_in_LCD)
    i.print_minutes_in_LCD                   0x080054f8   Section        0  clock_ds3231.o(i.print_minutes_in_LCD)
    i.print_months_in_LCD                    0x08005578   Section        0  clock_ds3231.o(i.print_months_in_LCD)
    i.print_seconds_in_LCD                   0x080055e8   Section        0  clock_ds3231.o(i.print_seconds_in_LCD)
    i.print_year_in_LCD                      0x08005644   Section        0  clock_ds3231.o(i.print_year_in_LCD)
    i.read_data_BME280                       0x08005698   Section        0  bme280.o(i.read_data_BME280)
    i.read_data_from_DS3231                  0x08005860   Section        0  clock_ds3231.o(i.read_data_from_DS3231)
    i.select_dates                           0x0800595c   Section        0  clock_ds3231.o(i.select_dates)
    i.select_days                            0x08005b24   Section        0  clock_ds3231.o(i.select_days)
    i.select_hours                           0x08005d80   Section        0  clock_ds3231.o(i.select_hours)
    i.select_minutes                         0x08006070   Section        0  clock_ds3231.o(i.select_minutes)
    i.select_month                           0x08006284   Section        0  clock_ds3231.o(i.select_month)
    i.select_seconds                         0x0800644c   Section        0  clock_ds3231.o(i.select_seconds)
    i.select_year                            0x080065ec   Section        0  clock_ds3231.o(i.select_year)
    .constdata                               0x080067b0   Section      576  ili9341_gfx.o(.constdata)
    font                                     0x080067b0   Data         576  ili9341_gfx.o(.constdata)
    .constdata                               0x080069f0   Section      167  bme280.o(.constdata)
    .constdata                               0x08006a97   Section       16  system_stm32f1xx.o(.constdata)
    .constdata                               0x08006aa7   Section        8  system_stm32f1xx.o(.constdata)
    .data                                    0x20000000   Section        4  ili9341_stm32_driver.o(.data)
    .data                                    0x20000004   Section       47  clock_ds3231.o(.data)
    .data                                    0x20000034   Section       52  bme280.o(.data)
    .data                                    0x20000068   Section        4  main.o(.data)
    .data                                    0x2000006c   Section        2  main.o(.data)
    .data                                    0x20000070   Section        4  main.o(.data)
    .data                                    0x20000074   Section        4  main.o(.data)
    .data                                    0x20000078   Section        4  main.o(.data)
    .data                                    0x2000007c   Section       20  main.o(.data)
    .data                                    0x20000090   Section        4  main.o(.data)
    .data                                    0x20000094   Section        4  main.o(.data)
    .data                                    0x20000098   Section        1  main.o(.data)
    .data                                    0x20000099   Section        1  main.o(.data)
    .data                                    0x2000009a   Section        1  main.o(.data)
    .data                                    0x2000009b   Section        1  main.o(.data)
    .data                                    0x2000009c   Section        1  main.o(.data)
    .data                                    0x2000009d   Section        1  main.o(.data)
    .data                                    0x2000009e   Section        1  main.o(.data)
    .data                                    0x2000009f   Section        1  main.o(.data)
    .data                                    0x200000a0   Section        1  main.o(.data)
    .data                                    0x200000a1   Section        1  main.o(.data)
    .data                                    0x200000a2   Section        1  main.o(.data)
    .data                                    0x200000a3   Section        1  main.o(.data)
    .data                                    0x200000a4   Section        1  main.o(.data)
    .data                                    0x200000a5   Section        1  main.o(.data)
    .data                                    0x200000a8   Section        4  main.o(.data)
    .data                                    0x200000ac   Section       12  stm32f1xx_hal.o(.data)
    .data                                    0x200000b8   Section        4  system_stm32f1xx.o(.data)
    .data                                    0x200000bc   Section        4  mvars.o(.data)
    .data                                    0x200000c0   Section        4  mvars.o(.data)
    .bss                                     0x200000c4   Section       35  clock_ds3231.o(.bss)
    .bss                                     0x200000e7   Section       60  bme280.o(.bss)
    .bss                                     0x20000123   Section       10  main.o(.bss)
    .bss                                     0x2000012d   Section       20  main.o(.bss)
    .bss                                     0x20000141   Section       20  main.o(.bss)
    .bss                                     0x20000158   Section      388  main.o(.bss)
    HEAP                                     0x200002e0   Section      512  startup_stm32f103xb.o(HEAP)
    STACK                                    0x200004e0   Section     1024  startup_stm32f103xb.o(STACK)

    Global Symbols

    Symbol Name                              Value     Ov Type        Size  Object(Section)

    BuildAttributes$$THM_ISAv4$P$D$K$B$S$PE$A:L22UL41UL21$X:L11$S22US41US21$IEEE1$IW$USESV6$~STKCKD$USESV7$~SHL$OTIME$ROPI$EBA8$MICROLIB$REQ8$PRES8$EABIv2 0x00000000   Number         0  anon$$obj.o ABSOLUTE
    __ARM_use_no_argv                        0x00000000   Number         0  main.o ABSOLUTE
    _printf_a                                0x00000000   Number         0  stubs.o ABSOLUTE
    _printf_c                                0x00000000   Number         0  stubs.o ABSOLUTE
    _printf_charcount                        0x00000000   Number         0  stubs.o ABSOLUTE
    _printf_d                                0x00000000   Number         0  stubs.o ABSOLUTE
    _printf_e                                0x00000000   Number         0  stubs.o ABSOLUTE
    _printf_f                                0x00000000   Number         0  stubs.o ABSOLUTE
    _printf_flags                            0x00000000   Number         0  stubs.o ABSOLUTE
    _printf_fp_dec                           0x00000000   Number         0  stubs.o ABSOLUTE
    _printf_fp_hex                           0x00000000   Number         0  stubs.o ABSOLUTE
    _printf_g                                0x00000000   Number         0  stubs.o ABSOLUTE
    _printf_i                                0x00000000   Number         0  stubs.o ABSOLUTE
    _printf_int_dec                          0x00000000   Number         0  stubs.o ABSOLUTE
    _printf_l                                0x00000000   Number         0  stubs.o ABSOLUTE
    _printf_lc                               0x00000000   Number         0  stubs.o ABSOLUTE
    _printf_ll                               0x00000000   Number         0  stubs.o ABSOLUTE
    _printf_lld                              0x00000000   Number         0  stubs.o ABSOLUTE
    _printf_lli                              0x00000000   Number         0  stubs.o ABSOLUTE
    _printf_llo                              0x00000000   Number         0  stubs.o ABSOLUTE
    _printf_llu                              0x00000000   Number         0  stubs.o ABSOLUTE
    _printf_llx                              0x00000000   Number         0  stubs.o ABSOLUTE
    _printf_longlong_dec                     0x00000000   Number         0  stubs.o ABSOLUTE
    _printf_longlong_hex                     0x00000000   Number         0  stubs.o ABSOLUTE
    _printf_longlong_oct                     0x00000000   Number         0  stubs.o ABSOLUTE
    _printf_ls                               0x00000000   Number         0  stubs.o ABSOLUTE
    _printf_mbtowc                           0x00000000   Number         0  stubs.o ABSOLUTE
    _printf_n                                0x00000000   Number         0  stubs.o ABSOLUTE
    _printf_o                                0x00000000   Number         0  stubs.o ABSOLUTE
    _printf_p                                0x00000000   Number         0  stubs.o ABSOLUTE
    _printf_percent                          0x00000000   Number         0  stubs.o ABSOLUTE
    _printf_pre_padding                      0x00000000   Number         0  stubs.o ABSOLUTE
    _printf_return_value                     0x00000000   Number         0  stubs.o ABSOLUTE
    _printf_s                                0x00000000   Number         0  stubs.o ABSOLUTE
    _printf_sizespec                         0x00000000   Number         0  stubs.o ABSOLUTE
    _printf_str                              0x00000000   Number         0  stubs.o ABSOLUTE
    _printf_truncate_signed                  0x00000000   Number         0  stubs.o ABSOLUTE
    _printf_truncate_unsigned                0x00000000   Number         0  stubs.o ABSOLUTE
    _printf_u                                0x00000000   Number         0  stubs.o ABSOLUTE
    _printf_wc                               0x00000000   Number         0  stubs.o ABSOLUTE
    _printf_wctomb                           0x00000000   Number         0  stubs.o ABSOLUTE
    _printf_widthprec                        0x00000000   Number         0  stubs.o ABSOLUTE
    _printf_x                                0x00000000   Number         0  stubs.o ABSOLUTE
    __cpp_initialize__aeabi_                  - Undefined Weak Reference
    __cxa_finalize                            - Undefined Weak Reference
    __decompress                              - Undefined Weak Reference
    _clock_init                               - Undefined Weak Reference
    _microlib_exit                            - Undefined Weak Reference
    __Vectors_Size                           0x000000ec   Number         0  startup_stm32f103xb.o ABSOLUTE
    __Vectors                                0x08000000   Data           4  startup_stm32f103xb.o(RESET)
    __Vectors_End                            0x080000ec   Data           0  startup_stm32f103xb.o(RESET)
    __main                                   0x080000ed   Thumb Code     0  entry.o(.ARM.Collect$$$$00000000)
    _main_stk                                0x080000ed   Thumb Code     0  entry2.o(.ARM.Collect$$$$00000001)
    _main_scatterload                        0x080000f1   Thumb Code     0  entry5.o(.ARM.Collect$$$$00000004)
    __main_after_scatterload                 0x080000f5   Thumb Code     0  entry5.o(.ARM.Collect$$$$00000004)
    _main_clock                              0x080000f5   Thumb Code     0  entry7b.o(.ARM.Collect$$$$00000008)
    _main_cpp_init                           0x080000f5   Thumb Code     0  entry8b.o(.ARM.Collect$$$$0000000A)
    _main_init                               0x080000f5   Thumb Code     0  entry9a.o(.ARM.Collect$$$$0000000B)
    __rt_final_cpp                           0x080000fd   Thumb Code     0  entry10a.o(.ARM.Collect$$$$0000000D)
    __rt_final_exit                          0x080000fd   Thumb Code     0  entry11a.o(.ARM.Collect$$$$0000000F)
    Reset_Handler                            0x08000101   Thumb Code     8  startup_stm32f103xb.o(.text)
    ADC1_2_IRQHandler                        0x0800011b   Thumb Code     0  startup_stm32f103xb.o(.text)
    CAN1_RX1_IRQHandler                      0x0800011b   Thumb Code     0  startup_stm32f103xb.o(.text)
    CAN1_SCE_IRQHandler                      0x0800011b   Thumb Code     0  startup_stm32f103xb.o(.text)
    DMA1_Channel1_IRQHandler                 0x0800011b   Thumb Code     0  startup_stm32f103xb.o(.text)
    DMA1_Channel2_IRQHandler                 0x0800011b   Thumb Code     0  startup_stm32f103xb.o(.text)
    DMA1_Channel3_IRQHandler                 0x0800011b   Thumb Code     0  startup_stm32f103xb.o(.text)
    DMA1_Channel4_IRQHandler                 0x0800011b   Thumb Code     0  startup_stm32f103xb.o(.text)
    DMA1_Channel5_IRQHandler                 0x0800011b   Thumb Code     0  startup_stm32f103xb.o(.text)
    DMA1_Channel6_IRQHandler                 0x0800011b   Thumb Code     0  startup_stm32f103xb.o(.text)
    DMA1_Channel7_IRQHandler                 0x0800011b   Thumb Code     0  startup_stm32f103xb.o(.text)
    EXTI0_IRQHandler                         0x0800011b   Thumb Code     0  startup_stm32f103xb.o(.text)
    EXTI15_10_IRQHandler                     0x0800011b   Thumb Code     0  startup_stm32f103xb.o(.text)
    EXTI1_IRQHandler                         0x0800011b   Thumb Code     0  startup_stm32f103xb.o(.text)
    EXTI2_IRQHandler                         0x0800011b   Thumb Code     0  startup_stm32f103xb.o(.text)
    EXTI3_IRQHandler                         0x0800011b   Thumb Code     0  startup_stm32f103xb.o(.text)
    EXTI4_IRQHandler                         0x0800011b   Thumb Code     0  startup_stm32f103xb.o(.text)
    EXTI9_5_IRQHandler                       0x0800011b   Thumb Code     0  startup_stm32f103xb.o(.text)
    FLASH_IRQHandler                         0x0800011b   Thumb Code     0  startup_stm32f103xb.o(.text)
    I2C1_ER_IRQHandler                       0x0800011b   Thumb Code     0  startup_stm32f103xb.o(.text)
    I2C1_EV_IRQHandler                       0x0800011b   Thumb Code     0  startup_stm32f103xb.o(.text)
    I2C2_ER_IRQHandler                       0x0800011b   Thumb Code     0  startup_stm32f103xb.o(.text)
    I2C2_EV_IRQHandler                       0x0800011b   Thumb Code     0  startup_stm32f103xb.o(.text)
    PVD_IRQHandler                           0x0800011b   Thumb Code     0  startup_stm32f103xb.o(.text)
    RCC_IRQHandler                           0x0800011b   Thumb Code     0  startup_stm32f103xb.o(.text)
    RTC_Alarm_IRQHandler                     0x0800011b   Thumb Code     0  startup_stm32f103xb.o(.text)
    RTC_IRQHandler                           0x0800011b   Thumb Code     0  startup_stm32f103xb.o(.text)
    SPI2_IRQHandler                          0x0800011b   Thumb Code     0  startup_stm32f103xb.o(.text)
    TAMPER_IRQHandler                        0x0800011b   Thumb Code     0  startup_stm32f103xb.o(.text)
    TIM1_BRK_IRQHandler                      0x0800011b   Thumb Code     0  startup_stm32f103xb.o(.text)
    TIM1_CC_IRQHandler                       0x0800011b   Thumb Code     0  startup_stm32f103xb.o(.text)
    TIM1_TRG_COM_IRQHandler                  0x0800011b   Thumb Code     0  startup_stm32f103xb.o(.text)
    TIM1_UP_IRQHandler                       0x0800011b   Thumb Code     0  startup_stm32f103xb.o(.text)
    TIM3_IRQHandler                          0x0800011b   Thumb Code     0  startup_stm32f103xb.o(.text)
    TIM4_IRQHandler                          0x0800011b   Thumb Code     0  startup_stm32f103xb.o(.text)
    USART2_IRQHandler                        0x0800011b   Thumb Code     0  startup_stm32f103xb.o(.text)
    USART3_IRQHandler                        0x0800011b   Thumb Code     0  startup_stm32f103xb.o(.text)
    USBWakeUp_IRQHandler                     0x0800011b   Thumb Code     0  startup_stm32f103xb.o(.text)
    USB_HP_CAN1_TX_IRQHandler                0x0800011b   Thumb Code     0  startup_stm32f103xb.o(.text)
    USB_LP_CAN1_RX0_IRQHandler               0x0800011b   Thumb Code     0  startup_stm32f103xb.o(.text)
    WWDG_IRQHandler                          0x0800011b   Thumb Code     0  startup_stm32f103xb.o(.text)
    __aeabi_llsr                             0x08000125   Thumb Code    32  llushr.o(.text)
    _ll_ushift_r                             0x08000125   Thumb Code     0  llushr.o(.text)
    __aeabi_memcpy                           0x08000145   Thumb Code    36  memcpya.o(.text)
    __aeabi_memcpy4                          0x08000145   Thumb Code     0  memcpya.o(.text)
    __aeabi_memcpy8                          0x08000145   Thumb Code     0  memcpya.o(.text)
    __aeabi_memset                           0x08000169   Thumb Code    14  memseta.o(.text)
    __aeabi_memset4                          0x08000169   Thumb Code     0  memseta.o(.text)
    __aeabi_memset8                          0x08000169   Thumb Code     0  memseta.o(.text)
    __aeabi_memclr                           0x08000177   Thumb Code     4  memseta.o(.text)
    __aeabi_memclr4                          0x08000177   Thumb Code     0  memseta.o(.text)
    __aeabi_memclr8                          0x08000177   Thumb Code     0  memseta.o(.text)
    _memset$wrapper                          0x0800017b   Thumb Code    18  memseta.o(.text)
    __ARM_scalbnf                            0x0800018d   Thumb Code    24  fscalb.o(.text)
    scalbnf                                  0x0800018d   Thumb Code     0  fscalb.o(.text)
    __aeabi_dadd                             0x080001a5   Thumb Code   322  dadd.o(.text)
    __aeabi_dsub                             0x080002e7   Thumb Code     6  dadd.o(.text)
    __aeabi_drsub                            0x080002ed   Thumb Code     6  dadd.o(.text)
    __aeabi_dmul                             0x080002f3   Thumb Code   228  dmul.o(.text)
    __aeabi_ddiv                             0x080003d7   Thumb Code   222  ddiv.o(.text)
    __ARM_scalbn                             0x080004b5   Thumb Code    46  dscalb.o(.text)
    scalbn                                   0x080004b5   Thumb Code     0  dscalb.o(.text)
    __aeabi_i2f                              0x080004e3   Thumb Code    18  fflti.o(.text)
    __aeabi_i2d                              0x080004f5   Thumb Code    34  dflti.o(.text)
    __aeabi_ui2d                             0x08000517   Thumb Code    26  dfltui.o(.text)
    __aeabi_d2iz                             0x08000531   Thumb Code    62  dfixi.o(.text)
    __aeabi_d2uiz                            0x0800056f   Thumb Code    50  dfixui.o(.text)
    __aeabi_f2d                              0x080005a1   Thumb Code    38  f2d.o(.text)
    __aeabi_cdcmpeq                          0x080005c9   Thumb Code     0  cdcmple.o(.text)
    __aeabi_cdcmple                          0x080005c9   Thumb Code    48  cdcmple.o(.text)
    __aeabi_cdrcmple                         0x080005f9   Thumb Code    48  cdrcmple.o(.text)
    __aeabi_d2f                              0x08000629   Thumb Code    56  d2f.o(.text)
    __aeabi_uidiv                            0x08000661   Thumb Code     0  uidiv.o(.text)
    __aeabi_uidivmod                         0x08000661   Thumb Code    44  uidiv.o(.text)
    __aeabi_uldivmod                         0x0800068d   Thumb Code    98  uldiv.o(.text)
    __aeabi_llsl                             0x080006ef   Thumb Code    30  llshl.o(.text)
    _ll_shift_l                              0x080006ef   Thumb Code     0  llshl.o(.text)
    __aeabi_lasr                             0x0800070d   Thumb Code    36  llsshr.o(.text)
    _ll_sshift_r                             0x0800070d   Thumb Code     0  llsshr.o(.text)
    __I$use$fp                               0x08000731   Thumb Code     0  iusefp.o(.text)
    _float_round                             0x08000731   Thumb Code    18  fepilogue.o(.text)
    _float_epilogue                          0x08000743   Thumb Code    92  fepilogue.o(.text)
    _double_round                            0x0800079f   Thumb Code    30  depilogue.o(.text)
    _double_epilogue                         0x080007bd   Thumb Code   156  depilogue.o(.text)
    __aeabi_d2ulz                            0x08000859   Thumb Code    48  dfixul.o(.text)
    __scatterload                            0x08000889   Thumb Code    28  init.o(.text)
    __scatterload_rt2                        0x08000889   Thumb Code     0  init.o(.text)
    BusFault_Handler                         0x080008ad   Thumb Code     2  stm32f1xx_it.o(i.BusFault_Handler)
    DebugMon_Handler                         0x080008af   Thumb Code     2  stm32f1xx_it.o(i.DebugMon_Handler)
    HAL_DMA_Abort_IT                         0x080008b1   Thumb Code   148  stm32f1xx_hal_dma.o(i.HAL_DMA_Abort_IT)
    HAL_Delay                                0x08000949   Thumb Code    32  stm32f1xx_hal.o(i.HAL_Delay)
    HAL_GPIO_Init                            0x0800096d   Thumb Code   460  stm32f1xx_hal_gpio.o(i.HAL_GPIO_Init)
    HAL_GPIO_ReadPin                         0x08000b59   Thumb Code    14  stm32f1xx_hal_gpio.o(i.HAL_GPIO_ReadPin)
    HAL_GPIO_WritePin                        0x08000b67   Thumb Code    14  stm32f1xx_hal_gpio.o(i.HAL_GPIO_WritePin)
    HAL_GetTick                              0x08000b75   Thumb Code     6  stm32f1xx_hal.o(i.HAL_GetTick)
    HAL_I2C_Init                             0x08000b81   Thumb Code   318  stm32f1xx_hal_i2c.o(i.HAL_I2C_Init)
    HAL_I2C_Mem_Read                         0x08000cd1   Thumb Code   688  stm32f1xx_hal_i2c.o(i.HAL_I2C_Mem_Read)
    HAL_I2C_Mem_Write                        0x08000f8d   Thumb Code   342  stm32f1xx_hal_i2c.o(i.HAL_I2C_Mem_Write)
    HAL_I2C_MspInit                          0x080010ed   Thumb Code    54  stm32f1xx_hal_msp.o(i.HAL_I2C_MspInit)
    HAL_IncTick                              0x08001131   Thumb Code    12  stm32f1xx_hal.o(i.HAL_IncTick)
    HAL_Init                                 0x08001141   Thumb Code    32  stm32f1xx_hal.o(i.HAL_Init)
    HAL_InitTick                             0x08001165   Thumb Code    58  stm32f1xx_hal.o(i.HAL_InitTick)
    HAL_MspInit                              0x080011a9   Thumb Code   134  stm32f1xx_hal_msp.o(i.HAL_MspInit)
    HAL_NVIC_EnableIRQ                       0x08001239   Thumb Code    22  stm32f1xx_hal_cortex.o(i.HAL_NVIC_EnableIRQ)
    HAL_NVIC_SetPriority                     0x08001251   Thumb Code    60  stm32f1xx_hal_cortex.o(i.HAL_NVIC_SetPriority)
    HAL_NVIC_SetPriorityGrouping             0x08001291   Thumb Code    26  stm32f1xx_hal_cortex.o(i.HAL_NVIC_SetPriorityGrouping)
    HAL_RCC_ClockConfig                      0x080012b5   Thumb Code   338  stm32f1xx_hal_rcc.o(i.HAL_RCC_ClockConfig)
    HAL_RCC_GetHCLKFreq                      0x08001419   Thumb Code     6  stm32f1xx_hal_rcc.o(i.HAL_RCC_GetHCLKFreq)
    HAL_RCC_GetPCLK1Freq                     0x08001425   Thumb Code    22  stm32f1xx_hal_rcc.o(i.HAL_RCC_GetPCLK1Freq)
    HAL_RCC_GetPCLK2Freq                     0x08001445   Thumb Code    22  stm32f1xx_hal_rcc.o(i.HAL_RCC_GetPCLK2Freq)
    HAL_RCC_GetSysClockFreq                  0x08001465   Thumb Code    82  stm32f1xx_hal_rcc.o(i.HAL_RCC_GetSysClockFreq)
    HAL_RCC_OscConfig                        0x080014d9   Thumb Code   840  stm32f1xx_hal_rcc.o(i.HAL_RCC_OscConfig)
    HAL_SPI_ErrorCallback                    0x08001831   Thumb Code     2  stm32f1xx_hal_spi.o(i.HAL_SPI_ErrorCallback)
    HAL_SPI_IRQHandler                       0x08001835   Thumb Code   206  stm32f1xx_hal_spi.o(i.HAL_SPI_IRQHandler)
    HAL_SPI_Init                             0x08001909   Thumb Code   132  stm32f1xx_hal_spi_ex.o(i.HAL_SPI_Init)
    HAL_SPI_MspInit                          0x0800198d   Thumb Code   152  stm32f1xx_hal_msp.o(i.HAL_SPI_MspInit)
    HAL_SPI_Transmit                         0x08001a39   Thumb Code   380  stm32f1xx_hal_spi.o(i.HAL_SPI_Transmit)
    HAL_SYSTICK_CLKSourceConfig              0x08001bb5   Thumb Code    28  stm32f1xx_hal_cortex.o(i.HAL_SYSTICK_CLKSourceConfig)
    HAL_SYSTICK_Callback                     0x08001bd1   Thumb Code     2  stm32f1xx_hal_cortex.o(i.HAL_SYSTICK_Callback)
    HAL_SYSTICK_Config                       0x08001bd3   Thumb Code    40  stm32f1xx_hal_cortex.o(i.HAL_SYSTICK_Config)
    HAL_SYSTICK_IRQHandler                   0x08001bfb   Thumb Code     8  stm32f1xx_hal_cortex.o(i.HAL_SYSTICK_IRQHandler)
    HAL_TIMEx_BreakCallback                  0x08001c03   Thumb Code     2  stm32f1xx_hal_tim_ex.o(i.HAL_TIMEx_BreakCallback)
    HAL_TIMEx_CommutationCallback            0x08001c05   Thumb Code     2  stm32f1xx_hal_tim_ex.o(i.HAL_TIMEx_CommutationCallback)
    HAL_TIMEx_MasterConfigSynchronization    0x08001c07   Thumb Code    80  stm32f1xx_hal_tim_ex.o(i.HAL_TIMEx_MasterConfigSynchronization)
    HAL_TIM_Base_Init                        0x08001c57   Thumb Code    56  stm32f1xx_hal_tim.o(i.HAL_TIM_Base_Init)
    HAL_TIM_Base_MspInit                     0x08001c91   Thumb Code    50  stm32f1xx_hal_msp.o(i.HAL_TIM_Base_MspInit)
    HAL_TIM_Base_Start_IT                    0x08001cc9   Thumb Code    24  stm32f1xx_hal_tim.o(i.HAL_TIM_Base_Start_IT)
    HAL_TIM_ConfigClockSource                0x08001ce1   Thumb Code   270  stm32f1xx_hal_tim.o(i.HAL_TIM_ConfigClockSource)
    HAL_TIM_IC_CaptureCallback               0x08001def   Thumb Code     2  stm32f1xx_hal_tim.o(i.HAL_TIM_IC_CaptureCallback)
    HAL_TIM_IRQHandler                       0x08001df1   Thumb Code   366  stm32f1xx_hal_tim.o(i.HAL_TIM_IRQHandler)
    HAL_TIM_OC_DelayElapsedCallback          0x08001f5f   Thumb Code     2  stm32f1xx_hal_tim.o(i.HAL_TIM_OC_DelayElapsedCallback)
    HAL_TIM_PWM_PulseFinishedCallback        0x08001f61   Thumb Code     2  stm32f1xx_hal_tim.o(i.HAL_TIM_PWM_PulseFinishedCallback)
    HAL_TIM_PeriodElapsedCallback            0x08001f63   Thumb Code     2  stm32f1xx_hal_tim.o(i.HAL_TIM_PeriodElapsedCallback)
    HAL_TIM_TriggerCallback                  0x08001f65   Thumb Code     2  stm32f1xx_hal_tim.o(i.HAL_TIM_TriggerCallback)
    HAL_UART_ErrorCallback                   0x08001f67   Thumb Code     2  stm32f1xx_hal_uart.o(i.HAL_UART_ErrorCallback)
    HAL_UART_IRQHandler                      0x08001f69   Thumb Code   268  stm32f1xx_hal_uart.o(i.HAL_UART_IRQHandler)
    HAL_UART_Init                            0x08002079   Thumb Code   100  stm32f1xx_hal_uart.o(i.HAL_UART_Init)
    HAL_UART_MspInit                         0x080020dd   Thumb Code    92  stm32f1xx_hal_msp.o(i.HAL_UART_MspInit)
    HAL_UART_RxCpltCallback                  0x08002145   Thumb Code     2  stm32f1xx_hal_uart.o(i.HAL_UART_RxCpltCallback)
    HAL_UART_Transmit                        0x08002147   Thumb Code   204  stm32f1xx_hal_uart.o(i.HAL_UART_Transmit)
    HAL_UART_TxCpltCallback                  0x08002213   Thumb Code     2  stm32f1xx_hal_uart.o(i.HAL_UART_TxCpltCallback)
    HardFault_Handler                        0x08002215   Thumb Code     2  stm32f1xx_it.o(i.HardFault_Handler)
    ILI9341_Draw_Char                        0x08002651   Thumb Code   162  ili9341_gfx.o(i.ILI9341_Draw_Char)
    ILI9341_Draw_Colour_Burst                0x080026f9   Thumb Code   152  ili9341_stm32_driver.o(i.ILI9341_Draw_Colour_Burst)
    ILI9341_Draw_Filled_Rectangle_Coord      0x0800279d   Thumb Code    64  ili9341_gfx.o(i.ILI9341_Draw_Filled_Rectangle_Coord)
    ILI9341_Draw_Pixel                       0x080027dd   Thumb Code   336  ili9341_stm32_driver.o(i.ILI9341_Draw_Pixel)
    ILI9341_Draw_Rectangle                   0x0800293d   Thumb Code    90  ili9341_stm32_driver.o(i.ILI9341_Draw_Rectangle)
    ILI9341_Draw_Text                        0x0800299d   Thumb Code    54  ili9341_gfx.o(i.ILI9341_Draw_Text)
    ILI9341_Enable                           0x080029d5   Thumb Code    10  ili9341_stm32_driver.o(i.ILI9341_Enable)
    ILI9341_Fill_Screen                      0x080029e5   Thumb Code    34  ili9341_stm32_driver.o(i.ILI9341_Fill_Screen)
    ILI9341_Init                             0x08002a0d   Thumb Code   536  ili9341_stm32_driver.o(i.ILI9341_Init)
    ILI9341_Reset                            0x08002c25   Thumb Code    54  ili9341_stm32_driver.o(i.ILI9341_Reset)
    ILI9341_SPI_Init                         0x08002c65   Thumb Code    12  ili9341_stm32_driver.o(i.ILI9341_SPI_Init)
    ILI9341_SPI_Send                         0x08002c75   Thumb Code    16  ili9341_stm32_driver.o(i.ILI9341_SPI_Send)
    ILI9341_Set_Address                      0x08002c89   Thumb Code    82  ili9341_stm32_driver.o(i.ILI9341_Set_Address)
    ILI9341_Set_Rotation                     0x08002cdd   Thumb Code    90  ili9341_stm32_driver.o(i.ILI9341_Set_Rotation)
    ILI9341_Write_Command                    0x08002d3d   Thumb Code    50  ili9341_stm32_driver.o(i.ILI9341_Write_Command)
    ILI9341_Write_Data                       0x08002d79   Thumb Code    50  ili9341_stm32_driver.o(i.ILI9341_Write_Data)
    MemManage_Handler                        0x08003089   Thumb Code     2  stm32f1xx_it.o(i.MemManage_Handler)
    NMI_Handler                              0x0800308b   Thumb Code     2  stm32f1xx_it.o(i.NMI_Handler)
    PendSV_Handler                           0x080030ad   Thumb Code     2  stm32f1xx_it.o(i.PendSV_Handler)
    RTC_ConvertFromBinDec                    0x080030d5   Thumb Code    22  clock_ds3231.o(i.RTC_ConvertFromBinDec)
    RTC_ConvertFromDec                       0x080030eb   Thumb Code    18  clock_ds3231.o(i.RTC_ConvertFromDec)
    SPI1_IRQHandler                          0x080030fd   Thumb Code     6  stm32f1xx_it.o(i.SPI1_IRQHandler)
    SVC_Handler                              0x080031d1   Thumb Code     2  stm32f1xx_it.o(i.SVC_Handler)
    SysTick_Handler                          0x080031d3   Thumb Code    14  stm32f1xx_it.o(i.SysTick_Handler)
    SystemClock_Config                       0x080031e1   Thumb Code   120  main.o(i.SystemClock_Config)
    SystemInit                               0x08003269   Thumb Code    56  system_stm32f1xx.o(i.SystemInit)
    TIM2_IRQHandler                          0x080032b1   Thumb Code    68  stm32f1xx_it.o(i.TIM2_IRQHandler)
    TIM_Base_SetConfig                       0x08003311   Thumb Code    94  stm32f1xx_hal_tim.o(i.TIM_Base_SetConfig)
    USART1_IRQHandler                        0x08003731   Thumb Code     6  stm32f1xx_it.o(i.USART1_IRQHandler)
    UsageFault_Handler                       0x0800373d   Thumb Code     2  stm32f1xx_it.o(i.UsageFault_Handler)
    WRITE_DATA                               0x08003741   Thumb Code   118  clock_ds3231.o(i.WRITE_DATA)
    _Error_Handler                           0x080037e1   Thumb Code     2  main.o(i._Error_Handler)
    __0sprintf                               0x080037e5   Thumb Code    34  printfa.o(i.__0sprintf)
    __1sprintf                               0x080037e5   Thumb Code     0  printfa.o(i.__0sprintf)
    __2sprintf                               0x080037e5   Thumb Code     0  printfa.o(i.__0sprintf)
    __c89sprintf                             0x080037e5   Thumb Code     0  printfa.o(i.__0sprintf)
    sprintf                                  0x080037e5   Thumb Code     0  printfa.o(i.__0sprintf)
    __scatterload_copy                       0x0800380d   Thumb Code    14  handlers.o(i.__scatterload_copy)
    __scatterload_null                       0x0800381b   Thumb Code     2  handlers.o(i.__scatterload_null)
    __scatterload_zeroinit                   0x0800381d   Thumb Code    14  handlers.o(i.__scatterload_zeroinit)
    calulete_humidity                        0x080040e9   Thumb Code   230  bme280.o(i.calulete_humidity)
    calulete_preasure                        0x0800420d   Thumb Code   580  bme280.o(i.calulete_preasure)
    calulete_temperature                     0x08004479   Thumb Code   268  bme280.o(i.calulete_temperature)
    free                                     0x08004595   Thumb Code    76  malloc.o(i.free)
    init_BME280                              0x080045e5   Thumb Code  1992  bme280.o(i.init_BME280)
    init_LCD_ILI9341                         0x08004eed   Thumb Code   196  clock_ds3231.o(i.init_LCD_ILI9341)
    main                                     0x08004fc1   Thumb Code   232  main.o(i.main)
    malloc                                   0x080050b1   Thumb Code    92  malloc.o(i.malloc)
    print_MEMS_in_LCD                        0x0800511d   Thumb Code   238  clock_ds3231.o(i.print_MEMS_in_LCD)
    print_colon_in_LCD                       0x08005245   Thumb Code    36  clock_ds3231.o(i.print_colon_in_LCD)
    print_data_on_LCD                        0x0800526d   Thumb Code   104  clock_ds3231.o(i.print_data_on_LCD)
    print_dates_in_LCD                       0x080052e1   Thumb Code   180  clock_ds3231.o(i.print_dates_in_LCD)
    print_days_in_LCD                        0x080053a1   Thumb Code   124  clock_ds3231.o(i.print_days_in_LCD)
    print_hours_in_LCD                       0x08005461   Thumb Code   136  clock_ds3231.o(i.print_hours_in_LCD)
    print_minutes_in_LCD                     0x080054f9   Thumb Code   110  clock_ds3231.o(i.print_minutes_in_LCD)
    print_months_in_LCD                      0x08005579   Thumb Code   100  clock_ds3231.o(i.print_months_in_LCD)
    print_seconds_in_LCD                     0x080055e9   Thumb Code    80  clock_ds3231.o(i.print_seconds_in_LCD)
    print_year_in_LCD                        0x08005645   Thumb Code    76  clock_ds3231.o(i.print_year_in_LCD)
    read_data_BME280                         0x08005699   Thumb Code   320  bme280.o(i.read_data_BME280)
    read_data_from_DS3231                    0x08005861   Thumb Code   176  clock_ds3231.o(i.read_data_from_DS3231)
    select_dates                             0x0800595d   Thumb Code   370  clock_ds3231.o(i.select_dates)
    select_days                              0x08005b25   Thumb Code   446  clock_ds3231.o(i.select_days)
    select_hours                             0x08005d81   Thumb Code   650  clock_ds3231.o(i.select_hours)
    select_minutes                           0x08006071   Thumb Code   446  clock_ds3231.o(i.select_minutes)
    select_month                             0x08006285   Thumb Code   370  clock_ds3231.o(i.select_month)
    select_seconds                           0x0800644d   Thumb Code   330  clock_ds3231.o(i.select_seconds)
    select_year                              0x080065ed   Thumb Code   366  clock_ds3231.o(i.select_year)
    AHBPrescTable                            0x08006a97   Data          16  system_stm32f1xx.o(.constdata)
    APBPrescTable                            0x08006aa7   Data           8  system_stm32f1xx.o(.constdata)
    Region$$Table$$Base                      0x08006ab0   Number         0  anon$$obj.o(Region$$Table)
    Region$$Table$$Limit                     0x08006ad0   Number         0  anon$$obj.o(Region$$Table)
    LCD_HEIGHT                               0x20000000   Data           2  ili9341_stm32_driver.o(.data)
    LCD_WIDTH                                0x20000002   Data           2  ili9341_stm32_driver.o(.data)
    STATUS_CONNECTION_TO_OUTDOR              0x20000004   Data           1  clock_ds3231.o(.data)
    data_to_DS3231                           0x20000005   Data           1  clock_ds3231.o(.data)
    STATUS                                   0x20000006   Data           1  clock_ds3231.o(.data)
    sec                                      0x20000007   Data           1  clock_ds3231.o(.data)
    min                                      0x20000008   Data           1  clock_ds3231.o(.data)
    hour                                     0x20000009   Data           1  clock_ds3231.o(.data)
    day                                      0x2000000a   Data           1  clock_ds3231.o(.data)
    date                                     0x2000000b   Data           1  clock_ds3231.o(.data)
    month                                    0x2000000c   Data           1  clock_ds3231.o(.data)
    year                                     0x2000000d   Data           1  clock_ds3231.o(.data)
    ADRESS_DEVCE_DS3231                      0x2000000e   Data           2  clock_ds3231.o(.data)
    ADDRES_SEC_REG                           0x20000010   Data           2  clock_ds3231.o(.data)
    ADDRES_MIN_REG                           0x20000012   Data           2  clock_ds3231.o(.data)
    ADDRES_HOUR_REG                          0x20000014   Data           2  clock_ds3231.o(.data)
    ADDRES_DAY_REG                           0x20000016   Data           2  clock_ds3231.o(.data)
    ADDRES_DATE_REG                          0x20000018   Data           2  clock_ds3231.o(.data)
    ADDRES_MOUNTH_REG                        0x2000001a   Data           2  clock_ds3231.o(.data)
    ADDRES_YEAR_REG                          0x2000001c   Data           2  clock_ds3231.o(.data)
    Read_sec                                 0x2000001e   Data           2  clock_ds3231.o(.data)
    sizebuf_data_return                      0x20000020   Data           2  clock_ds3231.o(.data)
    return_one_byre                          0x20000022   Data           2  clock_ds3231.o(.data)
    sizebuf                                  0x20000024   Data           2  clock_ds3231.o(.data)
    timeout                                  0x20000028   Data           4  clock_ds3231.o(.data)
    buff                                     0x2000002c   Data           7  clock_ds3231.o(.data)
    STATUS_BME280                            0x20000034   Data           1  bme280.o(.data)
    buff_id                                  0x20000035   Data           1  bme280.o(.data)
    dig_H1                                   0x20000036   Data           1  bme280.o(.data)
    dig_H3                                   0x20000037   Data           1  bme280.o(.data)
    dig_H6                                   0x20000038   Data           1  bme280.o(.data)
    dig_T1_LSB                               0x2000003a   Data           2  bme280.o(.data)
    dig_T1_MSB                               0x2000003c   Data           2  bme280.o(.data)
    dig_T1                                   0x2000003e   Data           2  bme280.o(.data)
    dig_T2_LSB                               0x20000040   Data           2  bme280.o(.data)
    dig_T2_MSB                               0x20000042   Data           2  bme280.o(.data)
    dig_T2                                   0x20000044   Data           2  bme280.o(.data)
    dig_T3_LSB                               0x20000046   Data           2  bme280.o(.data)
    dig_T3_MSB                               0x20000048   Data           2  bme280.o(.data)
    dig_T3                                   0x2000004a   Data           2  bme280.o(.data)
    dig_P1                                   0x2000004c   Data           2  bme280.o(.data)
    dig_P2                                   0x2000004e   Data           2  bme280.o(.data)
    dig_P3                                   0x20000050   Data           2  bme280.o(.data)
    dig_P4                                   0x20000052   Data           2  bme280.o(.data)
    dig_P5                                   0x20000054   Data           2  bme280.o(.data)
    dig_P6                                   0x20000056   Data           2  bme280.o(.data)
    dig_P7                                   0x20000058   Data           2  bme280.o(.data)
    dig_P8                                   0x2000005a   Data           2  bme280.o(.data)
    dig_P9                                   0x2000005c   Data           2  bme280.o(.data)
    dig_H2                                   0x2000005e   Data           2  bme280.o(.data)
    dig_H4                                   0x20000060   Data           2  bme280.o(.data)
    dig_H5                                   0x20000062   Data           2  bme280.o(.data)
    t_fine                                   0x20000064   Data           4  bme280.o(.data)
    T_outdoor                                0x20000068   Data           4  main.o(.data)
    H_outdoor                                0x2000006c   Data           2  main.o(.data)
    T_indoor                                 0x20000070   Data           4  main.o(.data)
    H_indoor                                 0x20000074   Data           4  main.o(.data)
    P                                        0x20000078   Data           4  main.o(.data)
    STATUS_BUTTON_PRESS                      0x2000007c   Data           4  main.o(.data)
    button_1                                 0x20000080   Data           4  main.o(.data)
    button_4                                 0x20000084   Data           4  main.o(.data)
    optimization_ON                          0x20000088   Data           4  main.o(.data)
    optimization_OFF                         0x2000008c   Data           4  main.o(.data)
    button_2                                 0x20000090   Data           4  main.o(.data)
    button_3                                 0x20000094   Data           4  main.o(.data)
    size                                     0x20000098   Data           1  main.o(.data)
    max_value_SEC                            0x20000099   Data           1  main.o(.data)
    max_value_MINUTE                         0x2000009a   Data           1  main.o(.data)
    min_value_MINUTE                         0x2000009b   Data           1  main.o(.data)
    max_value_HOURS                          0x2000009c   Data           1  main.o(.data)
    min_value_HOURS                          0x2000009d   Data           1  main.o(.data)
    max_value_DAYS                           0x2000009e   Data           1  main.o(.data)
    min_value_DAYS                           0x2000009f   Data           1  main.o(.data)
    max_value_DATA                           0x200000a0   Data           1  main.o(.data)
    min_value_DATA                           0x200000a1   Data           1  main.o(.data)
    max_value_MOUNTH                         0x200000a2   Data           1  main.o(.data)
    min_value_MOUNTH                         0x200000a3   Data           1  main.o(.data)
    max_value_YEAR                           0x200000a4   Data           1  main.o(.data)
    min_value_YEAR                           0x200000a5   Data           1  main.o(.data)
    blinking_LCD                             0x200000a8   Data           4  main.o(.data)
    uwTickFreq                               0x200000ac   Data           1  stm32f1xx_hal.o(.data)
    uwTickPrio                               0x200000b0   Data           4  stm32f1xx_hal.o(.data)
    uwTick                                   0x200000b4   Data           4  stm32f1xx_hal.o(.data)
    SystemCoreClock                          0x200000b8   Data           4  system_stm32f1xx.o(.data)
    __microlib_freelist                      0x200000bc   Data           4  mvars.o(.data)
    __microlib_freelist_initialised          0x200000c0   Data           4  mvars.o(.data)
    str                                      0x200000c4   Data          35  clock_ds3231.o(.bss)
    str_BME280                               0x200000e7   Data          60  bme280.o(.bss)
    str_UART                                 0x20000123   Data          10  main.o(.bss)
    str_LCD                                  0x2000012d   Data          20  main.o(.bss)
    str_LCD_CLAER                            0x20000141   Data          20  main.o(.bss)
    hi2c1                                    0x20000158   Data          84  main.o(.bss)
    hspi1                                    0x200001ac   Data          88  main.o(.bss)
    hspi2                                    0x20000204   Data          88  main.o(.bss)
    htim2                                    0x2000025c   Data          64  main.o(.bss)
    huart1                                   0x2000029c   Data          64  main.o(.bss)
    __heap_base                              0x200002e0   Data           0  startup_stm32f103xb.o(HEAP)
    __heap_limit                             0x200004e0   Data           0  startup_stm32f103xb.o(HEAP)
    __initial_sp                             0x200008e0   Data           0  startup_stm32f103xb.o(STACK)



==============================================================================

Memory Map of the image

  Image Entry point : 0x080000ed

  Load Region LR_IROM1 (Base: 0x08000000, Size: 0x00006b94, Max: 0x00010000, ABSOLUTE)

    Execution Region ER_IROM1 (Exec base: 0x08000000, Load base: 0x08000000, Size: 0x00006ad0, Max: 0x00010000, ABSOLUTE)

    Exec Addr    Load Addr    Size         Type   Attr      Idx    E Section Name        Object

    0x08000000   0x08000000   0x000000ec   Data   RO            3    RESET               startup_stm32f103xb.o
    0x080000ec   0x080000ec   0x00000000   Code   RO         3954  * .ARM.Collect$$$$00000000  mc_w.l(entry.o)
    0x080000ec   0x080000ec   0x00000004   Code   RO         4288    .ARM.Collect$$$$00000001  mc_w.l(entry2.o)
    0x080000f0   0x080000f0   0x00000004   Code   RO         4291    .ARM.Collect$$$$00000004  mc_w.l(entry5.o)
    0x080000f4   0x080000f4   0x00000000   Code   RO         4293    .ARM.Collect$$$$00000008  mc_w.l(entry7b.o)
    0x080000f4   0x080000f4   0x00000000   Code   RO         4295    .ARM.Collect$$$$0000000A  mc_w.l(entry8b.o)
    0x080000f4   0x080000f4   0x00000008   Code   RO         4296    .ARM.Collect$$$$0000000B  mc_w.l(entry9a.o)
    0x080000fc   0x080000fc   0x00000000   Code   RO         4298    .ARM.Collect$$$$0000000D  mc_w.l(entry10a.o)
    0x080000fc   0x080000fc   0x00000000   Code   RO         4300    .ARM.Collect$$$$0000000F  mc_w.l(entry11a.o)
    0x080000fc   0x080000fc   0x00000004   Code   RO         4289    .ARM.Collect$$$$00002712  mc_w.l(entry2.o)
    0x08000100   0x08000100   0x00000024   Code   RO            4    .text               startup_stm32f103xb.o
    0x08000124   0x08000124   0x00000020   Code   RO         3957    .text               mc_w.l(llushr.o)
    0x08000144   0x08000144   0x00000024   Code   RO         3959    .text               mc_w.l(memcpya.o)
    0x08000168   0x08000168   0x00000024   Code   RO         3961    .text               mc_w.l(memseta.o)
    0x0800018c   0x0800018c   0x00000018   Code   RO         4258    .text               mf_w.l(fscalb.o)
    0x080001a4   0x080001a4   0x0000014e   Code   RO         4260    .text               mf_w.l(dadd.o)
    0x080002f2   0x080002f2   0x000000e4   Code   RO         4262    .text               mf_w.l(dmul.o)
    0x080003d6   0x080003d6   0x000000de   Code   RO         4264    .text               mf_w.l(ddiv.o)
    0x080004b4   0x080004b4   0x0000002e   Code   RO         4266    .text               mf_w.l(dscalb.o)
    0x080004e2   0x080004e2   0x00000012   Code   RO         4268    .text               mf_w.l(fflti.o)
    0x080004f4   0x080004f4   0x00000022   Code   RO         4272    .text               mf_w.l(dflti.o)
    0x08000516   0x08000516   0x0000001a   Code   RO         4274    .text               mf_w.l(dfltui.o)
    0x08000530   0x08000530   0x0000003e   Code   RO         4276    .text               mf_w.l(dfixi.o)
    0x0800056e   0x0800056e   0x00000032   Code   RO         4278    .text               mf_w.l(dfixui.o)
    0x080005a0   0x080005a0   0x00000026   Code   RO         4280    .text               mf_w.l(f2d.o)
    0x080005c6   0x080005c6   0x00000002   PAD
    0x080005c8   0x080005c8   0x00000030   Code   RO         4282    .text               mf_w.l(cdcmple.o)
    0x080005f8   0x080005f8   0x00000030   Code   RO         4284    .text               mf_w.l(cdrcmple.o)
    0x08000628   0x08000628   0x00000038   Code   RO         4286    .text               mf_w.l(d2f.o)
    0x08000660   0x08000660   0x0000002c   Code   RO         4305    .text               mc_w.l(uidiv.o)
    0x0800068c   0x0800068c   0x00000062   Code   RO         4307    .text               mc_w.l(uldiv.o)
    0x080006ee   0x080006ee   0x0000001e   Code   RO         4309    .text               mc_w.l(llshl.o)
    0x0800070c   0x0800070c   0x00000024   Code   RO         4311    .text               mc_w.l(llsshr.o)
    0x08000730   0x08000730   0x00000000   Code   RO         4315    .text               mc_w.l(iusefp.o)
    0x08000730   0x08000730   0x0000006e   Code   RO         4316    .text               mf_w.l(fepilogue.o)
    0x0800079e   0x0800079e   0x000000ba   Code   RO         4318    .text               mf_w.l(depilogue.o)
    0x08000858   0x08000858   0x00000030   Code   RO         4320    .text               mf_w.l(dfixul.o)
    0x08000888   0x08000888   0x00000024   Code   RO         4322    .text               mc_w.l(init.o)
    0x080008ac   0x080008ac   0x00000002   Code   RO          821    i.BusFault_Handler  stm32f1xx_it.o
    0x080008ae   0x080008ae   0x00000002   Code   RO          822    i.DebugMon_Handler  stm32f1xx_it.o
    0x080008b0   0x080008b0   0x00000098   Code   RO         3375    i.HAL_DMA_Abort_IT  stm32f1xx_hal_dma.o
    0x08000948   0x08000948   0x00000024   Code   RO         3012    i.HAL_Delay         stm32f1xx_hal.o
    0x0800096c   0x0800096c   0x000001ec   Code   RO         3310    i.HAL_GPIO_Init     stm32f1xx_hal_gpio.o
    0x08000b58   0x08000b58   0x0000000e   Code   RO         3312    i.HAL_GPIO_ReadPin  stm32f1xx_hal_gpio.o
    0x08000b66   0x08000b66   0x0000000e   Code   RO         3314    i.HAL_GPIO_WritePin  stm32f1xx_hal_gpio.o
    0x08000b74   0x08000b74   0x0000000c   Code   RO         3016    i.HAL_GetTick       stm32f1xx_hal.o
    0x08000b80   0x08000b80   0x00000150   Code   RO         1031    i.HAL_I2C_Init      stm32f1xx_hal_i2c.o
    0x08000cd0   0x08000cd0   0x000002bc   Code   RO         1047    i.HAL_I2C_Mem_Read  stm32f1xx_hal_i2c.o
    0x08000f8c   0x08000f8c   0x00000160   Code   RO         1050    i.HAL_I2C_Mem_Write  stm32f1xx_hal_i2c.o
    0x080010ec   0x080010ec   0x00000044   Code   RO          913    i.HAL_I2C_MspInit   stm32f1xx_hal_msp.o
    0x08001130   0x08001130   0x00000010   Code   RO         3020    i.HAL_IncTick       stm32f1xx_hal.o
    0x08001140   0x08001140   0x00000024   Code   RO         3021    i.HAL_Init          stm32f1xx_hal.o
    0x08001164   0x08001164   0x00000044   Code   RO         3022    i.HAL_InitTick      stm32f1xx_hal.o
    0x080011a8   0x080011a8   0x00000090   Code   RO          914    i.HAL_MspInit       stm32f1xx_hal_msp.o
    0x08001238   0x08001238   0x00000016   Code   RO         3470    i.HAL_NVIC_EnableIRQ  stm32f1xx_hal_cortex.o
    0x0800124e   0x0800124e   0x00000002   PAD
    0x08001250   0x08001250   0x00000040   Code   RO         3476    i.HAL_NVIC_SetPriority  stm32f1xx_hal_cortex.o
    0x08001290   0x08001290   0x00000024   Code   RO         3477    i.HAL_NVIC_SetPriorityGrouping  stm32f1xx_hal_cortex.o
    0x080012b4   0x080012b4   0x00000164   Code   RO         3165    i.HAL_RCC_ClockConfig  stm32f1xx_hal_rcc.o
    0x08001418   0x08001418   0x0000000c   Code   RO         3170    i.HAL_RCC_GetHCLKFreq  stm32f1xx_hal_rcc.o
    0x08001424   0x08001424   0x00000020   Code   RO         3172    i.HAL_RCC_GetPCLK1Freq  stm32f1xx_hal_rcc.o
    0x08001444   0x08001444   0x00000020   Code   RO         3173    i.HAL_RCC_GetPCLK2Freq  stm32f1xx_hal_rcc.o
    0x08001464   0x08001464   0x00000074   Code   RO         3174    i.HAL_RCC_GetSysClockFreq  stm32f1xx_hal_rcc.o
    0x080014d8   0x080014d8   0x00000358   Code   RO         3177    i.HAL_RCC_OscConfig  stm32f1xx_hal_rcc.o
    0x08001830   0x08001830   0x00000002   Code   RO         1460    i.HAL_SPI_ErrorCallback  stm32f1xx_hal_spi.o
    0x08001832   0x08001832   0x00000002   PAD
    0x08001834   0x08001834   0x000000d4   Code   RO         1463    i.HAL_SPI_IRQHandler  stm32f1xx_hal_spi.o
    0x08001908   0x08001908   0x00000084   Code   RO         1776    i.HAL_SPI_Init      stm32f1xx_hal_spi_ex.o
    0x0800198c   0x0800198c   0x000000ac   Code   RO          916    i.HAL_SPI_MspInit   stm32f1xx_hal_msp.o
    0x08001a38   0x08001a38   0x0000017c   Code   RO         1472    i.HAL_SPI_Transmit  stm32f1xx_hal_spi.o
    0x08001bb4   0x08001bb4   0x0000001c   Code   RO         3479    i.HAL_SYSTICK_CLKSourceConfig  stm32f1xx_hal_cortex.o
    0x08001bd0   0x08001bd0   0x00000002   Code   RO         3480    i.HAL_SYSTICK_Callback  stm32f1xx_hal_cortex.o
    0x08001bd2   0x08001bd2   0x00000028   Code   RO         3481    i.HAL_SYSTICK_Config  stm32f1xx_hal_cortex.o
    0x08001bfa   0x08001bfa   0x00000008   Code   RO         3482    i.HAL_SYSTICK_IRQHandler  stm32f1xx_hal_cortex.o
    0x08001c02   0x08001c02   0x00000002   Code   RO         2441    i.HAL_TIMEx_BreakCallback  stm32f1xx_hal_tim_ex.o
    0x08001c04   0x08001c04   0x00000002   Code   RO         2442    i.HAL_TIMEx_CommutationCallback  stm32f1xx_hal_tim_ex.o
    0x08001c06   0x08001c06   0x00000050   Code   RO         2458    i.HAL_TIMEx_MasterConfigSynchronization  stm32f1xx_hal_tim_ex.o
    0x08001c56   0x08001c56   0x00000038   Code   RO         1802    i.HAL_TIM_Base_Init  stm32f1xx_hal_tim.o
    0x08001c8e   0x08001c8e   0x00000002   PAD
    0x08001c90   0x08001c90   0x00000038   Code   RO          918    i.HAL_TIM_Base_MspInit  stm32f1xx_hal_msp.o
    0x08001cc8   0x08001cc8   0x00000018   Code   RO         1807    i.HAL_TIM_Base_Start_IT  stm32f1xx_hal_tim.o
    0x08001ce0   0x08001ce0   0x0000010e   Code   RO         1811    i.HAL_TIM_ConfigClockSource  stm32f1xx_hal_tim.o
    0x08001dee   0x08001dee   0x00000002   Code   RO         1831    i.HAL_TIM_IC_CaptureCallback  stm32f1xx_hal_tim.o
    0x08001df0   0x08001df0   0x0000016e   Code   RO         1844    i.HAL_TIM_IRQHandler  stm32f1xx_hal_tim.o
    0x08001f5e   0x08001f5e   0x00000002   Code   RO         1847    i.HAL_TIM_OC_DelayElapsedCallback  stm32f1xx_hal_tim.o
    0x08001f60   0x08001f60   0x00000002   Code   RO         1874    i.HAL_TIM_PWM_PulseFinishedCallback  stm32f1xx_hal_tim.o
    0x08001f62   0x08001f62   0x00000002   Code   RO         1881    i.HAL_TIM_PeriodElapsedCallback  stm32f1xx_hal_tim.o
    0x08001f64   0x08001f64   0x00000002   Code   RO         1885    i.HAL_TIM_TriggerCallback  stm32f1xx_hal_tim.o
    0x08001f66   0x08001f66   0x00000002   Code   RO         2695    i.HAL_UART_ErrorCallback  stm32f1xx_hal_uart.o
    0x08001f68   0x08001f68   0x00000110   Code   RO         2698    i.HAL_UART_IRQHandler  stm32f1xx_hal_uart.o
    0x08002078   0x08002078   0x00000064   Code   RO         2699    i.HAL_UART_Init     stm32f1xx_hal_uart.o
    0x080020dc   0x080020dc   0x00000068   Code   RO          920    i.HAL_UART_MspInit  stm32f1xx_hal_msp.o
    0x08002144   0x08002144   0x00000002   Code   RO         2705    i.HAL_UART_RxCpltCallback  stm32f1xx_hal_uart.o
    0x08002146   0x08002146   0x000000cc   Code   RO         2707    i.HAL_UART_Transmit  stm32f1xx_hal_uart.o
    0x08002212   0x08002212   0x00000002   Code   RO         2710    i.HAL_UART_TxCpltCallback  stm32f1xx_hal_uart.o
    0x08002214   0x08002214   0x00000002   Code   RO          823    i.HardFault_Handler  stm32f1xx_it.o
    0x08002216   0x08002216   0x00000028   Code   RO         1069    i.I2C_IsAcknowledgeFailed  stm32f1xx_hal_i2c.o
    0x0800223e   0x0800223e   0x00000002   PAD
    0x08002240   0x08002240   0x00000144   Code   RO         1079    i.I2C_RequestMemoryRead  stm32f1xx_hal_i2c.o
    0x08002384   0x08002384   0x000000c8   Code   RO         1080    i.I2C_RequestMemoryWrite  stm32f1xx_hal_i2c.o
    0x0800244c   0x0800244c   0x0000004c   Code   RO         1088    i.I2C_WaitOnBTFFlagUntilTimeout  stm32f1xx_hal_i2c.o
    0x08002498   0x08002498   0x00000074   Code   RO         1089    i.I2C_WaitOnFlagUntilTimeout  stm32f1xx_hal_i2c.o
    0x0800250c   0x0800250c   0x00000094   Code   RO         1090    i.I2C_WaitOnMasterAddressFlagUntilTimeout  stm32f1xx_hal_i2c.o
    0x080025a0   0x080025a0   0x00000062   Code   RO         1091    i.I2C_WaitOnRXNEFlagUntilTimeout  stm32f1xx_hal_i2c.o
    0x08002602   0x08002602   0x0000004c   Code   RO         1093    i.I2C_WaitOnTXEFlagUntilTimeout  stm32f1xx_hal_i2c.o
    0x0800264e   0x0800264e   0x00000002   PAD
    0x08002650   0x08002650   0x000000a8   Code   RO          419    i.ILI9341_Draw_Char  ili9341_gfx.o
    0x080026f8   0x080026f8   0x000000a4   Code   RO           14    i.ILI9341_Draw_Colour_Burst  ili9341_stm32_driver.o
    0x0800279c   0x0800279c   0x00000040   Code   RO          421    i.ILI9341_Draw_Filled_Rectangle_Coord  ili9341_gfx.o
    0x080027dc   0x080027dc   0x00000160   Code   RO           16    i.ILI9341_Draw_Pixel  ili9341_stm32_driver.o
    0x0800293c   0x0800293c   0x00000060   Code   RO           17    i.ILI9341_Draw_Rectangle  ili9341_stm32_driver.o
    0x0800299c   0x0800299c   0x00000036   Code   RO          425    i.ILI9341_Draw_Text  ili9341_gfx.o
    0x080029d2   0x080029d2   0x00000002   PAD
    0x080029d4   0x080029d4   0x00000010   Code   RO           19    i.ILI9341_Enable    ili9341_stm32_driver.o
    0x080029e4   0x080029e4   0x00000028   Code   RO           20    i.ILI9341_Fill_Screen  ili9341_stm32_driver.o
    0x08002a0c   0x08002a0c   0x00000218   Code   RO           21    i.ILI9341_Init      ili9341_stm32_driver.o
    0x08002c24   0x08002c24   0x00000040   Code   RO           22    i.ILI9341_Reset     ili9341_stm32_driver.o
    0x08002c64   0x08002c64   0x00000010   Code   RO           23    i.ILI9341_SPI_Init  ili9341_stm32_driver.o
    0x08002c74   0x08002c74   0x00000014   Code   RO           24    i.ILI9341_SPI_Send  ili9341_stm32_driver.o
    0x08002c88   0x08002c88   0x00000052   Code   RO           25    i.ILI9341_Set_Address  ili9341_stm32_driver.o
    0x08002cda   0x08002cda   0x00000002   PAD
    0x08002cdc   0x08002cdc   0x00000060   Code   RO           26    i.ILI9341_Set_Rotation  ili9341_stm32_driver.o
    0x08002d3c   0x08002d3c   0x0000003c   Code   RO           27    i.ILI9341_Write_Command  ili9341_stm32_driver.o
    0x08002d78   0x08002d78   0x0000003c   Code   RO           28    i.ILI9341_Write_Data  ili9341_stm32_driver.o
    0x08002db4   0x08002db4   0x0000010c   Code   RO          705    i.MX_GPIO_Init      main.o
    0x08002ec0   0x08002ec0   0x00000050   Code   RO          706    i.MX_I2C1_Init      main.o
    0x08002f10   0x08002f10   0x00000058   Code   RO          707    i.MX_SPI1_Init      main.o
    0x08002f68   0x08002f68   0x00000058   Code   RO          708    i.MX_SPI2_Init      main.o
    0x08002fc0   0x08002fc0   0x0000007c   Code   RO          709    i.MX_TIM2_Init      main.o
    0x0800303c   0x0800303c   0x0000004c   Code   RO          710    i.MX_USART1_UART_Init  main.o
    0x08003088   0x08003088   0x00000002   Code   RO          824    i.MemManage_Handler  stm32f1xx_it.o
    0x0800308a   0x0800308a   0x00000002   Code   RO          825    i.NMI_Handler       stm32f1xx_it.o
    0x0800308c   0x0800308c   0x00000020   Code   RO         3483    i.NVIC_SetPriority  stm32f1xx_hal_cortex.o
    0x080030ac   0x080030ac   0x00000002   Code   RO          826    i.PendSV_Handler    stm32f1xx_it.o
    0x080030ae   0x080030ae   0x00000002   PAD
    0x080030b0   0x080030b0   0x00000024   Code   RO         3178    i.RCC_Delay         stm32f1xx_hal_rcc.o
    0x080030d4   0x080030d4   0x00000016   Code   RO          222    i.RTC_ConvertFromBinDec  clock_ds3231.o
    0x080030ea   0x080030ea   0x00000012   Code   RO          223    i.RTC_ConvertFromDec  clock_ds3231.o
    0x080030fc   0x080030fc   0x0000000c   Code   RO          827    i.SPI1_IRQHandler   stm32f1xx_it.o
    0x08003108   0x08003108   0x00000024   Code   RO         1488    i.SPI_CheckFlag_BSY  stm32f1xx_hal_spi.o
    0x0800312c   0x0800312c   0x00000010   Code   RO         1492    i.SPI_DMAAbortOnError  stm32f1xx_hal_spi.o
    0x0800313c   0x0800313c   0x00000094   Code   RO         1507    i.SPI_WaitFlagStateUntilTimeout  stm32f1xx_hal_spi.o
    0x080031d0   0x080031d0   0x00000002   Code   RO          828    i.SVC_Handler       stm32f1xx_it.o
    0x080031d2   0x080031d2   0x0000000e   Code   RO          829    i.SysTick_Handler   stm32f1xx_it.o
    0x080031e0   0x080031e0   0x00000088   Code   RO          712    i.SystemClock_Config  main.o
    0x08003268   0x08003268   0x00000048   Code   RO         3920    i.SystemInit        system_stm32f1xx.o
    0x080032b0   0x080032b0   0x00000060   Code   RO          830    i.TIM2_IRQHandler   stm32f1xx_it.o
    0x08003310   0x08003310   0x0000006c   Code   RO         1886    i.TIM_Base_SetConfig  stm32f1xx_hal_tim.o
    0x0800337c   0x0800337c   0x00000014   Code   RO         1893    i.TIM_ETR_SetConfig  stm32f1xx_hal_tim.o
    0x08003390   0x08003390   0x00000010   Code   RO         1894    i.TIM_ITRx_SetConfig  stm32f1xx_hal_tim.o
    0x080033a0   0x080033a0   0x00000022   Code   RO         1900    i.TIM_TI1_ConfigInputStage  stm32f1xx_hal_tim.o
    0x080033c2   0x080033c2   0x00000024   Code   RO         1902    i.TIM_TI2_ConfigInputStage  stm32f1xx_hal_tim.o
    0x080033e6   0x080033e6   0x00000010   Code   RO         2712    i.UART_DMAAbortOnError  stm32f1xx_hal_uart.o
    0x080033f6   0x080033f6   0x0000001c   Code   RO         2722    i.UART_EndRxTransfer  stm32f1xx_hal_uart.o
    0x08003412   0x08003412   0x0000001a   Code   RO         2723    i.UART_EndTransmit_IT  stm32f1xx_hal_uart.o
    0x0800342c   0x0800342c   0x0000009c   Code   RO         2725    i.UART_Receive_IT   stm32f1xx_hal_uart.o
    0x080034c8   0x080034c8   0x0000019c   Code   RO         2726    i.UART_SetConfig    stm32f1xx_hal_uart.o
    0x08003664   0x08003664   0x00000066   Code   RO         2727    i.UART_Transmit_IT  stm32f1xx_hal_uart.o
    0x080036ca   0x080036ca   0x00000064   Code   RO         2728    i.UART_WaitOnFlagUntilTimeout  stm32f1xx_hal_uart.o
    0x0800372e   0x0800372e   0x00000002   PAD
    0x08003730   0x08003730   0x0000000c   Code   RO          831    i.USART1_IRQHandler  stm32f1xx_it.o
    0x0800373c   0x0800373c   0x00000002   Code   RO          832    i.UsageFault_Handler  stm32f1xx_it.o
    0x0800373e   0x0800373e   0x00000002   PAD
    0x08003740   0x08003740   0x000000a0   Code   RO          224    i.WRITE_DATA        clock_ds3231.o
    0x080037e0   0x080037e0   0x00000002   Code   RO          713    i._Error_Handler    main.o
    0x080037e2   0x080037e2   0x00000002   PAD
    0x080037e4   0x080037e4   0x00000028   Code   RO         4202    i.__0sprintf        mc_w.l(printfa.o)
    0x0800380c   0x0800380c   0x0000000e   Code   RO         4328    i.__scatterload_copy  mc_w.l(handlers.o)
    0x0800381a   0x0800381a   0x00000002   Code   RO         4329    i.__scatterload_null  mc_w.l(handlers.o)
    0x0800381c   0x0800381c   0x0000000e   Code   RO         4330    i.__scatterload_zeroinit  mc_w.l(handlers.o)
    0x0800382a   0x0800382a   0x00000002   PAD
    0x0800382c   0x0800382c   0x00000184   Code   RO         4207    i._fp_digits        mc_w.l(printfa.o)
    0x080039b0   0x080039b0   0x000006dc   Code   RO         4208    i._printf_core      mc_w.l(printfa.o)
    0x0800408c   0x0800408c   0x00000024   Code   RO         4209    i._printf_post_padding  mc_w.l(printfa.o)
    0x080040b0   0x080040b0   0x0000002e   Code   RO         4210    i._printf_pre_padding  mc_w.l(printfa.o)
    0x080040de   0x080040de   0x0000000a   Code   RO         4212    i._sputc            mc_w.l(printfa.o)
    0x080040e8   0x080040e8   0x00000124   Code   RO          485    i.calulete_humidity  bme280.o
    0x0800420c   0x0800420c   0x0000026c   Code   RO          486    i.calulete_preasure  bme280.o
    0x08004478   0x08004478   0x0000011c   Code   RO          487    i.calulete_temperature  bme280.o
    0x08004594   0x08004594   0x00000050   Code   RO         4228    i.free              mc_w.l(malloc.o)
    0x080045e4   0x080045e4   0x00000908   Code   RO          488    i.init_BME280       bme280.o
    0x08004eec   0x08004eec   0x000000d4   Code   RO          225    i.init_LCD_ILI9341  clock_ds3231.o
    0x08004fc0   0x08004fc0   0x000000f0   Code   RO          714    i.main              main.o
    0x080050b0   0x080050b0   0x0000006c   Code   RO         4229    i.malloc            mc_w.l(malloc.o)
    0x0800511c   0x0800511c   0x00000128   Code   RO          226    i.print_MEMS_in_LCD  clock_ds3231.o
    0x08005244   0x08005244   0x00000028   Code   RO          227    i.print_colon_in_LCD  clock_ds3231.o
    0x0800526c   0x0800526c   0x00000074   Code   RO          228    i.print_data_on_LCD  clock_ds3231.o
    0x080052e0   0x080052e0   0x000000c0   Code   RO          229    i.print_dates_in_LCD  clock_ds3231.o
    0x080053a0   0x080053a0   0x000000c0   Code   RO          230    i.print_days_in_LCD  clock_ds3231.o
    0x08005460   0x08005460   0x00000098   Code   RO          231    i.print_hours_in_LCD  clock_ds3231.o
    0x080054f8   0x080054f8   0x00000080   Code   RO          232    i.print_minutes_in_LCD  clock_ds3231.o
    0x08005578   0x08005578   0x00000070   Code   RO          233    i.print_months_in_LCD  clock_ds3231.o
    0x080055e8   0x080055e8   0x0000005c   Code   RO          234    i.print_seconds_in_LCD  clock_ds3231.o
    0x08005644   0x08005644   0x00000054   Code   RO          235    i.print_year_in_LCD  clock_ds3231.o
    0x08005698   0x08005698   0x000001c8   Code   RO          489    i.read_data_BME280  bme280.o
    0x08005860   0x08005860   0x000000fc   Code   RO          236    i.read_data_from_DS3231  clock_ds3231.o
    0x0800595c   0x0800595c   0x000001c8   Code   RO          237    i.select_dates      clock_ds3231.o
    0x08005b24   0x08005b24   0x0000025c   Code   RO          238    i.select_days       clock_ds3231.o
    0x08005d80   0x08005d80   0x000002f0   Code   RO          239    i.select_hours      clock_ds3231.o
    0x08006070   0x08006070   0x00000214   Code   RO          240    i.select_minutes    clock_ds3231.o
    0x08006284   0x08006284   0x000001c8   Code   RO          241    i.select_month      clock_ds3231.o
    0x0800644c   0x0800644c   0x000001a0   Code   RO          242    i.select_seconds    clock_ds3231.o
    0x080065ec   0x080065ec   0x000001c4   Code   RO          243    i.select_year       clock_ds3231.o
    0x080067b0   0x080067b0   0x00000240   Data   RO          426    .constdata          ili9341_gfx.o
    0x080069f0   0x080069f0   0x000000a7   Data   RO          491    .constdata          bme280.o
    0x08006a97   0x08006a97   0x00000010   Data   RO         3921    .constdata          system_stm32f1xx.o
    0x08006aa7   0x08006aa7   0x00000008   Data   RO         3922    .constdata          system_stm32f1xx.o
    0x08006aaf   0x08006aaf   0x00000001   PAD
    0x08006ab0   0x08006ab0   0x00000020   Data   RO         4326    Region$$Table       anon$$obj.o


    Execution Region RW_IRAM1 (Exec base: 0x20000000, Load base: 0x08006ad0, Size: 0x000008e0, Max: 0x00005000, ABSOLUTE)

    Exec Addr    Load Addr    Size         Type   Attr      Idx    E Section Name        Object

    0x20000000   0x08006ad0   0x00000004   Data   RW           29    .data               ili9341_stm32_driver.o
    0x20000004   0x08006ad4   0x0000002f   Data   RW          246    .data               clock_ds3231.o
    0x20000033   0x08006b03   0x00000001   PAD
    0x20000034   0x08006b04   0x00000034   Data   RW          492    .data               bme280.o
    0x20000068   0x08006b38   0x00000004   Data   RW          723    .data               main.o
    0x2000006c   0x08006b3c   0x00000002   Data   RW          724    .data               main.o
    0x2000006e   0x08006b3e   0x00000002   PAD
    0x20000070   0x08006b40   0x00000004   Data   RW          725    .data               main.o
    0x20000074   0x08006b44   0x00000004   Data   RW          726    .data               main.o
    0x20000078   0x08006b48   0x00000004   Data   RW          727    .data               main.o
    0x2000007c   0x08006b4c   0x00000014   Data   RW          728    .data               main.o
    0x20000090   0x08006b60   0x00000004   Data   RW          730    .data               main.o
    0x20000094   0x08006b64   0x00000004   Data   RW          731    .data               main.o
    0x20000098   0x08006b68   0x00000001   Data   RW          735    .data               main.o
    0x20000099   0x08006b69   0x00000001   Data   RW          736    .data               main.o
    0x2000009a   0x08006b6a   0x00000001   Data   RW          738    .data               main.o
    0x2000009b   0x08006b6b   0x00000001   Data   RW          739    .data               main.o
    0x2000009c   0x08006b6c   0x00000001   Data   RW          740    .data               main.o
    0x2000009d   0x08006b6d   0x00000001   Data   RW          741    .data               main.o
    0x2000009e   0x08006b6e   0x00000001   Data   RW          742    .data               main.o
    0x2000009f   0x08006b6f   0x00000001   Data   RW          743    .data               main.o
    0x200000a0   0x08006b70   0x00000001   Data   RW          744    .data               main.o
    0x200000a1   0x08006b71   0x00000001   Data   RW          745    .data               main.o
    0x200000a2   0x08006b72   0x00000001   Data   RW          746    .data               main.o
    0x200000a3   0x08006b73   0x00000001   Data   RW          747    .data               main.o
    0x200000a4   0x08006b74   0x00000001   Data   RW          748    .data               main.o
    0x200000a5   0x08006b75   0x00000001   Data   RW          749    .data               main.o
    0x200000a6   0x08006b76   0x00000002   PAD
    0x200000a8   0x08006b78   0x00000004   Data   RW          750    .data               main.o
    0x200000ac   0x08006b7c   0x0000000c   Data   RW         3028    .data               stm32f1xx_hal.o
    0x200000b8   0x08006b88   0x00000004   Data   RW         3923    .data               system_stm32f1xx.o
    0x200000bc   0x08006b8c   0x00000004   Data   RW         4313    .data               mc_w.l(mvars.o)
    0x200000c0   0x08006b90   0x00000004   Data   RW         4314    .data               mc_w.l(mvars.o)
    0x200000c4        -       0x00000023   Zero   RW          245    .bss                clock_ds3231.o
    0x200000e7        -       0x0000003c   Zero   RW          490    .bss                bme280.o
    0x20000123        -       0x0000000a   Zero   RW          718    .bss                main.o
    0x2000012d        -       0x00000014   Zero   RW          719    .bss                main.o
    0x20000141        -       0x00000014   Zero   RW          720    .bss                main.o
    0x20000155   0x08006b94   0x00000003   PAD
    0x20000158        -       0x00000184   Zero   RW          722    .bss                main.o
    0x200002dc   0x08006b94   0x00000004   PAD
    0x200002e0        -       0x00000200   Zero   RW            2    HEAP                startup_stm32f103xb.o
    0x200004e0        -       0x00000400   Zero   RW            1    STACK               startup_stm32f103xb.o


==============================================================================

Image component sizes


      Code (inc. data)   RO Data    RW Data    ZI Data      Debug   Object Name

      3964        882        167         52         60       7710   bme280.o
      5736       1068          0         47         35      16039   clock_ds3231.o
       286          6        576          0          0       3274   ili9341_gfx.o
      1602         90          0          4          0     453411   ili9341_stm32_driver.o
      1102        174          0         64        438       6994   main.o
        36          8        236          0       1536        772   startup_stm32f103xb.o
       168         28          0         12          0       3629   stm32f1xx_hal.o
       232         14          0          0          0      27205   stm32f1xx_hal_cortex.o
       152          4          0          0          0       1011   stm32f1xx_hal_dma.o
       520         32          0          0          0       3347   stm32f1xx_hal_gpio.o
      2466         52          0          0          0      12030   stm32f1xx_hal_i2c.o
       544         62          0          0          0       3368   stm32f1xx_hal_msp.o
      1440        100          0          0          0       6336   stm32f1xx_hal_rcc.o
       794          6          0          0          0       5256   stm32f1xx_hal_spi.o
       132          0          0          0          0       1015   stm32f1xx_hal_spi_ex.o
       940         14          0          0          0       9391   stm32f1xx_hal_tim.o
        84          0          0          0          0       2174   stm32f1xx_hal_tim_ex.o
      1422          8          0          0          0       9159   stm32f1xx_hal_uart.o
       150         40          0          0          0       4790   stm32f1xx_it.o
        72         16         24          4          0       1067   system_stm32f1xx.o

    ----------------------------------------------------------------------
     21864       2604       1036        188       2076     577978   Object Totals
         0          0         32          0          0          0   (incl. Generated)
        22          0          1          5          7          0   (incl. Padding)

    ----------------------------------------------------------------------

      Code (inc. data)   RO Data    RW Data    ZI Data      Debug   Library Member Name

         0          0          0          0          0          0   entry.o
         0          0          0          0          0          0   entry10a.o
         0          0          0          0          0          0   entry11a.o
         8          4          0          0          0          0   entry2.o
         4          0          0          0          0          0   entry5.o
         0          0          0          0          0          0   entry7b.o
         0          0          0          0          0          0   entry8b.o
         8          4          0          0          0          0   entry9a.o
        30          0          0          0          0          0   handlers.o
        36          8          0          0          0         68   init.o
         0          0          0          0          0          0   iusefp.o
        30          0          0          0          0         68   llshl.o
        36          0          0          0          0         68   llsshr.o
        32          0          0          0          0         68   llushr.o
       188         20          0          0          0        160   malloc.o
        36          0          0          0          0         68   memcpya.o
        36          0          0          0          0        108   memseta.o
         0          0          0          8          0          0   mvars.o
      2276         86          0          0          0        520   printfa.o
        44          0          0          0          0         80   uidiv.o
        98          0          0          0          0         92   uldiv.o
        48          0          0          0          0         68   cdcmple.o
        48          0          0          0          0         68   cdrcmple.o
        56          0          0          0          0         88   d2f.o
       334          0          0          0          0        148   dadd.o
       222          0          0          0          0        100   ddiv.o
       186          0          0          0          0        176   depilogue.o
        62          0          0          0          0         80   dfixi.o
        50          0          0          0          0         76   dfixui.o
        48          0          0          0          0         68   dfixul.o
        34          0          0          0          0         76   dflti.o
        26          0          0          0          0         76   dfltui.o
       228          0          0          0          0         96   dmul.o
        46          0          0          0          0         80   dscalb.o
        38          0          0          0          0         68   f2d.o
       110          0          0          0          0        168   fepilogue.o
        18          0          0          0          0         68   fflti.o
        24          0          0          0          0         68   fscalb.o

    ----------------------------------------------------------------------
      4444        122          0          8          0       2872   Library Totals
         4          0          0          0          0          0   (incl. Padding)

    ----------------------------------------------------------------------

      Code (inc. data)   RO Data    RW Data    ZI Data      Debug   Library Name

      2862        122          0          8          0       1300   mc_w.l
      1578          0          0          0          0       1572   mf_w.l

    ----------------------------------------------------------------------
      4444        122          0          8          0       2872   Library Totals

    ----------------------------------------------------------------------

==============================================================================


      Code (inc. data)   RO Data    RW Data    ZI Data      Debug   

     26308       2726       1036        196       2076     572266   Grand Totals
     26308       2726       1036        196       2076     572266   ELF Image Totals
     26308       2726       1036        196          0          0   ROM Totals

==============================================================================

    Total RO  Size (Code + RO Data)                27344 (  26.70kB)
    Total RW  Size (RW Data + ZI Data)              2272 (   2.22kB)
    Total ROM Size (Code + RO Data + RW Data)      27540 (  26.89kB)

==============================================================================

