Component: ARM Compiler 5.06 update 6 (build 750) Tool: armlink [4d35ed]

==============================================================================

Section Cross References

    startup_stm32f103xb.o(RESET) refers to startup_stm32f103xb.o(STACK) for __initial_sp
    startup_stm32f103xb.o(RESET) refers to startup_stm32f103xb.o(.text) for Reset_Handler
    startup_stm32f103xb.o(RESET) refers to stm32f1xx_it.o(i.NMI_Handler) for NMI_Handler
    startup_stm32f103xb.o(RESET) refers to stm32f1xx_it.o(i.HardFault_Handler) for HardFault_Handler
    startup_stm32f103xb.o(RESET) refers to stm32f1xx_it.o(i.MemManage_Handler) for MemManage_Handler
    startup_stm32f103xb.o(RESET) refers to stm32f1xx_it.o(i.BusFault_Handler) for BusFault_Handler
    startup_stm32f103xb.o(RESET) refers to stm32f1xx_it.o(i.UsageFault_Handler) for UsageFault_Handler
    startup_stm32f103xb.o(RESET) refers to stm32f1xx_it.o(i.SVC_Handler) for SVC_Handler
    startup_stm32f103xb.o(RESET) refers to stm32f1xx_it.o(i.DebugMon_Handler) for DebugMon_Handler
    startup_stm32f103xb.o(RESET) refers to stm32f1xx_it.o(i.PendSV_Handler) for PendSV_Handler
    startup_stm32f103xb.o(RESET) refers to stm32f1xx_it.o(i.SysTick_Handler) for SysTick_Handler
    startup_stm32f103xb.o(RESET) refers to stm32f1xx_it.o(i.TIM2_IRQHandler) for TIM2_IRQHandler
    startup_stm32f103xb.o(RESET) refers to stm32f1xx_it.o(i.SPI1_IRQHandler) for SPI1_IRQHandler
    startup_stm32f103xb.o(RESET) refers to stm32f1xx_it.o(i.USART1_IRQHandler) for USART1_IRQHandler
    startup_stm32f103xb.o(.text) refers to system_stm32f1xx.o(i.SystemInit) for SystemInit
    startup_stm32f103xb.o(.text) refers to entry.o(.ARM.Collect$$$$00000000) for __main
    ili9341_stm32_driver.o(i.ILI9341_Draw_Colour) refers to stm32f1xx_hal_gpio.o(i.HAL_GPIO_WritePin) for HAL_GPIO_WritePin
    ili9341_stm32_driver.o(i.ILI9341_Draw_Colour) refers to stm32f1xx_hal_spi.o(i.HAL_SPI_Transmit) for HAL_SPI_Transmit
    ili9341_stm32_driver.o(i.ILI9341_Draw_Colour) refers to main.o(.bss) for hspi1
    ili9341_stm32_driver.o(i.ILI9341_Draw_Colour_Burst) refers to stm32f1xx_hal_gpio.o(i.HAL_GPIO_WritePin) for HAL_GPIO_WritePin
    ili9341_stm32_driver.o(i.ILI9341_Draw_Colour_Burst) refers to malloc.o(i.malloc) for malloc
    ili9341_stm32_driver.o(i.ILI9341_Draw_Colour_Burst) refers to stm32f1xx_hal_spi.o(i.HAL_SPI_Transmit) for HAL_SPI_Transmit
    ili9341_stm32_driver.o(i.ILI9341_Draw_Colour_Burst) refers to malloc.o(i.free) for free
    ili9341_stm32_driver.o(i.ILI9341_Draw_Colour_Burst) refers to main.o(.bss) for hspi1
    ili9341_stm32_driver.o(i.ILI9341_Draw_Horizontal_Line) refers to ili9341_stm32_driver.o(i.ILI9341_Set_Address) for ILI9341_Set_Address
    ili9341_stm32_driver.o(i.ILI9341_Draw_Horizontal_Line) refers to ili9341_stm32_driver.o(i.ILI9341_Draw_Colour_Burst) for ILI9341_Draw_Colour_Burst
    ili9341_stm32_driver.o(i.ILI9341_Draw_Horizontal_Line) refers to ili9341_stm32_driver.o(.data) for .data
    ili9341_stm32_driver.o(i.ILI9341_Draw_Pixel) refers to stm32f1xx_hal_gpio.o(i.HAL_GPIO_WritePin) for HAL_GPIO_WritePin
    ili9341_stm32_driver.o(i.ILI9341_Draw_Pixel) refers to ili9341_stm32_driver.o(i.ILI9341_SPI_Send) for ILI9341_SPI_Send
    ili9341_stm32_driver.o(i.ILI9341_Draw_Pixel) refers to stm32f1xx_hal_spi.o(i.HAL_SPI_Transmit) for HAL_SPI_Transmit
    ili9341_stm32_driver.o(i.ILI9341_Draw_Pixel) refers to ili9341_stm32_driver.o(.data) for .data
    ili9341_stm32_driver.o(i.ILI9341_Draw_Pixel) refers to main.o(.bss) for hspi1
    ili9341_stm32_driver.o(i.ILI9341_Draw_Rectangle) refers to ili9341_stm32_driver.o(i.ILI9341_Set_Address) for ILI9341_Set_Address
    ili9341_stm32_driver.o(i.ILI9341_Draw_Rectangle) refers to ili9341_stm32_driver.o(i.ILI9341_Draw_Colour_Burst) for ILI9341_Draw_Colour_Burst
    ili9341_stm32_driver.o(i.ILI9341_Draw_Rectangle) refers to ili9341_stm32_driver.o(.data) for .data
    ili9341_stm32_driver.o(i.ILI9341_Draw_Vertical_Line) refers to ili9341_stm32_driver.o(i.ILI9341_Set_Address) for ILI9341_Set_Address
    ili9341_stm32_driver.o(i.ILI9341_Draw_Vertical_Line) refers to ili9341_stm32_driver.o(i.ILI9341_Draw_Colour_Burst) for ILI9341_Draw_Colour_Burst
    ili9341_stm32_driver.o(i.ILI9341_Draw_Vertical_Line) refers to ili9341_stm32_driver.o(.data) for .data
    ili9341_stm32_driver.o(i.ILI9341_Enable) refers to stm32f1xx_hal_gpio.o(i.HAL_GPIO_WritePin) for HAL_GPIO_WritePin
    ili9341_stm32_driver.o(i.ILI9341_Fill_Screen) refers to ili9341_stm32_driver.o(i.ILI9341_Set_Address) for ILI9341_Set_Address
    ili9341_stm32_driver.o(i.ILI9341_Fill_Screen) refers to ili9341_stm32_driver.o(i.ILI9341_Draw_Colour_Burst) for ILI9341_Draw_Colour_Burst
    ili9341_stm32_driver.o(i.ILI9341_Fill_Screen) refers to ili9341_stm32_driver.o(.data) for .data
    ili9341_stm32_driver.o(i.ILI9341_Init) refers to ili9341_stm32_driver.o(i.ILI9341_Enable) for ILI9341_Enable
[...]
    i.HAL_GPIO_WritePin                      0x08000e16   Section        0  stm32f1xx_hal_gpio.o(i.HAL_GPIO_WritePin)
    i.HAL_GetTick                            0x08000e24   Section        0  stm32f1xx_hal.o(i.HAL_GetTick)
    i.HAL_I2C_Init                           0x08000e30   Section        0  stm32f1xx_hal_i2c.o(i.HAL_I2C_Init)
    i.HAL_I2C_Mem_Read                       0x08000f80   Section        0  stm32f1xx_hal_i2c.o(i.HAL_I2C_Mem_Read)
    i.HAL_I2C_Mem_Write                      0x0800123c   Section        0  stm32f1xx_hal_i2c.o(i.HAL_I2C_Mem_Write)
    i.HAL_I2C_MspInit                        0x0800139c   Section        0  stm32f1xx_hal_msp.o(i.HAL_I2C_MspInit)
    i.HAL_IncTick                            0x080013e0   Section        0  stm32f1xx_hal.o(i.HAL_IncTick)
    i.HAL_Init                               0x080013f0   Section        0  stm32f1xx_hal.o(i.HAL_Init)
    i.HAL_InitTick                           0x08001414   Section        0  stm32f1xx_hal.o(i.HAL_InitTick)
    i.HAL_MspInit                            0x08001458   Section        0  stm32f1xx_hal_msp.o(i.HAL_MspInit)
    i.HAL_NVIC_EnableIRQ                     0x080014e8   Section        0  stm32f1xx_hal_cortex.o(i.HAL_NVIC_EnableIRQ)
    i.HAL_NVIC_SetPriority                   0x08001500   Section        0  stm32f1xx_hal_cortex.o(i.HAL_NVIC_SetPriority)
    i.HAL_NVIC_SetPriorityGrouping           0x08001540   Section        0  stm32f1xx_hal_cortex.o(i.HAL_NVIC_SetPriorityGrouping)
    i.HAL_RCC_ClockConfig                    0x08001564   Section        0  stm32f1xx_hal_rcc.o(i.HAL_RCC_ClockConfig)
    i.HAL_RCC_GetHCLKFreq                    0x080016c8   Section        0  stm32f1xx_hal_rcc.o(i.HAL_RCC_GetHCLKFreq)
    i.HAL_RCC_GetPCLK1Freq                   0x080016d4   Section        0  stm32f1xx_hal_rcc.o(i.HAL_RCC_GetPCLK1Freq)
    i.HAL_RCC_GetPCLK2Freq                   0x080016f4   Section        0  stm32f1xx_hal_rcc.o(i.HAL_RCC_GetPCLK2Freq)
    i.HAL_RCC_GetSysClockFreq                0x08001714   Section        0  stm32f1xx_hal_rcc.o(i.HAL_RCC_GetSysClockFreq)
    i.HAL_RCC_OscConfig                      0x08001788   Section        0  stm32f1xx_hal_rcc.o(i.HAL_RCC_OscConfig)
    i.HAL_SPI_ErrorCallback                  0x08001ae0   Section        0  stm32f1xx_hal_spi.o(i.HAL_SPI_ErrorCallback)
    i.HAL_SPI_IRQHandler                     0x08001ae4   Section        0  stm32f1xx_hal_spi.o(i.HAL_SPI_IRQHandler)
    i.HAL_SPI_Init                           0x08001bb8   Section        0  stm32f1xx_hal_spi_ex.o(i.HAL_SPI_Init)
    i.HAL_SPI_MspInit                        0x08001c3c   Section        0  stm32f1xx_hal_msp.o(i.HAL_SPI_MspInit)
    i.HAL_SPI_Transmit                       0x08001ce8   Section        0  stm32f1xx_hal_spi.o(i.HAL_SPI_Transmit)
    i.HAL_SYSTICK_CLKSourceConfig            0x08001e64   Section        0  stm32f1xx_hal_cortex.o(i.HAL_SYSTICK_CLKSourceConfig)
    i.HAL_SYSTICK_Callback                   0x08001e80   Section        0  stm32f1xx_hal_cortex.o(i.HAL_SYSTICK_Callback)
    i.HAL_SYSTICK_Config                     0x08001e82   Section        0  stm32f1xx_hal_cortex.o(i.HAL_SYSTICK_Config)
    i.HAL_SYSTICK_IRQHandler                 0x08001eaa   Section        0  stm32f1xx_hal_cortex.o(i.HAL_SYSTICK_IRQHandler)
    i.HAL_TIMEx_BreakCallback                0x08001eb2   Section        0  stm32f1xx_hal_tim_ex.o(i.HAL_TIMEx_BreakCallback)
    i.HAL_TIMEx_CommutationCallback          0x08001eb4   Section        0  stm32f1xx_hal_tim_ex.o(i.HAL_TIMEx_CommutationCallback)
    i.HAL_TIMEx_MasterConfigSynchronization  0x08001eb6   Section        0  stm32f1xx_hal_tim_ex.o(i.HAL_TIMEx_MasterConfigSynchronization)
    i.HAL_TIM_Base_Init                      0x08001f06   Section        0  stm32f1xx_hal_tim.o(i.HAL_TIM_Base_Init)
    i.HAL_TIM_Base_MspInit                   0x08001f40   Section        0  stm32f1xx_hal_msp.o(i.HAL_TIM_Base_MspInit)
    i.HAL_TIM_Base_Start_IT                  0x08001f78   Section        0  stm32f1xx_hal_tim.o(i.HAL_TIM_Base_Start_IT)
    i.HAL_TIM_ConfigClockSource              0x08001f90   Section        0  stm32f1xx_hal_tim.o(i.HAL_TIM_ConfigClockSource)
    i.HAL_TIM_IC_CaptureCallback             0x0800209e   Section        0  stm32f1xx_hal_tim.o(i.HAL_TIM_IC_CaptureCallback)
    i.HAL_TIM_IRQHandler                     0x080020a0   Section        0  stm32f1xx_hal_tim.o(i.HAL_TIM_IRQHandler)
    i.HAL_TIM_OC_DelayElapsedCallback        0x0800220e   Section        0  stm32f1xx_hal_tim.o(i.HAL_TIM_OC_DelayElapsedCallback)
    i.HAL_TIM_PWM_PulseFinishedCallback      0x08002210   Section        0  stm32f1xx_hal_tim.o(i.HAL_TIM_PWM_PulseFinishedCallback)
    i.HAL_TIM_PeriodElapsedCallback          0x08002212   Section        0  stm32f1xx_hal_tim.o(i.HAL_TIM_PeriodElapsedCallback)
    i.HAL_TIM_TriggerCallback                0x08002214   Section        0  stm32f1xx_hal_tim.o(i.HAL_TIM_TriggerCallback)
    i.HAL_UART_ErrorCallback                 0x08002216   Section        0  stm32f1xx_hal_uart.o(i.HAL_UART_ErrorCallback)
    i.HAL_UART_IRQHandler                    0x08002218   Section        0  stm32f1xx_hal_uart.o(i.HAL_UART_IRQHandler)
    i.HAL_UART_Init                          0x08002328   Section        0  stm32f1xx_hal_uart.o(i.HAL_UART_Init)
    i.HAL_UART_MspInit                       0x0800238c   Section        0  stm32f1xx_hal_msp.o(i.HAL_UART_MspInit)
    i.HAL_UART_RxCpltCallback                0x080023f4   Section        0  stm32f1xx_hal_uart.o(i.HAL_UART_RxCpltCallback)
    i.HAL_UART_Transmit                      0x080023f6   Section        0  stm32f1xx_hal_uart.o(i.HAL_UART_Transmit)
    i.HAL_UART_TxCpltCallback                0x080024c2   Section        0  stm32f1xx_hal_uart.o(i.HAL_UART_TxCpltCallback)
    i.HardFault_Handler                      0x080024c4   Section        0  stm32f1xx_it.o(i.HardFault_Handler)
    i.I2C_IsAcknowledgeFailed                0x080024c6   Section        0  stm32f1xx_hal_i2c.o(i.I2C_IsAcknowledgeFailed)
    I2C_IsAcknowledgeFailed                  0x080024c7   Thumb Code    40  stm32f1xx_hal_i2c.o(i.I2C_IsAcknowledgeFailed)
    i.I2C_RequestMemoryRead                  0x080024f0   Section        0  stm32f1xx_hal_i2c.o(i.I2C_RequestMemoryRead)
    I2C_RequestMemoryRead                    0x080024f1   Thumb Code   318  stm32f1xx_hal_i2c.o(i.I2C_RequestMemoryRead)
    i.I2C_RequestMemoryWrite                 0x08002634   Section        0  stm32f1xx_hal_i2c.o(i.I2C_RequestMemoryWrite)
    I2C_RequestMemoryWrite                   0x08002635   Thumb Code   194  stm32f1xx_hal_i2c.o(i.I2C_RequestMemoryWrite)
    i.I2C_WaitOnBTFFlagUntilTimeout          0x080026fc   Section        0  stm32f1xx_hal_i2c.o(i.I2C_WaitOnBTFFlagUntilTimeout)
    I2C_WaitOnBTFFlagUntilTimeout            0x080026fd   Thumb Code    76  stm32f1xx_hal_i2c.o(i.I2C_WaitOnBTFFlagUntilTimeout)
    i.I2C_WaitOnFlagUntilTimeout             0x08002748   Section        0  stm32f1xx_hal_i2c.o(i.I2C_WaitOnFlagUntilTimeout)
    I2C_WaitOnFlagUntilTimeout               0x08002749   Thumb Code   116  stm32f1xx_hal_i2c.o(i.I2C_WaitOnFlagUntilTimeout)
    i.I2C_WaitOnMasterAddressFlagUntilTimeout 0x080027bc   Section        0  stm32f1xx_hal_i2c.o(i.I2C_WaitOnMasterAddressFlagUntilTimeout)
    I2C_WaitOnMasterAddressFlagUntilTimeout  0x080027bd   Thumb Code   148  stm32f1xx_hal_i2c.o(i.I2C_WaitOnMasterAddressFlagUntilTimeout)
    i.I2C_WaitOnRXNEFlagUntilTimeout         0x08002850   Section        0  stm32f1xx_hal_i2c.o(i.I2C_WaitOnRXNEFlagUntilTimeout)
    I2C_WaitOnRXNEFlagUntilTimeout           0x08002851   Thumb Code    98  stm32f1xx_hal_i2c.o(i.I2C_WaitOnRXNEFlagUntilTimeout)
    i.I2C_WaitOnTXEFlagUntilTimeout          0x080028b2   Section        0  stm32f1xx_hal_i2c.o(i.I2C_WaitOnTXEFlagUntilTimeout)
    I2C_WaitOnTXEFlagUntilTimeout            0x080028b3   Thumb Code    76  stm32f1xx_hal_i2c.o(i.I2C_WaitOnTXEFlagUntilTimeout)
    i.ILI9341_Draw_Char                      0x08002900   Section        0  ili9341_gfx.o(i.ILI9341_Draw_Char)
    i.ILI9341_Draw_Colour_Burst              0x080029a8   Section        0  ili9341_stm32_driver.o(i.ILI9341_Draw_Colour_Burst)
    i.ILI9341_Draw_Filled_Rectangle_Coord    0x08002a4c   Section        0  ili9341_gfx.o(i.ILI9341_Draw_Filled_Rectangle_Coord)
    i.ILI9341_Draw_Pixel                     0x08002a8c   Section        0  ili9341_stm32_driver.o(i.ILI9341_Draw_Pixel)
    i.ILI9341_Draw_Rectangle                 0x08002bec   Section        0  ili9341_stm32_driver.o(i.ILI9341_Draw_Rectangle)
    i.ILI9341_Draw_Text                      0x08002c4c   Section        0  ili9341_gfx.o(i.ILI9341_Draw_Text)
    i.ILI9341_Enable                         0x08002c84   Section        0  ili9341_stm32_driver.o(i.ILI9341_Enable)
    i.ILI9341_Fill_Screen                    0x08002c94   Section        0  ili9341_stm32_driver.o(i.ILI9341_Fill_Screen)
    i.ILI9341_Init                           0x08002cbc   Section        0  ili9341_stm32_driver.o(i.ILI9341_Init)
    i.ILI9341_Reset                          0x08002ed4   Section        0  ili9341_stm32_driver.o(i.ILI9341_Reset)
    i.ILI9341_SPI_Init                       0x08002f14   Section        0  ili9341_stm32_driver.o(i.ILI9341_SPI_Init)
    i.ILI9341_SPI_Send                       0x08002f24   Section        0  ili9341_stm32_driver.o(i.ILI9341_SPI_Send)
    i.ILI9341_Set_Address                    0x08002f38   Section        0  ili9341_stm32_driver.o(i.ILI9341_Set_Address)
    i.ILI9341_Set_Rotation                   0x08002f8c   Section        0  ili9341_stm32_driver.o(i.ILI9341_Set_Rotation)
    i.ILI9341_Write_Command                  0x08002fec   Section        0  ili9341_stm32_driver.o(i.ILI9341_Write_Command)
    i.ILI9341_Write_Data                     0x08003028   Section        0  ili9341_stm32_driver.o(i.ILI9341_Write_Data)
    i.MX_GPIO_Init                           0x08003064   Section        0  main.o(i.MX_GPIO_Init)
    MX_GPIO_Init                             0x08003065   Thumb Code   252  main.o(i.MX_GPIO_Init)
    i.MX_I2C1_Init                           0x08003170   Section        0  main.o(i.MX_I2C1_Init)
    MX_I2C1_Init                             0x08003171   Thumb Code    52  main.o(i.MX_I2C1_Init)
    i.MX_SPI1_Init                           0x080031c0   Section        0  main.o(i.MX_SPI1_Init)
    MX_SPI1_Init                             0x080031c1   Thumb Code    64  main.o(i.MX_SPI1_Init)
    i.MX_SPI2_Init                           0x08003218   Section        0  main.o(i.MX_SPI2_Init)
    MX_SPI2_Init                             0x08003219   Thumb Code    64  main.o(i.MX_SPI2_Init)
    i.MX_TIM2_Init                           0x08003270   Section        0  main.o(i.MX_TIM2_Init)
    MX_TIM2_Init                             0x08003271   Thumb Code   102  main.o(i.MX_TIM2_Init)
    i.MX_USART1_UART_Init                    0x080032ec   Section        0  main.o(i.MX_USART1_UART_Init)
    MX_USART1_UART_Init                      0x080032ed   Thumb Code    50  main.o(i.MX_USART1_UART_Init)
    i.MemManage_Handler                      0x08003338   Section        0  stm32f1xx_it.o(i.MemManage_Handler)
    i.NMI_Handler                            0x0800333a   Section        0  stm32f1xx_it.o(i.NMI_Handler)
    i.NVIC_SetPriority                       0x0800333c   Section        0  stm32f1xx_hal_cortex.o(i.NVIC_SetPriority)
    NVIC_SetPriority                         0x0800333d   Thumb Code    32  stm32f1xx_hal_cortex.o(i.NVIC_SetPriority)
    i.PendSV_Handler                         0x0800335c   Section        0  stm32f1xx_it.o(i.PendSV_Handler)
    i.RCC_Delay                              0x08003360   Section        0  stm32f1xx_hal_rcc.o(i.RCC_Delay)
    RCC_Delay                                0x08003361   Thumb Code    30  stm32f1xx_hal_rcc.o(i.RCC_Delay)
    i.RTC_ConvertFromBinDec                  0x08003384   Section        0  clock_ds3231.o(i.RTC_ConvertFromBinDec)
    i.RTC_ConvertFromDec                     0x0800339a   Section        0  clock_ds3231.o(i.RTC_ConvertFromDec)
    i.SPI1_IRQHandler                        0x080033ac   Section        0  stm32f1xx_it.o(i.SPI1_IRQHandler)
    i.SPI_CheckFlag_BSY                      0x080033b8   Section        0  stm32f1xx_hal_spi.o(i.SPI_CheckFlag_BSY)
    SPI_CheckFlag_BSY                        0x080033b9   Thumb Code    36  stm32f1xx_hal_spi.o(i.SPI_CheckFlag_BSY)
    i.SPI_DMAAbortOnError                    0x080033dc   Section        0  stm32f1xx_hal_spi.o(i.SPI_DMAAbortOnError)
    SPI_DMAAbortOnError                      0x080033dd   Thumb Code    16  stm32f1xx_hal_spi.o(i.SPI_DMAAbortOnError)
    i.SPI_WaitFlagStateUntilTimeout          0x080033ec   Section        0  stm32f1xx_hal_spi.o(i.SPI_WaitFlagStateUntilTimeout)
    SPI_WaitFlagStateUntilTimeout            0x080033ed   Thumb Code   148  stm32f1xx_hal_spi.o(i.SPI_WaitFlagStateUntilTimeout)
    i.SVC_Handler                            0x08003480   Section        0  stm32f1xx_it.o(i.SVC_Handler)
    i.SysTick_Handler                        0x08003482   Section        0  stm32f1xx_it.o(i.SysTick_Handler)
    i.SystemClock_Config                     0x08003490   Section        0  main.o(i.SystemClock_Config)
    i.SystemInit                             0x08003518   Section        0  system_stm32f1xx.o(i.SystemInit)
    i.TIM2_IRQHandler                        0x08003560   Section        0  stm32f1xx_it.o(i.TIM2_IRQHandler)
    i.TIM_Base_SetConfig                     0x080035c0   Section        0  stm32f1xx_hal_tim.o(i.TIM_Base_SetConfig)
    i.TIM_ETR_SetConfig                      0x0800362c   Section        0  stm32f1xx_hal_tim.o(i.TIM_ETR_SetConfig)
    TIM_ETR_SetConfig                        0x0800362d   Thumb Code    20  stm32f1xx_hal_tim.o(i.TIM_ETR_SetConfig)
    i.TIM_ITRx_SetConfig                     0x08003640   Section        0  stm32f1xx_hal_tim.o(i.TIM_ITRx_SetConfig)
    TIM_ITRx_SetConfig                       0x08003641   Thumb Code    16  stm32f1xx_hal_tim.o(i.TIM_ITRx_SetConfig)
    i.TIM_TI1_ConfigInputStage               0x08003650   Section        0  stm32f1xx_hal_tim.o(i.TIM_TI1_ConfigInputStage)
    TIM_TI1_ConfigInputStage                 0x08003651   Thumb Code    34  stm32f1xx_hal_tim.o(i.TIM_TI1_ConfigInputStage)
    i.TIM_TI2_ConfigInputStage               0x08003672   Section        0  stm32f1xx_hal_tim.o(i.TIM_TI2_ConfigInputStage)
    TIM_TI2_ConfigInputStage                 0x08003673   Thumb Code    36  stm32f1xx_hal_tim.o(i.TIM_TI2_ConfigInputStage)
    i.UART_DMAAbortOnError                   0x08003696   Section        0  stm32f1xx_hal_uart.o(i.UART_DMAAbortOnError)
    UART_DMAAbortOnError                     0x08003697   Thumb Code    16  stm32f1xx_hal_uart.o(i.UART_DMAAbortOnError)
    i.UART_EndRxTransfer                     0x080036a6   Section        0  stm32f1xx_hal_uart.o(i.UART_EndRxTransfer)
    UART_EndRxTransfer                       0x080036a7   Thumb Code    28  stm32f1xx_hal_uart.o(i.UART_EndRxTransfer)
    i.UART_EndTransmit_IT                    0x080036c2   Section        0  stm32f1xx_hal_uart.o(i.UART_EndTransmit_IT)
    UART_EndTransmit_IT                      0x080036c3   Thumb Code    26  stm32f1xx_hal_uart.o(i.UART_EndTransmit_IT)
    i.UART_Receive_IT                        0x080036dc   Section        0  stm32f1xx_hal_uart.o(i.UART_Receive_IT)
    UART_Receive_IT                          0x080036dd   Thumb Code   156  stm32f1xx_hal_uart.o(i.UART_Receive_IT)
    i.UART_SetConfig                         0x08003778   Section        0  stm32f1xx_hal_uart.o(i.UART_SetConfig)
    UART_SetConfig                           0x08003779   Thumb Code   408  stm32f1xx_hal_uart.o(i.UART_SetConfig)
    i.UART_Transmit_IT                       0x08003914   Section        0  stm32f1xx_hal_uart.o(i.UART_Transmit_IT)
    UART_Transmit_IT                         0x08003915   Thumb Code   102  stm32f1xx_hal_uart.o(i.UART_Transmit_IT)
    i.UART_WaitOnFlagUntilTimeout            0x0800397a   Section        0  stm32f1xx_hal_uart.o(i.UART_WaitOnFlagUntilTimeout)
    UART_WaitOnFlagUntilTimeout              0x0800397b   Thumb Code   100  stm32f1xx_hal_uart.o(i.UART_WaitOnFlagUntilTimeout)
    i.USART1_IRQHandler                      0x080039e0   Section        0  stm32f1xx_it.o(i.USART1_IRQHandler)
    i.UsageFault_Handler                     0x080039ec   Section        0  stm32f1xx_it.o(i.UsageFault_Handler)
    i.WRITE_DATA                             0x080039f0   Section        0  clock_ds3231.o(i.WRITE_DATA)
    i._Error_Handler                         0x08003a90   Section        0  main.o(i._Error_Handler)
    i.__0sprintf                             0x08003a94   Section        0  printfa.o(i.__0sprintf)
    i.__scatterload_copy                     0x08003abc   Section       14  handlers.o(i.__scatterload_copy)
    i.__scatterload_null                     0x08003aca   Section        2  handlers.o(i.__scatterload_null)
    i.__scatterload_zeroinit                 0x08003acc   Section       14  handlers.o(i.__scatterload_zeroinit)
    i._fp_digits                             0x08003adc   Section        0  printfa.o(i._fp_digits)
    _fp_digits                               0x08003add   Thumb Code   366  printfa.o(i._fp_digits)
    i._printf_core                           0x08003c60   Section        0  printfa.o(i._printf_core)
    _printf_core                             0x08003c61   Thumb Code  1744  printfa.o(i._printf_core)
    i._printf_post_padding                   0x0800433c   Section        0  printfa.o(i._printf_post_padding)
    _printf_post_padding                     0x0800433d   Thumb Code    36  printfa.o(i._printf_post_padding)
    i._printf_pre_padding                    0x08004360   Section        0  printfa.o(i._printf_pre_padding)
    _printf_pre_padding                      0x08004361   Thumb Code    46  printfa.o(i._printf_pre_padding)
    i._sputc                                 0x0800438e   Section        0  printfa.o(i._sputc)
    _sputc                                   0x0800438f   Thumb Code    10  printfa.o(i._sputc)
    i.bme280_compensate_H_int32              0x08004398   Section        0  bme280.o(i.bme280_compensate_H_int32)
    i.free                                   0x08004448   Section        0  malloc.o(i.free)
    i.init_BME280                            0x08004498   Section        0  bme280.o(i.init_BME280)
    i.init_LCD_ILI9341                       0x08004808   Section        0  clock_ds3231.o(i.init_LCD_ILI9341)
    i.main                                   0x08004830   Section        0  main.o(i.main)
    i.malloc                                 0x08004920   Section        0  malloc.o(i.malloc)
    i.print_MEMS_in_LCD                      0x0800498c   Section        0  clock_ds3231.o(i.print_MEMS_in_LCD)
    i.print_colon_in_LCD                     0x08004a98   Section        0  clock_ds3231.o(i.print_colon_in_LCD)
    i.print_data_on_LCD                      0x08004ac0   Section        0  clock_ds3231.o(i.print_data_on_LCD)
    i.print_dates_in_LCD                     0x08004b34   Section        0  clock_ds3231.o(i.print_dates_in_LCD)
    i.print_days_in_LCD                      0x08004bf4   Section        0  clock_ds3231.o(i.print_days_in_LCD)
    i.print_hours_in_LCD                     0x08004cb4   Section        0  clock_ds3231.o(i.print_hours_in_LCD)
    i.print_minutes_in_LCD                   0x08004d4c   Section        0  clock_ds3231.o(i.print_minutes_in_LCD)
    i.print_months_in_LCD                    0x08004dcc   Section        0  clock_ds3231.o(i.print_months_in_LCD)
    i.print_seconds_in_LCD                   0x08004e3c   Section        0  clock_ds3231.o(i.print_seconds_in_LCD)
    i.print_year_in_LCD                      0x08004e98   Section        0  clock_ds3231.o(i.print_year_in_LCD)
    i.read_data_BME280                       0x08004eec   Section        0  bme280.o(i.read_data_BME280)
    i.read_data_from_DS3231                  0x08005030   Section        0  clock_ds3231.o(i.read_data_from_DS3231)
    i.select_dates                           0x0800512c   Section        0  clock_ds3231.o(i.select_dates)
    i.select_days                            0x080052f4   Section        0  clock_ds3231.o(i.select_days)
    i.select_hours                           0x08005550   Section        0  clock_ds3231.o(i.select_hours)
    i.select_minutes                         0x08005840   Section        0  clock_ds3231.o(i.select_minutes)
    i.select_month                           0x08005a54   Section        0  clock_ds3231.o(i.select_month)
    i.select_seconds                         0x08005c1c   Section        0  clock_ds3231.o(i.select_seconds)
    i.select_year                            0x08005dbc   Section        0  clock_ds3231.o(i.select_year)
    .constdata                               0x08005f80   Section      576  ili9341_gfx.o(.constdata)
    font                                     0x08005f80   Data         576  ili9341_gfx.o(.constdata)
    .constdata                               0x080061c0   Section       16  system_stm32f1xx.o(.constdata)
    .constdata                               0x080061d0   Section        8  system_stm32f1xx.o(.constdata)
    .data                                    0x20000000   Section        4  ili9341_stm32_driver.o(.data)
    .data                                    0x20000004   Section       47  clock_ds3231.o(.data)
    .data                                    0x20000034   Section       64  bme280.o(.data)
    .data                                    0x20000074   Section        2  main.o(.data)
    .data                                    0x20000076   Section        2  main.o(.data)
    .data                                    0x20000078   Section        4  main.o(.data)
    .data                                    0x2000007c   Section       20  main.o(.data)
    .data                                    0x20000090   Section        4  main.o(.data)
    .data                                    0x20000094   Section        4  main.o(.data)
    .data                                    0x20000098   Section        1  main.o(.data)
    .data                                    0x20000099   Section        1  main.o(.data)
    .data                                    0x2000009a   Section        1  main.o(.data)
    .data                                    0x2000009b   Section        1  main.o(.data)
    .data                                    0x2000009c   Section        1  main.o(.data)
    .data                                    0x2000009d   Section        1  main.o(.data)
    .data                                    0x2000009e   Section        1  main.o(.data)
    .data                                    0x2000009f   Section        1  main.o(.data)
    .data                                    0x200000a0   Section        1  main.o(.data)
    .data                                    0x200000a1   Section        1  main.o(.data)
    .data                                    0x200000a2   Section        1  main.o(.data)
    .data                                    0x200000a3   Section        1  main.o(.data)
    .data                                    0x200000a4   Section        1  main.o(.data)
    .data                                    0x200000a5   Section        1  main.o(.data)
    .data                                    0x200000a8   Section        4  main.o(.data)
    .data                                    0x200000ac   Section       12  stm32f1xx_hal.o(.data)
    .data                                    0x200000b8   Section        4  system_stm32f1xx.o(.data)
    .data                                    0x200000bc   Section        4  mvars.o(.data)
    .data                                    0x200000c0   Section        4  mvars.o(.data)
    .bss                                     0x200000c4   Section       35  clock_ds3231.o(.bss)
    .bss                                     0x200000e7   Section      315  bme280.o(.bss)
    .bss                                     0x20000222   Section       10  main.o(.bss)
    .bss                                     0x2000022c   Section       20  main.o(.bss)
    .bss                                     0x20000240   Section       20  main.o(.bss)
    .bss                                     0x20000254   Section      388  main.o(.bss)
    HEAP                                     0x200003d8   Section      512  startup_stm32f103xb.o(HEAP)
    STACK                                    0x200005d8   Section     1024  startup_stm32f103xb.o(STACK)

    Global Symbols

    Symbol Name                              Value     Ov Type        Size  Object(Section)

    BuildAttributes$$THM_ISAv4$P$D$K$B$S$PE$A:L22UL41UL21$X:L11$S22US41US21$IEEE1$IW$USESV6$~STKCKD$USESV7$~SHL$OTIME$ROPI$EBA8$MICROLIB$REQ8$PRES8$EABIv2 0x00000000   Number         0  anon$$obj.o ABSOLUTE
    __ARM_use_no_argv                        0x00000000   Number         0  main.o ABSOLUTE
    _printf_a                                0x00000000   Number         0  stubs.o ABSOLUTE
    _printf_c                                0x00000000   Number         0  stubs.o ABSOLUTE
    _printf_charcount                        0x00000000   Number         0  stubs.o ABSOLUTE
    _printf_d                                0x00000000   Number         0  stubs.o ABSOLUTE
    _printf_e                                0x00000000   Number         0  stubs.o ABSOLUTE
    _printf_f                                0x00000000   Number         0  stubs.o ABSOLUTE
    _printf_flags                            0x00000000   Number         0  stubs.o ABSOLUTE
    _printf_fp_dec                           0x00000000   Number         0  stubs.o ABSOLUTE
    _printf_fp_hex                           0x00000000   Number         0  stubs.o ABSOLUTE
    _printf_g                                0x00000000   Number         0  stubs.o ABSOLUTE
    _printf_i                                0x00000000   Number         0  stubs.o ABSOLUTE
    _printf_int_dec                          0x00000000   Number         0  stubs.o ABSOLUTE
    _printf_l                                0x00000000   Number         0  stubs.o ABSOLUTE
    _printf_lc                               0x00000000   Number         0  stubs.o ABSOLUTE
    _printf_ll                               0x00000000   Number         0  stubs.o ABSOLUTE
    _printf_lld                              0x00000000   Number         0  stubs.o ABSOLUTE
    _printf_lli                              0x00000000   Number         0  stubs.o ABSOLUTE
    _printf_llo                              0x00000000   Number         0  stubs.o ABSOLUTE
    _printf_llu                              0x00000000   Number         0  stubs.o ABSOLUTE
    _printf_llx                              0x00000000   Number         0  stubs.o ABSOLUTE
    _printf_longlong_dec                     0x00000000   Number         0  stubs.o ABSOLUTE
    _printf_longlong_hex                     0x00000000   Number         0  stubs.o ABSOLUTE
    _printf_longlong_oct                     0x00000000   Number         0  stubs.o ABSOLUTE
    _printf_ls                               0x00000000   Number         0  stubs.o ABSOLUTE
    _printf_mbtowc                           0x00000000   Number         0  stubs.o ABSOLUTE
    _printf_n                                0x00000000   Number         0  stubs.o ABSOLUTE
    _printf_o                                0x00000000   Number         0  stubs.o ABSOLUTE
    _printf_p                                0x00000000   Number         0  stubs.o ABSOLUTE
    _printf_percent                          0x00000000   Number         0  stubs.o ABSOLUTE
    _printf_pre_padding                      0x00000000   Number         0  stubs.o ABSOLUTE
    _printf_return_value                     0x00000000   Number         0  stubs.o ABSOLUTE
    _printf_s                                0x00000000   Number         0  stubs.o ABSOLUTE
    _printf_sizespec                         0x00000000   Number         0  stubs.o ABSOLUTE
    _printf_str                              0x00000000   Number         0  stubs.o ABSOLUTE
    _printf_truncate_signed                  0x00000000   Number         0  stubs.o ABSOLUTE
    _printf_truncate_unsigned                0x00000000   Number         0  stubs.o ABSOLUTE
    _printf_u                                0x00000000   Number         0  stubs.o ABSOLUTE
    _printf_wc                               0x00000000   Number         0  stubs.o ABSOLUTE
    _printf_wctomb                           0x00000000   Number         0  stubs.o ABSOLUTE
    _printf_widthprec                        0x00000000   Number         0  stubs.o ABSOLUTE
    _printf_x                                0x00000000   Number         0  stubs.o ABSOLUTE
    __cpp_initialize__aeabi_                  - Undefined Weak Reference
    __cxa_finalize                            - Undefined Weak Reference
    __decompress                              - Undefined Weak Reference
    _clock_init                               - Undefined Weak Reference
    _microlib_exit                            - Undefined Weak Reference
    __Vectors_Size                           0x000000ec   Number         0  startup_stm32f103xb.o ABSOLUTE
    __Vectors                                0x08000000   Data           4  startup_stm32f103xb.o(RESET)
    __Vectors_End                            0x080000ec   Data           0  startup_stm32f103xb.o(RESET)
    __main                                   0x080000ed   Thumb Code     0  entry.o(.ARM.Collect$$$$00000000)
    _main_stk                                0x080000ed   Thumb Code     0  entry2.o(.ARM.Collect$$$$00000001)
    _main_scatterload                        0x080000f1   Thumb Code     0  entry5.o(.ARM.Collect$$$$00000004)
    __main_after_scatterload                 0x080000f5   Thumb Code     0  entry5.o(.ARM.Collect$$$$00000004)
    _main_clock                              0x080000f5   Thumb Code     0  entry7b.o(.ARM.Collect$$$$00000008)
    _main_cpp_init                           0x080000f5   Thumb Code     0  entry8b.o(.ARM.Collect$$$$0000000A)
    _main_init                               0x080000f5   Thumb Code     0  entry9a.o(.ARM.Collect$$$$0000000B)
    __rt_final_cpp                           0x080000fd   Thumb Code     0  entry10a.o(.ARM.Collect$$$$0000000D)
    __rt_final_exit                          0x080000fd   Thumb Code     0  entry11a.o(.ARM.Collect$$$$0000000F)
    Reset_Handler                            0x08000101   Thumb Code     8  startup_stm32f103xb.o(.text)
    ADC1_2_IRQHandler                        0x0800011b   Thumb Code     0  startup_stm32f103xb.o(.text)
    CAN1_RX1_IRQHandler                      0x0800011b   Thumb Code     0  startup_stm32f103xb.o(.text)
    CAN1_SCE_IRQHandler                      0x0800011b   Thumb Code     0  startup_stm32f103xb.o(.text)
    DMA1_Channel1_IRQHandler                 0x0800011b   Thumb Code     0  startup_stm32f103xb.o(.text)
    DMA1_Channel2_IRQHandler                 0x0800011b   Thumb Code     0  startup_stm32f103xb.o(.text)
    DMA1_Channel3_IRQHandler                 0x0800011b   Thumb Code     0  startup_stm32f103xb.o(.text)
    DMA1_Channel4_IRQHandler                 0x0800011b   Thumb Code     0  startup_stm32f103xb.o(.text)
    DMA1_Channel5_IRQHandler                 0x0800011b   Thumb Code     0  startup_stm32f103xb.o(.text)
    DMA1_Channel6_IRQHandler                 0x0800011b   Thumb Code     0  startup_stm32f103xb.o(.text)
    DMA1_Channel7_IRQHandler                 0x0800011b   Thumb Code     0  startup_stm32f103xb.o(.text)
    EXTI0_IRQHandler                         0x0800011b   Thumb Code     0  startup_stm32f103xb.o(.text)
    EXTI15_10_IRQHandler                     0x0800011b   Thumb Code     0  startup_stm32f103xb.o(.text)
    EXTI1_IRQHandler                         0x0800011b   Thumb Code     0  startup_stm32f103xb.o(.text)
    EXTI2_IRQHandler                         0x0800011b   Thumb Code     0  startup_stm32f103xb.o(.text)
    EXTI3_IRQHandler                         0x0800011b   Thumb Code     0  startup_stm32f103xb.o(.text)
    EXTI4_IRQHandler                         0x0800011b   Thumb Code     0  startup_stm32f103xb.o(.text)
    EXTI9_5_IRQHandler                       0x0800011b   Thumb Code     0  startup_stm32f103xb.o(.text)
    FLASH_IRQHandler                         0x0800011b   Thumb Code     0  startup_stm32f103xb.o(.text)
    I2C1_ER_IRQHandler                       0x0800011b   Thumb Code     0  startup_stm32f103xb.o(.text)
    I2C1_EV_IRQHandler                       0x0800011b   Thumb Code     0  startup_stm32f103xb.o(.text)
    I2C2_ER_IRQHandler                       0x0800011b   Thumb Code     0  startup_stm32f103xb.o(.text)
    I2C2_EV_IRQHandler                       0x0800011b   Thumb Code     0  startup_stm32f103xb.o(.text)
    PVD_IRQHandler                           0x0800011b   Thumb Code     0  startup_stm32f103xb.o(.text)
    RCC_IRQHandler                           0x0800011b   Thumb Code     0  startup_stm32f103xb.o(.text)
    RTC_Alarm_IRQHandler                     0x0800011b   Thumb Code     0  startup_stm32f103xb.o(.text)
    RTC_IRQHandler                           0x0800011b   Thumb Code     0  startup_stm32f103xb.o(.text)
    SPI2_IRQHandler                          0x0800011b   Thumb Code     0  startup_stm32f103xb.o(.text)
    TAMPER_IRQHandler                        0x0800011b   Thumb Code     0  startup_stm32f103xb.o(.text)
    TIM1_BRK_IRQHandler                      0x0800011b   Thumb Code     0  startup_stm32f103xb.o(.text)
    TIM1_CC_IRQHandler                       0x0800011b   Thumb Code     0  startup_stm32f103xb.o(.text)
    TIM1_TRG_COM_IRQHandler                  0x0800011b   Thumb Code     0  startup_stm32f103xb.o(.text)
    TIM1_UP_IRQHandler                       0x0800011b   Thumb Code     0  startup_stm32f103xb.o(.text)
    TIM3_IRQHandler                          0x0800011b   Thumb Code     0  startup_stm32f103xb.o(.text)
    TIM4_IRQHandler                          0x0800011b   Thumb Code     0  startup_stm32f103xb.o(.text)
    USART2_IRQHandler                        0x0800011b   Thumb Code     0  startup_stm32f103xb.o(.text)
    USART3_IRQHandler                        0x0800011b   Thumb Code     0  startup_stm32f103xb.o(.text)
    USBWakeUp_IRQHandler                     0x0800011b   Thumb Code     0  startup_stm32f103xb.o(.text)
    USB_HP_CAN1_TX_IRQHandler                0x0800011b   Thumb Code     0  startup_stm32f103xb.o(.text)
    USB_LP_CAN1_RX0_IRQHandler               0x0800011b   Thumb Code     0  startup_stm32f103xb.o(.text)
    WWDG_IRQHandler                          0x0800011b   Thumb Code     0  startup_stm32f103xb.o(.text)
    __aeabi_ldivmod                          0x08000125   Thumb Code    98  ldiv.o(.text)
    __aeabi_llsr                             0x08000187   Thumb Code    32  llushr.o(.text)
    _ll_ushift_r                             0x08000187   Thumb Code     0  llushr.o(.text)
    __aeabi_memset                           0x080001a7   Thumb Code    14  memseta.o(.text)
    __aeabi_memset4                          0x080001a7   Thumb Code     0  memseta.o(.text)
    __aeabi_memset8                          0x080001a7   Thumb Code     0  memseta.o(.text)
    __aeabi_memclr                           0x080001b5   Thumb Code     4  memseta.o(.text)
    __aeabi_memclr4                          0x080001b5   Thumb Code     0  memseta.o(.text)
    __aeabi_memclr8                          0x080001b5   Thumb Code     0  memseta.o(.text)
    _memset$wrapper                          0x080001b9   Thumb Code    18  memseta.o(.text)
    __aeabi_fadd                             0x080001cb   Thumb Code   164  fadd.o(.text)
    __aeabi_fsub                             0x0800026f   Thumb Code     6  fadd.o(.text)
    __aeabi_frsub                            0x08000275   Thumb Code     6  fadd.o(.text)
    __aeabi_fmul                             0x0800027b   Thumb Code   100  fmul.o(.text)
    __ARM_scalbnf                            0x080002df   Thumb Code    24  fscalb.o(.text)
    scalbnf                                  0x080002df   Thumb Code     0  fscalb.o(.text)
    __aeabi_dmul                             0x080002f7   Thumb Code   228  dmul.o(.text)
    __aeabi_i2f                              0x080003db   Thumb Code    18  fflti.o(.text)
    __aeabi_ui2d                             0x080003ed   Thumb Code    26  dfltui.o(.text)
    __aeabi_f2iz                             0x08000407   Thumb Code    50  ffixi.o(.text)
    __aeabi_f2uiz                            0x08000439   Thumb Code    40  ffixui.o(.text)
    __aeabi_d2uiz                            0x08000461   Thumb Code    50  dfixui.o(.text)
    __aeabi_uidiv                            0x08000493   Thumb Code     0  uidiv.o(.text)
    __aeabi_uidivmod                         0x08000493   Thumb Code    44  uidiv.o(.text)
    __aeabi_uldivmod                         0x080004bf   Thumb Code    98  uldiv.o(.text)
    __I$use$fp                               0x08000521   Thumb Code     0  iusefp.o(.text)
    _float_round                             0x08000521   Thumb Code    18  fepilogue.o(.text)
    _float_epilogue                          0x08000533   Thumb Code    92  fepilogue.o(.text)
    _double_round                            0x0800058f   Thumb Code    30  depilogue.o(.text)
    _double_epilogue                         0x080005ad   Thumb Code   156  depilogue.o(.text)
    __aeabi_dadd                             0x08000649   Thumb Code   322  dadd.o(.text)
    __aeabi_dsub                             0x0800078b   Thumb Code     6  dadd.o(.text)
    __aeabi_drsub                            0x08000791   Thumb Code     6  dadd.o(.text)
    __aeabi_ddiv                             0x08000797   Thumb Code   222  ddiv.o(.text)
    __aeabi_d2ulz                            0x08000875   Thumb Code    48  dfixul.o(.text)
    __aeabi_cdrcmple                         0x080008a5   Thumb Code    48  cdrcmple.o(.text)
    __scatterload                            0x080008d5   Thumb Code    28  init.o(.text)
    __scatterload_rt2                        0x080008d5   Thumb Code     0  init.o(.text)
    __aeabi_llsl                             0x080008f9   Thumb Code    30  llshl.o(.text)
    _ll_shift_l                              0x080008f9   Thumb Code     0  llshl.o(.text)
    __aeabi_lasr                             0x08000917   Thumb Code    36  llsshr.o(.text)
    _ll_sshift_r                             0x08000917   Thumb Code     0  llsshr.o(.text)
    BME280_compensate_P_int64                0x0800093d   Thumb Code   472  bme280.o(i.BME280_compensate_P_int64)
    BME280_compensate_T_int32                0x08000b25   Thumb Code    50  bme280.o(i.BME280_compensate_T_int32)
    BusFault_Handler                         0x08000b5d   Thumb Code     2  stm32f1xx_it.o(i.BusFault_Handler)
    DebugMon_Handler                         0x08000b5f   Thumb Code     2  stm32f1xx_it.o(i.DebugMon_Handler)
    HAL_DMA_Abort_IT                         0x08000b61   Thumb Code   148  stm32f1xx_hal_dma.o(i.HAL_DMA_Abort_IT)
    HAL_Delay                                0x08000bf9   Thumb Code    32  stm32f1xx_hal.o(i.HAL_Delay)
    HAL_GPIO_Init                            0x08000c1d   Thumb Code   460  stm32f1xx_hal_gpio.o(i.HAL_GPIO_Init)
    HAL_GPIO_ReadPin                         0x08000e09   Thumb Code    14  stm32f1xx_hal_gpio.o(i.HAL_GPIO_ReadPin)
    HAL_GPIO_WritePin                        0x08000e17   Thumb Code    14  stm32f1xx_hal_gpio.o(i.HAL_GPIO_WritePin)
    HAL_GetTick                              0x08000e25   Thumb Code     6  stm32f1xx_hal.o(i.HAL_GetTick)
    HAL_I2C_Init                             0x08000e31   Thumb Code   318  stm32f1xx_hal_i2c.o(i.HAL_I2C_Init)
    HAL_I2C_Mem_Read                         0x08000f81   Thumb Code   688  stm32f1xx_hal_i2c.o(i.HAL_I2C_Mem_Read)
    HAL_I2C_Mem_Write                        0x0800123d   Thumb Code   342  stm32f1xx_hal_i2c.o(i.HAL_I2C_Mem_Write)
    HAL_I2C_MspInit                          0x0800139d   Thumb Code    54  stm32f1xx_hal_msp.o(i.HAL_I2C_MspInit)
    HAL_IncTick                              0x080013e1   Thumb Code    12  stm32f1xx_hal.o(i.HAL_IncTick)
    HAL_Init                                 0x080013f1   Thumb Code    32  stm32f1xx_hal.o(i.HAL_Init)
    HAL_InitTick                             0x08001415   Thumb Code    58  stm32f1xx_hal.o(i.HAL_InitTick)
    HAL_MspInit                              0x08001459   Thumb Code   134  stm32f1xx_hal_msp.o(i.HAL_MspInit)
    HAL_NVIC_EnableIRQ                       0x080014e9   Thumb Code    22  stm32f1xx_hal_cortex.o(i.HAL_NVIC_EnableIRQ)
    HAL_NVIC_SetPriority                     0x08001501   Thumb Code    60  stm32f1xx_hal_cortex.o(i.HAL_NVIC_SetPriority)
    HAL_NVIC_SetPriorityGrouping             0x08001541   Thumb Code    26  stm32f1xx_hal_cortex.o(i.HAL_NVIC_SetPriorityGrouping)
    HAL_RCC_ClockConfig                      0x08001565   Thumb Code   338  stm32f1xx_hal_rcc.o(i.HAL_RCC_ClockConfig)
    HAL_RCC_GetHCLKFreq                      0x080016c9   Thumb Code     6  stm32f1xx_hal_rcc.o(i.HAL_RCC_GetHCLKFreq)
    HAL_RCC_GetPCLK1Freq                     0x080016d5   Thumb Code    22  stm32f1xx_hal_rcc.o(i.HAL_RCC_GetPCLK1Freq)
    HAL_RCC_GetPCLK2Freq                     0x080016f5   Thumb Code    22  stm32f1xx_hal_rcc.o(i.HAL_RCC_GetPCLK2Freq)
    HAL_RCC_GetSysClockFreq                  0x08001715   Thumb Code    82  stm32f1xx_hal_rcc.o(i.HAL_RCC_GetSysClockFreq)
    HAL_RCC_OscConfig                        0x08001789   Thumb Code   840  stm32f1xx_hal_rcc.o(i.HAL_RCC_OscConfig)
    HAL_SPI_ErrorCallback                    0x08001ae1   Thumb Code     2  stm32f1xx_hal_spi.o(i.HAL_SPI_ErrorCallback)
    HAL_SPI_IRQHandler                       0x08001ae5   Thumb Code   206  stm32f1xx_hal_spi.o(i.HAL_SPI_IRQHandler)
    HAL_SPI_Init                             0x08001bb9   Thumb Code   132  stm32f1xx_hal_spi_ex.o(i.HAL_SPI_Init)
    HAL_SPI_MspInit                          0x08001c3d   Thumb Code   152  stm32f1xx_hal_msp.o(i.HAL_SPI_MspInit)
    HAL_SPI_Transmit                         0x08001ce9   Thumb Code   380  stm32f1xx_hal_spi.o(i.HAL_SPI_Transmit)
    HAL_SYSTICK_CLKSourceConfig              0x08001e65   Thumb Code    28  stm32f1xx_hal_cortex.o(i.HAL_SYSTICK_CLKSourceConfig)
    HAL_SYSTICK_Callback                     0x08001e81   Thumb Code     2  stm32f1xx_hal_cortex.o(i.HAL_SYSTICK_Callback)
    HAL_SYSTICK_Config                       0x08001e83   Thumb Code    40  stm32f1xx_hal_cortex.o(i.HAL_SYSTICK_Config)
    HAL_SYSTICK_IRQHandler                   0x08001eab   Thumb Code     8  stm32f1xx_hal_cortex.o(i.HAL_SYSTICK_IRQHandler)
    HAL_TIMEx_BreakCallback                  0x08001eb3   Thumb Code     2  stm32f1xx_hal_tim_ex.o(i.HAL_TIMEx_BreakCallback)
    HAL_TIMEx_CommutationCallback            0x08001eb5   Thumb Code     2  stm32f1xx_hal_tim_ex.o(i.HAL_TIMEx_CommutationCallback)
    HAL_TIMEx_MasterConfigSynchronization    0x08001eb7   Thumb Code    80  stm32f1xx_hal_tim_ex.o(i.HAL_TIMEx_MasterConfigSynchronization)
    HAL_TIM_Base_Init                        0x08001f07   Thumb Code    56  stm32f1xx_hal_tim.o(i.HAL_TIM_Base_Init)
    HAL_TIM_Base_MspInit                     0x08001f41   Thumb Code    50  stm32f1xx_hal_msp.o(i.HAL_TIM_Base_MspInit)
    HAL_TIM_Base_Start_IT                    0x08001f79   Thumb Code    24  stm32f1xx_hal_tim.o(i.HAL_TIM_Base_Start_IT)
    HAL_TIM_ConfigClockSource                0x08001f91   Thumb Code   270  stm32f1xx_hal_tim.o(i.HAL_TIM_ConfigClockSource)
    HAL_TIM_IC_CaptureCallback               0x0800209f   Thumb Code     2  stm32f1xx_hal_tim.o(i.HAL_TIM_IC_CaptureCallback)
    HAL_TIM_IRQHandler                       0x080020a1   Thumb Code   366  stm32f1xx_hal_tim.o(i.HAL_TIM_IRQHandler)
    HAL_TIM_OC_DelayElapsedCallback          0x0800220f   Thumb Code     2  stm32f1xx_hal_tim.o(i.HAL_TIM_OC_DelayElapsedCallback)
    HAL_TIM_PWM_PulseFinishedCallback        0x08002211   Thumb Code     2  stm32f1xx_hal_tim.o(i.HAL_TIM_PWM_PulseFinishedCallback)
    HAL_TIM_PeriodElapsedCallback            0x08002213   Thumb Code     2  stm32f1xx_hal_tim.o(i.HAL_TIM_PeriodElapsedCallback)
    HAL_TIM_TriggerCallback                  0x08002215   Thumb Code     2  stm32f1xx_hal_tim.o(i.HAL_TIM_TriggerCallback)
    HAL_UART_ErrorCallback                   0x08002217   Thumb Code     2  stm32f1xx_hal_uart.o(i.HAL_UART_ErrorCallback)
    HAL_UART_IRQHandler                      0x08002219   Thumb Code   268  stm32f1xx_hal_uart.o(i.HAL_UART_IRQHandler)
    HAL_UART_Init                            0x08002329   Thumb Code   100  stm32f1xx_hal_uart.o(i.HAL_UART_Init)
    HAL_UART_MspInit                         0x0800238d   Thumb Code    92  stm32f1xx_hal_msp.o(i.HAL_UART_MspInit)
    HAL_UART_RxCpltCallback                  0x080023f5   Thumb Code     2  stm32f1xx_hal_uart.o(i.HAL_UART_RxCpltCallback)
    HAL_UART_Transmit                        0x080023f7   Thumb Code   204  stm32f1xx_hal_uart.o(i.HAL_UART_Transmit)
    HAL_UART_TxCpltCallback                  0x080024c3   Thumb Code     2  stm32f1xx_hal_uart.o(i.HAL_UART_TxCpltCallback)
    HardFault_Handler                        0x080024c5   Thumb Code     2  stm32f1xx_it.o(i.HardFault_Handler)
    ILI9341_Draw_Char                        0x08002901   Thumb Code   162  ili9341_gfx.o(i.ILI9341_Draw_Char)
    ILI9341_Draw_Colour_Burst                0x080029a9   Thumb Code   152  ili9341_stm32_driver.o(i.ILI9341_Draw_Colour_Burst)
    ILI9341_Draw_Filled_Rectangle_Coord      0x08002a4d   Thumb Code    64  ili9341_gfx.o(i.ILI9341_Draw_Filled_Rectangle_Coord)
    ILI9341_Draw_Pixel                       0x08002a8d   Thumb Code   336  ili9341_stm32_driver.o(i.ILI9341_Draw_Pixel)
    ILI9341_Draw_Rectangle                   0x08002bed   Thumb Code    90  ili9341_stm32_driver.o(i.ILI9341_Draw_Rectangle)
    ILI9341_Draw_Text                        0x08002c4d   Thumb Code    54  ili9341_gfx.o(i.ILI9341_Draw_Text)
    ILI9341_Enable                           0x08002c85   Thumb Code    10  ili9341_stm32_driver.o(i.ILI9341_Enable)
    ILI9341_Fill_Screen                      0x08002c95   Thumb Code    34  ili9341_stm32_driver.o(i.ILI9341_Fill_Screen)
    ILI9341_Init                             0x08002cbd   Thumb Code   536  ili9341_stm32_driver.o(i.ILI9341_Init)
    ILI9341_Reset                            0x08002ed5   Thumb Code    54  ili9341_stm32_driver.o(i.ILI9341_Reset)
    ILI9341_SPI_Init                         0x08002f15   Thumb Code    12  ili9341_stm32_driver.o(i.ILI9341_SPI_Init)
    ILI9341_SPI_Send                         0x08002f25   Thumb Code    16  ili9341_stm32_driver.o(i.ILI9341_SPI_Send)
    ILI9341_Set_Address                      0x08002f39   Thumb Code    82  ili9341_stm32_driver.o(i.ILI9341_Set_Address)
    ILI9341_Set_Rotation                     0x08002f8d   Thumb Code    90  ili9341_stm32_driver.o(i.ILI9341_Set_Rotation)
    ILI9341_Write_Command                    0x08002fed   Thumb Code    50  ili9341_stm32_driver.o(i.ILI9341_Write_Command)
    ILI9341_Write_Data                       0x08003029   Thumb Code    50  ili9341_stm32_driver.o(i.ILI9341_Write_Data)
    MemManage_Handler                        0x08003339   Thumb Code     2  stm32f1xx_it.o(i.MemManage_Handler)
    NMI_Handler                              0x0800333b   Thumb Code     2  stm32f1xx_it.o(i.NMI_Handler)
    PendSV_Handler                           0x0800335d   Thumb Code     2  stm32f1xx_it.o(i.PendSV_Handler)
    RTC_ConvertFromBinDec                    0x08003385   Thumb Code    22  clock_ds3231.o(i.RTC_ConvertFromBinDec)
    RTC_ConvertFromDec                       0x0800339b   Thumb Code    18  clock_ds3231.o(i.RTC_ConvertFromDec)
    SPI1_IRQHandler                          0x080033ad   Thumb Code     6  stm32f1xx_it.o(i.SPI1_IRQHandler)
    SVC_Handler                              0x08003481   Thumb Code     2  stm32f1xx_it.o(i.SVC_Handler)
    SysTick_Handler                          0x08003483   Thumb Code    14  stm32f1xx_it.o(i.SysTick_Handler)
    SystemClock_Config                       0x08003491   Thumb Code   120  main.o(i.SystemClock_Config)
    SystemInit                               0x08003519   Thumb Code    56  system_stm32f1xx.o(i.SystemInit)
    TIM2_IRQHandler                          0x08003561   Thumb Code    68  stm32f1xx_it.o(i.TIM2_IRQHandler)
    TIM_Base_SetConfig                       0x080035c1   Thumb Code    94  stm32f1xx_hal_tim.o(i.TIM_Base_SetConfig)
    USART1_IRQHandler                        0x080039e1   Thumb Code     6  stm32f1xx_it.o(i.USART1_IRQHandler)
    UsageFault_Handler                       0x080039ed   Thumb Code     2  stm32f1xx_it.o(i.UsageFault_Handler)
    WRITE_DATA                               0x080039f1   Thumb Code   118  clock_ds3231.o(i.WRITE_DATA)
    _Error_Handler                           0x08003a91   Thumb Code     2  main.o(i._Error_Handler)
    __0sprintf                               0x08003a95   Thumb Code    34  printfa.o(i.__0sprintf)
    __1sprintf                               0x08003a95   Thumb Code     0  printfa.o(i.__0sprintf)
    __2sprintf                               0x08003a95   Thumb Code     0  printfa.o(i.__0sprintf)
    __c89sprintf                             0x08003a95   Thumb Code     0  printfa.o(i.__0sprintf)
    sprintf                                  0x08003a95   Thumb Code     0  printfa.o(i.__0sprintf)
    __scatterload_copy                       0x08003abd   Thumb Code    14  handlers.o(i.__scatterload_copy)
    __scatterload_null                       0x08003acb   Thumb Code     2  handlers.o(i.__scatterload_null)
    __scatterload_zeroinit                   0x08003acd   Thumb Code    14  handlers.o(i.__scatterload_zeroinit)
    bme280_compensate_H_int32                0x08004399   Thumb Code   172  bme280.o(i.bme280_compensate_H_int32)
    free                                     0x08004449   Thumb Code    76  malloc.o(i.free)
    init_BME280                              0x08004499   Thumb Code   716  bme280.o(i.init_BME280)
    init_LCD_ILI9341                         0x08004809   Thumb Code    38  clock_ds3231.o(i.init_LCD_ILI9341)
    main                                     0x08004831   Thumb Code   232  main.o(i.main)
    malloc                                   0x08004921   Thumb Code    92  malloc.o(i.malloc)
    print_MEMS_in_LCD                        0x0800498d   Thumb Code   222  clock_ds3231.o(i.print_MEMS_in_LCD)
    print_colon_in_LCD                       0x08004a99   Thumb Code    36  clock_ds3231.o(i.print_colon_in_LCD)
    print_data_on_LCD                        0x08004ac1   Thumb Code   104  clock_ds3231.o(i.print_data_on_LCD)
    print_dates_in_LCD                       0x08004b35   Thumb Code   180  clock_ds3231.o(i.print_dates_in_LCD)
    print_days_in_LCD                        0x08004bf5   Thumb Code   124  clock_ds3231.o(i.print_days_in_LCD)
    print_hours_in_LCD                       0x08004cb5   Thumb Code   136  clock_ds3231.o(i.print_hours_in_LCD)
    print_minutes_in_LCD                     0x08004d4d   Thumb Code   110  clock_ds3231.o(i.print_minutes_in_LCD)
    print_months_in_LCD                      0x08004dcd   Thumb Code   100  clock_ds3231.o(i.print_months_in_LCD)
    print_seconds_in_LCD                     0x08004e3d   Thumb Code    80  clock_ds3231.o(i.print_seconds_in_LCD)
    print_year_in_LCD                        0x08004e99   Thumb Code    76  clock_ds3231.o(i.print_year_in_LCD)
    read_data_BME280                         0x08004eed   Thumb Code   250  bme280.o(i.read_data_BME280)
    read_data_from_DS3231                    0x08005031   Thumb Code   176  clock_ds3231.o(i.read_data_from_DS3231)
    select_dates                             0x0800512d   Thumb Code   370  clock_ds3231.o(i.select_dates)
    select_days                              0x080052f5   Thumb Code   446  clock_ds3231.o(i.select_days)
    select_hours                             0x08005551   Thumb Code   650  clock_ds3231.o(i.select_hours)
    select_minutes                           0x08005841   Thumb Code   446  clock_ds3231.o(i.select_minutes)
    select_month                             0x08005a55   Thumb Code   370  clock_ds3231.o(i.select_month)
    select_seconds                           0x08005c1d   Thumb Code   330  clock_ds3231.o(i.select_seconds)
    select_year                              0x08005dbd   Thumb Code   366  clock_ds3231.o(i.select_year)
    AHBPrescTable                            0x080061c0   Data          16  system_stm32f1xx.o(.constdata)
    APBPrescTable                            0x080061d0   Data           8  system_stm32f1xx.o(.constdata)
    Region$$Table$$Base                      0x080061d8   Number         0  anon$$obj.o(Region$$Table)
    Region$$Table$$Limit                     0x080061f8   Number         0  anon$$obj.o(Region$$Table)
    LCD_HEIGHT                               0x20000000   Data           2  ili9341_stm32_driver.o(.data)
    LCD_WIDTH                                0x20000002   Data           2  ili9341_stm32_driver.o(.data)
    data_to_DS3231                           0x20000004   Data           1  clock_ds3231.o(.data)
    STATUS                                   0x20000005   Data           1  clock_ds3231.o(.data)
    sec                                      0x20000006   Data           1  clock_ds3231.o(.data)
    min                                      0x20000007   Data           1  clock_ds3231.o(.data)
    hour                                     0x20000008   Data           1  clock_ds3231.o(.data)
    day                                      0x20000009   Data           1  clock_ds3231.o(.data)
    date                                     0x2000000a   Data           1  clock_ds3231.o(.data)
    month                                    0x2000000b   Data           1  clock_ds3231.o(.data)
    year                                     0x2000000c   Data           1  clock_ds3231.o(.data)
    ADRESS_DEVCE_DS3231                      0x2000000e   Data           2  clock_ds3231.o(.data)
    ADDRES_SEC_REG                           0x20000010   Data           2  clock_ds3231.o(.data)
    ADDRES_MIN_REG                           0x20000012   Data           2  clock_ds3231.o(.data)
    ADDRES_HOUR_REG                          0x20000014   Data           2  clock_ds3231.o(.data)
    ADDRES_DAY_REG                           0x20000016   Data           2  clock_ds3231.o(.data)
    ADDRES_DATE_REG                          0x20000018   Data           2  clock_ds3231.o(.data)
    ADDRES_MOUNTH_REG                        0x2000001a   Data           2  clock_ds3231.o(.data)
    ADDRES_YEAR_REG                          0x2000001c   Data           2  clock_ds3231.o(.data)
    Read_sec                                 0x2000001e   Data           2  clock_ds3231.o(.data)
    sizebuf_data_return                      0x20000020   Data           2  clock_ds3231.o(.data)
    return_one_byre                          0x20000022   Data           2  clock_ds3231.o(.data)
    sizebuf                                  0x20000024   Data           2  clock_ds3231.o(.data)
    timeout                                  0x20000028   Data           4  clock_ds3231.o(.data)
    buff                                     0x2000002c   Data           7  clock_ds3231.o(.data)
    STATUS_BME280                            0x20000034   Data           1  bme280.o(.data)
    buff_id                                  0x20000035   Data           1  bme280.o(.data)
    dig_H1                                   0x20000036   Data           1  bme280.o(.data)
    dig_H3                                   0x20000037   Data           1  bme280.o(.data)
    dig_H6                                   0x20000038   Data           1  bme280.o(.data)
    dig_T1                                   0x2000003a   Data           2  bme280.o(.data)
    dig_T2                                   0x2000003c   Data           2  bme280.o(.data)
    dig_T3                                   0x2000003e   Data           2  bme280.o(.data)
    dig_P1                                   0x20000040   Data           2  bme280.o(.data)
    dig_P2                                   0x20000042   Data           2  bme280.o(.data)
    dig_P3                                   0x20000044   Data           2  bme280.o(.data)
    dig_P4                                   0x20000046   Data           2  bme280.o(.data)
    dig_P5                                   0x20000048   Data           2  bme280.o(.data)
    dig_P6                                   0x2000004a   Data           2  bme280.o(.data)
    dig_P7                                   0x2000004c   Data           2  bme280.o(.data)
    dig_P8                                   0x2000004e   Data           2  bme280.o(.data)
    dig_P9                                   0x20000050   Data           2  bme280.o(.data)
    dig_H2                                   0x20000052   Data           2  bme280.o(.data)
    dig_H4                                   0x20000054   Data           2  bme280.o(.data)
    dig_H5                                   0x20000056   Data           2  bme280.o(.data)
    t                                        0x20000058   Data           4  bme280.o(.data)
    p                                        0x2000005c   Data           4  bme280.o(.data)
    h                                        0x20000060   Data           4  bme280.o(.data)
    t_fine                                   0x20000064   Data           4  bme280.o(.data)
    adc_T                                    0x20000068   Data           4  bme280.o(.data)
    adc_P                                    0x2000006c   Data           4  bme280.o(.data)
    adc_H                                    0x20000070   Data           4  bme280.o(.data)
    T_indoor                                 0x20000074   Data           2  main.o(.data)
    H_indoor                                 0x20000076   Data           2  main.o(.data)
    P                                        0x20000078   Data           4  main.o(.data)
    STATUS_BUTTON_PRESS                      0x2000007c   Data           4  main.o(.data)
    button_1                                 0x20000080   Data           4  main.o(.data)
    button_4                                 0x20000084   Data           4  main.o(.data)
    optimization_ON                          0x20000088   Data           4  main.o(.data)
    optimization_OFF                         0x2000008c   Data           4  main.o(.data)
    button_2                                 0x20000090   Data           4  main.o(.data)
    button_3                                 0x20000094   Data           4  main.o(.data)
    size                                     0x20000098   Data           1  main.o(.data)
    max_value_SEC                            0x20000099   Data           1  main.o(.data)
    max_value_MINUTE                         0x2000009a   Data           1  main.o(.data)
    min_value_MINUTE                         0x2000009b   Data           1  main.o(.data)
    max_value_HOURS                          0x2000009c   Data           1  main.o(.data)
    min_value_HOURS                          0x2000009d   Data           1  main.o(.data)
    max_value_DAYS                           0x2000009e   Data           1  main.o(.data)
    min_value_DAYS                           0x2000009f   Data           1  main.o(.data)
    max_value_DATA                           0x200000a0   Data           1  main.o(.data)
    min_value_DATA                           0x200000a1   Data           1  main.o(.data)
    max_value_MOUNTH                         0x200000a2   Data           1  main.o(.data)
    min_value_MOUNTH                         0x200000a3   Data           1  main.o(.data)
    max_value_YEAR                           0x200000a4   Data           1  main.o(.data)
    min_value_YEAR                           0x200000a5   Data           1  main.o(.data)
    blinking_LCD                             0x200000a8   Data           4  main.o(.data)
    uwTickFreq                               0x200000ac   Data           1  stm32f1xx_hal.o(.data)
    uwTickPrio                               0x200000b0   Data           4  stm32f1xx_hal.o(.data)
    uwTick                                   0x200000b4   Data           4  stm32f1xx_hal.o(.data)
    SystemCoreClock                          0x200000b8   Data           4  system_stm32f1xx.o(.data)
    __microlib_freelist                      0x200000bc   Data           4  mvars.o(.data)
    __microlib_freelist_initialised          0x200000c0   Data           4  mvars.o(.data)
    str                                      0x200000c4   Data          35  clock_ds3231.o(.bss)
    str_BME280                               0x200000e7   Data          60  bme280.o(.bss)
    ALL_REGISTERS                            0x20000123   Data         255  bme280.o(.bss)
    str_UART                                 0x20000222   Data          10  main.o(.bss)
    str_LCD                                  0x2000022c   Data          20  main.o(.bss)
    str_LCD_CLAER                            0x20000240   Data          20  main.o(.bss)
    hi2c1                                    0x20000254   Data          84  main.o(.bss)
    hspi1                                    0x200002a8   Data          88  main.o(.bss)
    hspi2                                    0x20000300   Data          88  main.o(.bss)
    htim2                                    0x20000358   Data          64  main.o(.bss)
    huart1                                   0x20000398   Data          64  main.o(.bss)
    __heap_base                              0x200003d8   Data           0  startup_stm32f103xb.o(HEAP)
    __heap_limit                             0x200005d8   Data           0  startup_stm32f103xb.o(HEAP)
    __initial_sp                             0x200009d8   Data           0  startup_stm32f103xb.o(STACK)



==============================================================================

Memory Map of the image

  Image Entry point : 0x080000ed

  Load Region LR_IROM1 (Base: 0x08000000, Size: 0x000062bc, Max: 0x00010000, ABSOLUTE)

    Execution Region ER_IROM1 (Exec base: 0x08000000, Load base: 0x08000000, Size: 0x000061f8, Max: 0x00010000, ABSOLUTE)

    Exec Addr    Load Addr    Size         Type   Attr      Idx    E Section Name        Object

    0x08000000   0x08000000   0x000000ec   Data   RO            3    RESET               startup_stm32f103xb.o
    0x080000ec   0x080000ec   0x00000000   Code   RO         3954  * .ARM.Collect$$$$00000000  mc_w.l(entry.o)
    0x080000ec   0x080000ec   0x00000004   Code   RO         4278    .ARM.Collect$$$$00000001  mc_w.l(entry2.o)
    0x080000f0   0x080000f0   0x00000004   Code   RO         4281    .ARM.Collect$$$$00000004  mc_w.l(entry5.o)
    0x080000f4   0x080000f4   0x00000000   Code   RO         4283    .ARM.Collect$$$$00000008  mc_w.l(entry7b.o)
    0x080000f4   0x080000f4   0x00000000   Code   RO         4285    .ARM.Collect$$$$0000000A  mc_w.l(entry8b.o)
    0x080000f4   0x080000f4   0x00000008   Code   RO         4286    .ARM.Collect$$$$0000000B  mc_w.l(entry9a.o)
    0x080000fc   0x080000fc   0x00000000   Code   RO         4288    .ARM.Collect$$$$0000000D  mc_w.l(entry10a.o)
    0x080000fc   0x080000fc   0x00000000   Code   RO         4290    .ARM.Collect$$$$0000000F  mc_w.l(entry11a.o)
    0x080000fc   0x080000fc   0x00000004   Code   RO         4279    .ARM.Collect$$$$00002712  mc_w.l(entry2.o)
    0x08000100   0x08000100   0x00000024   Code   RO            4    .text               startup_stm32f103xb.o
    0x08000124   0x08000124   0x00000062   Code   RO         3957    .text               mc_w.l(ldiv.o)
    0x08000186   0x08000186   0x00000020   Code   RO         3959    .text               mc_w.l(llushr.o)
    0x080001a6   0x080001a6   0x00000024   Code   RO         3961    .text               mc_w.l(memseta.o)
    0x080001ca   0x080001ca   0x000000b0   Code   RO         4254    .text               mf_w.l(fadd.o)
    0x0800027a   0x0800027a   0x00000064   Code   RO         4256    .text               mf_w.l(fmul.o)
    0x080002de   0x080002de   0x00000018   Code   RO         4260    .text               mf_w.l(fscalb.o)
    0x080002f6   0x080002f6   0x000000e4   Code   RO         4262    .text               mf_w.l(dmul.o)
    0x080003da   0x080003da   0x00000012   Code   RO         4264    .text               mf_w.l(fflti.o)
    0x080003ec   0x080003ec   0x0000001a   Code   RO         4268    .text               mf_w.l(dfltui.o)
    0x08000406   0x08000406   0x00000032   Code   RO         4270    .text               mf_w.l(ffixi.o)
    0x08000438   0x08000438   0x00000028   Code   RO         4272    .text               mf_w.l(ffixui.o)
    0x08000460   0x08000460   0x00000032   Code   RO         4274    .text               mf_w.l(dfixui.o)
    0x08000492   0x08000492   0x0000002c   Code   RO         4295    .text               mc_w.l(uidiv.o)
    0x080004be   0x080004be   0x00000062   Code   RO         4297    .text               mc_w.l(uldiv.o)
    0x08000520   0x08000520   0x00000000   Code   RO         4305    .text               mc_w.l(iusefp.o)
    0x08000520   0x08000520   0x0000006e   Code   RO         4306    .text               mf_w.l(fepilogue.o)
    0x0800058e   0x0800058e   0x000000ba   Code   RO         4308    .text               mf_w.l(depilogue.o)
    0x08000648   0x08000648   0x0000014e   Code   RO         4310    .text               mf_w.l(dadd.o)
    0x08000796   0x08000796   0x000000de   Code   RO         4312    .text               mf_w.l(ddiv.o)
    0x08000874   0x08000874   0x00000030   Code   RO         4314    .text               mf_w.l(dfixul.o)
    0x080008a4   0x080008a4   0x00000030   Code   RO         4316    .text               mf_w.l(cdrcmple.o)
    0x080008d4   0x080008d4   0x00000024   Code   RO         4318    .text               mc_w.l(init.o)
    0x080008f8   0x080008f8   0x0000001e   Code   RO         4321    .text               mc_w.l(llshl.o)
    0x08000916   0x08000916   0x00000024   Code   RO         4323    .text               mc_w.l(llsshr.o)
    0x0800093a   0x0800093a   0x00000002   PAD
    0x0800093c   0x0800093c   0x000001e8   Code   RO          486    i.BME280_compensate_P_int64  bme280.o
    0x08000b24   0x08000b24   0x00000038   Code   RO          487    i.BME280_compensate_T_int32  bme280.o
    0x08000b5c   0x08000b5c   0x00000002   Code   RO          821    i.BusFault_Handler  stm32f1xx_it.o
    0x08000b5e   0x08000b5e   0x00000002   Code   RO          822    i.DebugMon_Handler  stm32f1xx_it.o
    0x08000b60   0x08000b60   0x00000098   Code   RO         3375    i.HAL_DMA_Abort_IT  stm32f1xx_hal_dma.o
    0x08000bf8   0x08000bf8   0x00000024   Code   RO         3012    i.HAL_Delay         stm32f1xx_hal.o
    0x08000c1c   0x08000c1c   0x000001ec   Code   RO         3310    i.HAL_GPIO_Init     stm32f1xx_hal_gpio.o
    0x08000e08   0x08000e08   0x0000000e   Code   RO         3312    i.HAL_GPIO_ReadPin  stm32f1xx_hal_gpio.o
    0x08000e16   0x08000e16   0x0000000e   Code   RO         3314    i.HAL_GPIO_WritePin  stm32f1xx_hal_gpio.o
    0x08000e24   0x08000e24   0x0000000c   Code   RO         3016    i.HAL_GetTick       stm32f1xx_hal.o
    0x08000e30   0x08000e30   0x00000150   Code   RO         1031    i.HAL_I2C_Init      stm32f1xx_hal_i2c.o
    0x08000f80   0x08000f80   0x000002bc   Code   RO         1047    i.HAL_I2C_Mem_Read  stm32f1xx_hal_i2c.o
    0x0800123c   0x0800123c   0x00000160   Code   RO         1050    i.HAL_I2C_Mem_Write  stm32f1xx_hal_i2c.o
    0x0800139c   0x0800139c   0x00000044   Code   RO          913    i.HAL_I2C_MspInit   stm32f1xx_hal_msp.o
    0x080013e0   0x080013e0   0x00000010   Code   RO         3020    i.HAL_IncTick       stm32f1xx_hal.o
    0x080013f0   0x080013f0   0x00000024   Code   RO         3021    i.HAL_Init          stm32f1xx_hal.o
    0x08001414   0x08001414   0x00000044   Code   RO         3022    i.HAL_InitTick      stm32f1xx_hal.o
    0x08001458   0x08001458   0x00000090   Code   RO          914    i.HAL_MspInit       stm32f1xx_hal_msp.o
    0x080014e8   0x080014e8   0x00000016   Code   RO         3470    i.HAL_NVIC_EnableIRQ  stm32f1xx_hal_cortex.o
    0x080014fe   0x080014fe   0x00000002   PAD
    0x08001500   0x08001500   0x00000040   Code   RO         3476    i.HAL_NVIC_SetPriority  stm32f1xx_hal_cortex.o
    0x08001540   0x08001540   0x00000024   Code   RO         3477    i.HAL_NVIC_SetPriorityGrouping  stm32f1xx_hal_cortex.o
    0x08001564   0x08001564   0x00000164   Code   RO         3165    i.HAL_RCC_ClockConfig  stm32f1xx_hal_rcc.o
    0x080016c8   0x080016c8   0x0000000c   Code   RO         3170    i.HAL_RCC_GetHCLKFreq  stm32f1xx_hal_rcc.o
    0x080016d4   0x080016d4   0x00000020   Code   RO         3172    i.HAL_RCC_GetPCLK1Freq  stm32f1xx_hal_rcc.o
    0x080016f4   0x080016f4   0x00000020   Code   RO         3173    i.HAL_RCC_GetPCLK2Freq  stm32f1xx_hal_rcc.o
    0x08001714   0x08001714   0x00000074   Code   RO         3174    i.HAL_RCC_GetSysClockFreq  stm32f1xx_hal_rcc.o
    0x08001788   0x08001788   0x00000358   Code   RO         3177    i.HAL_RCC_OscConfig  stm32f1xx_hal_rcc.o
    0x08001ae0   0x08001ae0   0x00000002   Code   RO         1460    i.HAL_SPI_ErrorCallback  stm32f1xx_hal_spi.o
    0x08001ae2   0x08001ae2   0x00000002   PAD
    0x08001ae4   0x08001ae4   0x000000d4   Code   RO         1463    i.HAL_SPI_IRQHandler  stm32f1xx_hal_spi.o
    0x08001bb8   0x08001bb8   0x00000084   Code   RO         1776    i.HAL_SPI_Init      stm32f1xx_hal_spi_ex.o
    0x08001c3c   0x08001c3c   0x000000ac   Code   RO          916    i.HAL_SPI_MspInit   stm32f1xx_hal_msp.o
    0x08001ce8   0x08001ce8   0x0000017c   Code   RO         1472    i.HAL_SPI_Transmit  stm32f1xx_hal_spi.o
    0x08001e64   0x08001e64   0x0000001c   Code   RO         3479    i.HAL_SYSTICK_CLKSourceConfig  stm32f1xx_hal_cortex.o
    0x08001e80   0x08001e80   0x00000002   Code   RO         3480    i.HAL_SYSTICK_Callback  stm32f1xx_hal_cortex.o
    0x08001e82   0x08001e82   0x00000028   Code   RO         3481    i.HAL_SYSTICK_Config  stm32f1xx_hal_cortex.o
    0x08001eaa   0x08001eaa   0x00000008   Code   RO         3482    i.HAL_SYSTICK_IRQHandler  stm32f1xx_hal_cortex.o
    0x08001eb2   0x08001eb2   0x00000002   Code   RO         2441    i.HAL_TIMEx_BreakCallback  stm32f1xx_hal_tim_ex.o
    0x08001eb4   0x08001eb4   0x00000002   Code   RO         2442    i.HAL_TIMEx_CommutationCallback  stm32f1xx_hal_tim_ex.o
    0x08001eb6   0x08001eb6   0x00000050   Code   RO         2458    i.HAL_TIMEx_MasterConfigSynchronization  stm32f1xx_hal_tim_ex.o
    0x08001f06   0x08001f06   0x00000038   Code   RO         1802    i.HAL_TIM_Base_Init  stm32f1xx_hal_tim.o
    0x08001f3e   0x08001f3e   0x00000002   PAD
    0x08001f40   0x08001f40   0x00000038   Code   RO          918    i.HAL_TIM_Base_MspInit  stm32f1xx_hal_msp.o
    0x08001f78   0x08001f78   0x00000018   Code   RO         1807    i.HAL_TIM_Base_Start_IT  stm32f1xx_hal_tim.o
    0x08001f90   0x08001f90   0x0000010e   Code   RO         1811    i.HAL_TIM_ConfigClockSource  stm32f1xx_hal_tim.o
    0x0800209e   0x0800209e   0x00000002   Code   RO         1831    i.HAL_TIM_IC_CaptureCallback  stm32f1xx_hal_tim.o
    0x080020a0   0x080020a0   0x0000016e   Code   RO         1844    i.HAL_TIM_IRQHandler  stm32f1xx_hal_tim.o
    0x0800220e   0x0800220e   0x00000002   Code   RO         1847    i.HAL_TIM_OC_DelayElapsedCallback  stm32f1xx_hal_tim.o
    0x08002210   0x08002210   0x00000002   Code   RO         1874    i.HAL_TIM_PWM_PulseFinishedCallback  stm32f1xx_hal_tim.o
    0x08002212   0x08002212   0x00000002   Code   RO         1881    i.HAL_TIM_PeriodElapsedCallback  stm32f1xx_hal_tim.o
    0x08002214   0x08002214   0x00000002   Code   RO         1885    i.HAL_TIM_TriggerCallback  stm32f1xx_hal_tim.o
    0x08002216   0x08002216   0x00000002   Code   RO         2695    i.HAL_UART_ErrorCallback  stm32f1xx_hal_uart.o
    0x08002218   0x08002218   0x00000110   Code   RO         2698    i.HAL_UART_IRQHandler  stm32f1xx_hal_uart.o
    0x08002328   0x08002328   0x00000064   Code   RO         2699    i.HAL_UART_Init     stm32f1xx_hal_uart.o
    0x0800238c   0x0800238c   0x00000068   Code   RO          920    i.HAL_UART_MspInit  stm32f1xx_hal_msp.o
    0x080023f4   0x080023f4   0x00000002   Code   RO         2705    i.HAL_UART_RxCpltCallback  stm32f1xx_hal_uart.o
    0x080023f6   0x080023f6   0x000000cc   Code   RO         2707    i.HAL_UART_Transmit  stm32f1xx_hal_uart.o
    0x080024c2   0x080024c2   0x00000002   Code   RO         2710    i.HAL_UART_TxCpltCallback  stm32f1xx_hal_uart.o
    0x080024c4   0x080024c4   0x00000002   Code   RO          823    i.HardFault_Handler  stm32f1xx_it.o
    0x080024c6   0x080024c6   0x00000028   Code   RO         1069    i.I2C_IsAcknowledgeFailed  stm32f1xx_hal_i2c.o
    0x080024ee   0x080024ee   0x00000002   PAD
    0x080024f0   0x080024f0   0x00000144   Code   RO         1079    i.I2C_RequestMemoryRead  stm32f1xx_hal_i2c.o
    0x08002634   0x08002634   0x000000c8   Code   RO         1080    i.I2C_RequestMemoryWrite  stm32f1xx_hal_i2c.o
    0x080026fc   0x080026fc   0x0000004c   Code   RO         1088    i.I2C_WaitOnBTFFlagUntilTimeout  stm32f1xx_hal_i2c.o
    0x08002748   0x08002748   0x00000074   Code   RO         1089    i.I2C_WaitOnFlagUntilTimeout  stm32f1xx_hal_i2c.o
    0x080027bc   0x080027bc   0x00000094   Code   RO         1090    i.I2C_WaitOnMasterAddressFlagUntilTimeout  stm32f1xx_hal_i2c.o
    0x08002850   0x08002850   0x00000062   Code   RO         1091    i.I2C_WaitOnRXNEFlagUntilTimeout  stm32f1xx_hal_i2c.o
    0x080028b2   0x080028b2   0x0000004c   Code   RO         1093    i.I2C_WaitOnTXEFlagUntilTimeout  stm32f1xx_hal_i2c.o
    0x080028fe   0x080028fe   0x00000002   PAD
    0x08002900   0x08002900   0x000000a8   Code   RO          420    i.ILI9341_Draw_Char  ili9341_gfx.o
    0x080029a8   0x080029a8   0x000000a4   Code   RO           14    i.ILI9341_Draw_Colour_Burst  ili9341_stm32_driver.o
    0x08002a4c   0x08002a4c   0x00000040   Code   RO          422    i.ILI9341_Draw_Filled_Rectangle_Coord  ili9341_gfx.o
    0x08002a8c   0x08002a8c   0x00000160   Code   RO           16    i.ILI9341_Draw_Pixel  ili9341_stm32_driver.o
    0x08002bec   0x08002bec   0x00000060   Code   RO           17    i.ILI9341_Draw_Rectangle  ili9341_stm32_driver.o
    0x08002c4c   0x08002c4c   0x00000036   Code   RO          426    i.ILI9341_Draw_Text  ili9341_gfx.o
    0x08002c82   0x08002c82   0x00000002   PAD
    0x08002c84   0x08002c84   0x00000010   Code   RO           19    i.ILI9341_Enable    ili9341_stm32_driver.o
    0x08002c94   0x08002c94   0x00000028   Code   RO           20    i.ILI9341_Fill_Screen  ili9341_stm32_driver.o
    0x08002cbc   0x08002cbc   0x00000218   Code   RO           21    i.ILI9341_Init      ili9341_stm32_driver.o
    0x08002ed4   0x08002ed4   0x00000040   Code   RO           22    i.ILI9341_Reset     ili9341_stm32_driver.o
    0x08002f14   0x08002f14   0x00000010   Code   RO           23    i.ILI9341_SPI_Init  ili9341_stm32_driver.o
    0x08002f24   0x08002f24   0x00000014   Code   RO           24    i.ILI9341_SPI_Send  ili9341_stm32_driver.o
    0x08002f38   0x08002f38   0x00000052   Code   RO           25    i.ILI9341_Set_Address  ili9341_stm32_driver.o
    0x08002f8a   0x08002f8a   0x00000002   PAD
    0x08002f8c   0x08002f8c   0x00000060   Code   RO           26    i.ILI9341_Set_Rotation  ili9341_stm32_driver.o
    0x08002fec   0x08002fec   0x0000003c   Code   RO           27    i.ILI9341_Write_Command  ili9341_stm32_driver.o
    0x08003028   0x08003028   0x0000003c   Code   RO           28    i.ILI9341_Write_Data  ili9341_stm32_driver.o
    0x08003064   0x08003064   0x0000010c   Code   RO          705    i.MX_GPIO_Init      main.o
    0x08003170   0x08003170   0x00000050   Code   RO          706    i.MX_I2C1_Init      main.o
    0x080031c0   0x080031c0   0x00000058   Code   RO          707    i.MX_SPI1_Init      main.o
    0x08003218   0x08003218   0x00000058   Code   RO          708    i.MX_SPI2_Init      main.o
    0x08003270   0x08003270   0x0000007c   Code   RO          709    i.MX_TIM2_Init      main.o
    0x080032ec   0x080032ec   0x0000004c   Code   RO          710    i.MX_USART1_UART_Init  main.o
    0x08003338   0x08003338   0x00000002   Code   RO          824    i.MemManage_Handler  stm32f1xx_it.o
    0x0800333a   0x0800333a   0x00000002   Code   RO          825    i.NMI_Handler       stm32f1xx_it.o
    0x0800333c   0x0800333c   0x00000020   Code   RO         3483    i.NVIC_SetPriority  stm32f1xx_hal_cortex.o
    0x0800335c   0x0800335c   0x00000002   Code   RO          826    i.PendSV_Handler    stm32f1xx_it.o
    0x0800335e   0x0800335e   0x00000002   PAD
    0x08003360   0x08003360   0x00000024   Code   RO         3178    i.RCC_Delay         stm32f1xx_hal_rcc.o
    0x08003384   0x08003384   0x00000016   Code   RO          222    i.RTC_ConvertFromBinDec  clock_ds3231.o
    0x0800339a   0x0800339a   0x00000012   Code   RO          223    i.RTC_ConvertFromDec  clock_ds3231.o
    0x080033ac   0x080033ac   0x0000000c   Code   RO          827    i.SPI1_IRQHandler   stm32f1xx_it.o
    0x080033b8   0x080033b8   0x00000024   Code   RO         1488    i.SPI_CheckFlag_BSY  stm32f1xx_hal_spi.o
    0x080033dc   0x080033dc   0x00000010   Code   RO         1492    i.SPI_DMAAbortOnError  stm32f1xx_hal_spi.o
    0x080033ec   0x080033ec   0x00000094   Code   RO         1507    i.SPI_WaitFlagStateUntilTimeout  stm32f1xx_hal_spi.o
    0x08003480   0x08003480   0x00000002   Code   RO          828    i.SVC_Handler       stm32f1xx_it.o
    0x08003482   0x08003482   0x0000000e   Code   RO          829    i.SysTick_Handler   stm32f1xx_it.o
    0x08003490   0x08003490   0x00000088   Code   RO          712    i.SystemClock_Config  main.o
    0x08003518   0x08003518   0x00000048   Code   RO         3920    i.SystemInit        system_stm32f1xx.o
    0x08003560   0x08003560   0x00000060   Code   RO          830    i.TIM2_IRQHandler   stm32f1xx_it.o
    0x080035c0   0x080035c0   0x0000006c   Code   RO         1886    i.TIM_Base_SetConfig  stm32f1xx_hal_tim.o
    0x0800362c   0x0800362c   0x00000014   Code   RO         1893    i.TIM_ETR_SetConfig  stm32f1xx_hal_tim.o
    0x08003640   0x08003640   0x00000010   Code   RO         1894    i.TIM_ITRx_SetConfig  stm32f1xx_hal_tim.o
    0x08003650   0x08003650   0x00000022   Code   RO         1900    i.TIM_TI1_ConfigInputStage  stm32f1xx_hal_tim.o
    0x08003672   0x08003672   0x00000024   Code   RO         1902    i.TIM_TI2_ConfigInputStage  stm32f1xx_hal_tim.o
    0x08003696   0x08003696   0x00000010   Code   RO         2712    i.UART_DMAAbortOnError  stm32f1xx_hal_uart.o
    0x080036a6   0x080036a6   0x0000001c   Code   RO         2722    i.UART_EndRxTransfer  stm32f1xx_hal_uart.o
    0x080036c2   0x080036c2   0x0000001a   Code   RO         2723    i.UART_EndTransmit_IT  stm32f1xx_hal_uart.o
    0x080036dc   0x080036dc   0x0000009c   Code   RO         2725    i.UART_Receive_IT   stm32f1xx_hal_uart.o
    0x08003778   0x08003778   0x0000019c   Code   RO         2726    i.UART_SetConfig    stm32f1xx_hal_uart.o
    0x08003914   0x08003914   0x00000066   Code   RO         2727    i.UART_Transmit_IT  stm32f1xx_hal_uart.o
    0x0800397a   0x0800397a   0x00000064   Code   RO         2728    i.UART_WaitOnFlagUntilTimeout  stm32f1xx_hal_uart.o
    0x080039de   0x080039de   0x00000002   PAD
    0x080039e0   0x080039e0   0x0000000c   Code   RO          831    i.USART1_IRQHandler  stm32f1xx_it.o
    0x080039ec   0x080039ec   0x00000002   Code   RO          832    i.UsageFault_Handler  stm32f1xx_it.o
    0x080039ee   0x080039ee   0x00000002   PAD
    0x080039f0   0x080039f0   0x000000a0   Code   RO          224    i.WRITE_DATA        clock_ds3231.o
    0x08003a90   0x08003a90   0x00000002   Code   RO          713    i._Error_Handler    main.o
    0x08003a92   0x08003a92   0x00000002   PAD
    0x08003a94   0x08003a94   0x00000028   Code   RO         4200    i.__0sprintf        mc_w.l(printfa.o)
    0x08003abc   0x08003abc   0x0000000e   Code   RO         4328    i.__scatterload_copy  mc_w.l(handlers.o)
    0x08003aca   0x08003aca   0x00000002   Code   RO         4329    i.__scatterload_null  mc_w.l(handlers.o)
    0x08003acc   0x08003acc   0x0000000e   Code   RO         4330    i.__scatterload_zeroinit  mc_w.l(handlers.o)
    0x08003ada   0x08003ada   0x00000002   PAD
    0x08003adc   0x08003adc   0x00000184   Code   RO         4205    i._fp_digits        mc_w.l(printfa.o)
    0x08003c60   0x08003c60   0x000006dc   Code   RO         4206    i._printf_core      mc_w.l(printfa.o)
    0x0800433c   0x0800433c   0x00000024   Code   RO         4207    i._printf_post_padding  mc_w.l(printfa.o)
    0x08004360   0x08004360   0x0000002e   Code   RO         4208    i._printf_pre_padding  mc_w.l(printfa.o)
    0x0800438e   0x0800438e   0x0000000a   Code   RO         4210    i._sputc            mc_w.l(printfa.o)
    0x08004398   0x08004398   0x000000b0   Code   RO          488    i.bme280_compensate_H_int32  bme280.o
    0x08004448   0x08004448   0x00000050   Code   RO         4226    i.free              mc_w.l(malloc.o)
    0x08004498   0x08004498   0x00000370   Code   RO          489    i.init_BME280       bme280.o
    0x08004808   0x08004808   0x00000026   Code   RO          225    i.init_LCD_ILI9341  clock_ds3231.o
    0x0800482e   0x0800482e   0x00000002   PAD
    0x08004830   0x08004830   0x000000f0   Code   RO          714    i.main              main.o
    0x08004920   0x08004920   0x0000006c   Code   RO         4227    i.malloc            mc_w.l(malloc.o)
    0x0800498c   0x0800498c   0x0000010c   Code   RO          226    i.print_MEMS_in_LCD  clock_ds3231.o
    0x08004a98   0x08004a98   0x00000028   Code   RO          227    i.print_colon_in_LCD  clock_ds3231.o
    0x08004ac0   0x08004ac0   0x00000074   Code   RO          228    i.print_data_on_LCD  clock_ds3231.o
    0x08004b34   0x08004b34   0x000000c0   Code   RO          229    i.print_dates_in_LCD  clock_ds3231.o
    0x08004bf4   0x08004bf4   0x000000c0   Code   RO          230    i.print_days_in_LCD  clock_ds3231.o
    0x08004cb4   0x08004cb4   0x00000098   Code   RO          231    i.print_hours_in_LCD  clock_ds3231.o
    0x08004d4c   0x08004d4c   0x00000080   Code   RO          232    i.print_minutes_in_LCD  clock_ds3231.o
    0x08004dcc   0x08004dcc   0x00000070   Code   RO          233    i.print_months_in_LCD  clock_ds3231.o
    0x08004e3c   0x08004e3c   0x0000005c   Code   RO          234    i.print_seconds_in_LCD  clock_ds3231.o
    0x08004e98   0x08004e98   0x00000054   Code   RO          235    i.print_year_in_LCD  clock_ds3231.o
    0x08004eec   0x08004eec   0x00000144   Code   RO          490    i.read_data_BME280  bme280.o
    0x08005030   0x08005030   0x000000fc   Code   RO          236    i.read_data_from_DS3231  clock_ds3231.o
    0x0800512c   0x0800512c   0x000001c8   Code   RO          237    i.select_dates      clock_ds3231.o
    0x080052f4   0x080052f4   0x0000025c   Code   RO          238    i.select_days       clock_ds3231.o
    0x08005550   0x08005550   0x000002f0   Code   RO          239    i.select_hours      clock_ds3231.o
    0x08005840   0x08005840   0x00000214   Code   RO          240    i.select_minutes    clock_ds3231.o
    0x08005a54   0x08005a54   0x000001c8   Code   RO          241    i.select_month      clock_ds3231.o
    0x08005c1c   0x08005c1c   0x000001a0   Code   RO          242    i.select_seconds    clock_ds3231.o
    0x08005dbc   0x08005dbc   0x000001c4   Code   RO          243    i.select_year       clock_ds3231.o
    0x08005f80   0x08005f80   0x00000240   Data   RO          427    .constdata          ili9341_gfx.o
    0x080061c0   0x080061c0   0x00000010   Data   RO         3921    .constdata          system_stm32f1xx.o
    0x080061d0   0x080061d0   0x00000008   Data   RO         3922    .constdata          system_stm32f1xx.o
    0x080061d8   0x080061d8   0x00000020   Data   RO         4326    Region$$Table       anon$$obj.o


    Execution Region RW_IRAM1 (Exec base: 0x20000000, Load base: 0x080061f8, Size: 0x000009d8, Max: 0x00005000, ABSOLUTE)

    Exec Addr    Load Addr    Size         Type   Attr      Idx    E Section Name        Object

    0x20000000   0x080061f8   0x00000004   Data   RW           29    .data               ili9341_stm32_driver.o
    0x20000004   0x080061fc   0x0000002f   Data   RW          247    .data               clock_ds3231.o
    0x20000033   0x0800622b   0x00000001   PAD
    0x20000034   0x0800622c   0x00000040   Data   RW          492    .data               bme280.o
    0x20000074   0x0800626c   0x00000002   Data   RW          725    .data               main.o
    0x20000076   0x0800626e   0x00000002   Data   RW          726    .data               main.o
    0x20000078   0x08006270   0x00000004   Data   RW          727    .data               main.o
    0x2000007c   0x08006274   0x00000014   Data   RW          728    .data               main.o
    0x20000090   0x08006288   0x00000004   Data   RW          730    .data               main.o
    0x20000094   0x0800628c   0x00000004   Data   RW          731    .data               main.o
    0x20000098   0x08006290   0x00000001   Data   RW          735    .data               main.o
    0x20000099   0x08006291   0x00000001   Data   RW          736    .data               main.o
    0x2000009a   0x08006292   0x00000001   Data   RW          738    .data               main.o
    0x2000009b   0x08006293   0x00000001   Data   RW          739    .data               main.o
    0x2000009c   0x08006294   0x00000001   Data   RW          740    .data               main.o
    0x2000009d   0x08006295   0x00000001   Data   RW          741    .data               main.o
    0x2000009e   0x08006296   0x00000001   Data   RW          742    .data               main.o
    0x2000009f   0x08006297   0x00000001   Data   RW          743    .data               main.o
    0x200000a0   0x08006298   0x00000001   Data   RW          744    .data               main.o
    0x200000a1   0x08006299   0x00000001   Data   RW          745    .data               main.o
    0x200000a2   0x0800629a   0x00000001   Data   RW          746    .data               main.o
    0x200000a3   0x0800629b   0x00000001   Data   RW          747    .data               main.o
    0x200000a4   0x0800629c   0x00000001   Data   RW          748    .data               main.o
    0x200000a5   0x0800629d   0x00000001   Data   RW          749    .data               main.o
    0x200000a6   0x0800629e   0x00000002   PAD
    0x200000a8   0x080062a0   0x00000004   Data   RW          750    .data               main.o
    0x200000ac   0x080062a4   0x0000000c   Data   RW         3028    .data               stm32f1xx_hal.o
    0x200000b8   0x080062b0   0x00000004   Data   RW         3923    .data               system_stm32f1xx.o
    0x200000bc   0x080062b4   0x00000004   Data   RW         4303    .data               mc_w.l(mvars.o)
    0x200000c0   0x080062b8   0x00000004   Data   RW         4304    .data               mc_w.l(mvars.o)
    0x200000c4        -       0x00000023   Zero   RW          245    .bss                clock_ds3231.o
    0x200000e7        -       0x0000013b   Zero   RW          491    .bss                bme280.o
    0x20000222        -       0x0000000a   Zero   RW          718    .bss                main.o
    0x2000022c        -       0x00000014   Zero   RW          719    .bss                main.o
    0x20000240        -       0x00000014   Zero   RW          720    .bss                main.o
    0x20000254        -       0x00000184   Zero   RW          722    .bss                main.o
    0x200003d8        -       0x00000200   Zero   RW            2    HEAP                startup_stm32f103xb.o
    0x200005d8        -       0x00000400   Zero   RW            1    STACK               startup_stm32f103xb.o


==============================================================================

Image component sizes


      Code (inc. data)   RO Data    RW Data    ZI Data      Debug   Object Name

      1924        264          0         64        315       5975   bme280.o
      5534       1040          0         47         35      15991   clock_ds3231.o
       286          6        576          0          0       3274   ili9341_gfx.o
      1602         90          0          4          0     453411   ili9341_stm32_driver.o
      1102        174          0         54        438       6998   main.o
        36          8        236          0       1536        772   startup_stm32f103xb.o
       168         28          0         12          0       3629   stm32f1xx_hal.o
       232         14          0          0          0      27205   stm32f1xx_hal_cortex.o
       152          4          0          0          0       1011   stm32f1xx_hal_dma.o
       520         32          0          0          0       3347   stm32f1xx_hal_gpio.o
      2466         52          0          0          0      12030   stm32f1xx_hal_i2c.o
       544         62          0          0          0       3368   stm32f1xx_hal_msp.o
      1440        100          0          0          0       6336   stm32f1xx_hal_rcc.o
       794          6          0          0          0       5256   stm32f1xx_hal_spi.o
       132          0          0          0          0       1015   stm32f1xx_hal_spi_ex.o
       940         14          0          0          0       9391   stm32f1xx_hal_tim.o
        84          0          0          0          0       2174   stm32f1xx_hal_tim_ex.o
      1422          8          0          0          0       9159   stm32f1xx_hal_uart.o
       150         40          0          0          0       4790   stm32f1xx_it.o
        72         16         24          4          0       1067   system_stm32f1xx.o

    ----------------------------------------------------------------------
     19624       1958        868        188       2324     576199   Object Totals
         0          0         32          0          0          0   (incl. Generated)
        24          0          0          3          0          0   (incl. Padding)

    ----------------------------------------------------------------------

      Code (inc. data)   RO Data    RW Data    ZI Data      Debug   Library Member Name

         0          0          0          0          0          0   entry.o
         0          0          0          0          0          0   entry10a.o
         0          0          0          0          0          0   entry11a.o
         8          4          0          0          0          0   entry2.o
         4          0          0          0          0          0   entry5.o
         0          0          0          0          0          0   entry7b.o
         0          0          0          0          0          0   entry8b.o
         8          4          0          0          0          0   entry9a.o
        30          0          0          0          0          0   handlers.o
        36          8          0          0          0         68   init.o
         0          0          0          0          0          0   iusefp.o
        98          0          0          0          0         84   ldiv.o
        30          0          0          0          0         68   llshl.o
        36          0          0          0          0         68   llsshr.o
        32          0          0          0          0         68   llushr.o
       188         20          0          0          0        160   malloc.o
        36          0          0          0          0        108   memseta.o
         0          0          0          8          0          0   mvars.o
      2276         86          0          0          0        520   printfa.o
        44          0          0          0          0         80   uidiv.o
        98          0          0          0          0         92   uldiv.o
        48          0          0          0          0         68   cdrcmple.o
       334          0          0          0          0        148   dadd.o
       222          0          0          0          0        100   ddiv.o
       186          0          0          0          0        176   depilogue.o
        50          0          0          0          0         76   dfixui.o
        48          0          0          0          0         68   dfixul.o
        26          0          0          0          0         76   dfltui.o
       228          0          0          0          0         96   dmul.o
       176          0          0          0          0        140   fadd.o
       110          0          0          0          0        168   fepilogue.o
        50          0          0          0          0         68   ffixi.o
        40          0          0          0          0         68   ffixui.o
        18          0          0          0          0         68   fflti.o
       100          0          0          0          0         76   fmul.o
        24          0          0          0          0         68   fscalb.o

    ----------------------------------------------------------------------
      4588        122          0          8          0       2780   Library Totals
         4          0          0          0          0          0   (incl. Padding)

    ----------------------------------------------------------------------

      Code (inc. data)   RO Data    RW Data    ZI Data      Debug   Library Name

      2924        122          0          8          0       1316   mc_w.l
      1660          0          0          0          0       1464   mf_w.l

    ----------------------------------------------------------------------
      4588        122          0          8          0       2780   Library Totals

    ----------------------------------------------------------------------

==============================================================================


      Code (inc. data)   RO Data    RW Data    ZI Data      Debug   

     24212       2080        868        196       2324     570499   Grand Totals
     24212       2080        868        196       2324     570499   ELF Image Totals
     24212       2080        868        196          0          0   ROM Totals

==============================================================================

    Total RO  Size (Code + RO Data)                25080 (  24.49kB)
    Total RW  Size (RW Data + ZI Data)              2520 (   2.46kB)
    Total ROM Size (Code + RO Data + RW Data)      25276 (  24.68kB)

==============================================================================

